MPLINK 4.44, Linker
Linker Map File - Created Fri Nov 23 16:15:51 2012

                                 Section Info
                  Section       Type    Address   Location Size(Bytes)
                ---------  ---------  ---------  ---------  ---------
               _entry_scn       code   0x000000    program   0x000006
               highVector       code   0x000008    program   0x000006
               lowhVector       code   0x000018    program   0x000006
                   .cinit    romdata   0x000032    program   0x000032
             .code_zNWK.o       code   0x000064    program   0x004724
             .code_zZDO.o       code   0x004788    program   0x002bb4
             .code_zAPS.o       code   0x00733c    program   0x00252e
    .code_zMAC_MRF24J40.o       code   0x00986a    program   0x001d92
         .code_vfprintf.o       code   0x00b5fc    program   0x000c22
    .code_zPHY_MRF24J40.o       code   0x00c21e    program   0x000b94
           .code_Router.o       code   0x00cdb2    program   0x00056a
      .code_ZigbeeTasks.o       code   0x00d31c    program   0x0003ea
             .code_zNVM.o       code   0x00d706    program   0x0003c4
          .romdata_zNVM.o    romdata   0x00daca    program   0x000344
                     PROG       code   0x00de0e    program   0x000326
            .code_SHT1x.o       code   0x00e134    program   0x0002e4
          .code_sralloc.o       code   0x00e418    program   0x0002ac
                   STRING       code   0x00e6c4    program   0x000192
          .code_Console.o       code   0x00e856    program   0x0000bc
       .code_SymbolTime.o       code   0x00e912    program   0x0000aa
      .romdata_myZigBee.o    romdata   0x00e9bc    program   0x0000a6
               _cinit_scn       code   0x00ea62    program   0x00009e
           .code_printf.o       code   0x00eb00    program   0x000098
             .code_MSPI.o       code   0x00eb98    program   0x00008e
             .code_putc.o       code   0x00ec26    program   0x000084
          .code_fxm3232.o       code   0x00ecaa    program   0x000070
         .code_fxd3232u.o       code   0x00ed1a    program   0x000048
            .code_delay.o       code   0x00ed62    program   0x00003e
 .romdata_zMAC_MRF24J40.o    romdata   0x00eda0    program   0x00003c
                    CTYPE       code   0x00eddc    program   0x000024
                    .code       code   0x00ee00    program   0x000020
             _startup_scn       code   0x00ee20    program   0x00001c
                    STDIO       code   0x00ee3c    program   0x00001c
      .romdata_vfprintf.o    romdata   0x00ee58    program   0x000011
       .romdata_Console.o    romdata   0x00ee69    program   0x000010
             .stringtable    romdata   0x00ee79    program   0x00000f
       .code__user_putc.o       code   0x00ee88    program   0x000002
           .code___init.o       code   0x00ee8a    program   0x000002
        .romdata_printf.o    romdata   0x00ee8c    program   0x000000
         .romdata_c018i.o    romdata   0x00ee8c    program   0x000000
          .idata_zZDO.o_i    romdata   0x00ee8c    program   0x000000
          .romdata_zZDO.o    romdata   0x00ee8c    program   0x000000
         .romdata_SHT1x.o    romdata   0x00ee8c    program   0x000000
        .romdata___init.o    romdata   0x00ee8c    program   0x000000
         .romdata_delay.o    romdata   0x00ee8c    program   0x000000
       .romdata_fxm3232.o    romdata   0x00ee8c    program   0x000000
        .romdata_stdout.o    romdata   0x00ee8c    program   0x000000
        .romdata_Router.o    romdata   0x00ee8c    program   0x000000
    .romdata__user_putc.o    romdata   0x00ee8c    program   0x000000
       .romdata_sralloc.o    romdata   0x00ee8c    program   0x000000
          .romdata_MSPI.o    romdata   0x00ee8c    program   0x000000
    .romdata_SymbolTime.o    romdata   0x00ee8c    program   0x000000
          .romdata_zAPS.o    romdata   0x00ee8c    program   0x000000
   .romdata_ZigbeeTasks.o    romdata   0x00ee8c    program   0x000000
          .romdata_putc.o    romdata   0x00ee8c    program   0x000000
          .idata_zNWK.o_i    romdata   0x00ee8c    program   0x000002
          .romdata_zNWK.o    romdata   0x00ee8c    program   0x000000
 .idata_zPHY_MRF24J40.o_i    romdata   0x00ee8c    program   0x000000
 .romdata_zPHY_MRF24J40.o    romdata   0x00ee8c    program   0x000000
      .romdata_fxd3232u.o    romdata   0x00ee8c    program   0x000000
          .idata_zNVM.o_i    romdata   0x00ee8e    program   0x000000
 .idata_zMAC_MRF24J40.o_i    romdata   0x00ee8e    program   0x000000
          .idata_zAPS.o_i    romdata   0x00ee8e    program   0x000002
      .idata_vfprintf.o_i    romdata   0x00ee90    program   0x000000
        .idata_stdout.o_i    romdata   0x00ee90    program   0x000002
          .idata_putc.o_i    romdata   0x00ee92    program   0x000000
      .idata_fxd3232u.o_i    romdata   0x00ee92    program   0x000000
    .idata__user_putc.o_i    romdata   0x00ee92    program   0x000000
         .idata_c018i.o_i    romdata   0x00ee92    program   0x000000
      .idata_myZigBee.o_i    romdata   0x00ee92    program   0x000000
       .idata_sralloc.o_i    romdata   0x00ee92    program   0x000000
    .idata_SymbolTime.o_i    romdata   0x00ee92    program   0x000000
   .idata_ZigbeeTasks.o_i    romdata   0x00ee92    program   0x000000
         .idata_SHT1x.o_i    romdata   0x00ee92    program   0x000000
         .idata_delay.o_i    romdata   0x00ee92    program   0x000000
       .idata_fxm3232.o_i    romdata   0x00ee92    program   0x000000
        .idata___init.o_i    romdata   0x00ee92    program   0x000000
        .idata_Router.o_i    romdata   0x00ee92    program   0x000002
        .idata_printf.o_i    romdata   0x00ee92    program   0x000000
           .code_stdout.o       code   0x00ee94    program   0x000000
            .code_c018i.o       code   0x00ee94    program   0x000000
       .idata_Console.o_i    romdata   0x00ee94    program   0x000000
          .idata_MSPI.o_i    romdata   0x00ee94    program   0x000000
         .code_myZigBee.o       code   0x00ee94    program   0x000000
                 CONFIG1H    romdata   0x300001    program   0x000001
                 CONFIG2L    romdata   0x300002    program   0x000001
                 CONFIG2H    romdata   0x300003    program   0x000001
                 CONFIG3H    romdata   0x300005    program   0x000001
                 CONFIG4L    romdata   0x300006    program   0x000001
                MATH_DATA      udata   0x000000       data   0x000014
                 .tmpdata      udata   0x000014       data   0x000010
              HighISR_tmp      udata   0x000024       data   0x000004
                    gpr11      udata   0x000060       data   0x000030
           .udata_c018i.o      udata   0x000090       data   0x00000a
          .udata_Router.o      udata   0x00009a       data   0x000009
          .idata_stdout.o      idata   0x0000a3       data   0x000002
          .idata_Router.o      idata   0x0000a5       data   0x000002
            MultiBankHeap      udata   0x000100       data   0x000600
                   .stack      udata   0x000700       data   0x000100
                RX_BUFFER      udata   0x000800       data   0x000100
            .udata_zNWK.o      udata   0x000900       data   0x0000fc
            .idata_zNWK.o      idata   0x0009fc       data   0x000002
            .idata_zAPS.o      idata   0x0009fe       data   0x000002
     .udata_ZigbeeTasks.o      udata   0x000a00       data   0x0000aa
   .udata_zMAC_MRF24J40.o      udata   0x000aaa       data   0x000053
      .udata_SymbolTime.o      udata   0x000afd       data   0x000002
           .udata_delay.o      udata   0x000aff       data   0x000000
           .idata_delay.o      idata   0x000aff       data   0x000000
         .udata_fxm3232.o      udata   0x000aff       data   0x000000
         .idata_fxm3232.o      idata   0x000aff       data   0x000000
          .udata___init.o      udata   0x000aff       data   0x000000
          .idata___init.o      idata   0x000aff       data   0x000000
          .udata_printf.o      udata   0x000aff       data   0x000000
          .idata_printf.o      idata   0x000aff       data   0x000000
          .udata_stdout.o      udata   0x000aff       data   0x000000
         .udata_Console.o      udata   0x000aff       data   0x000000
        .udata_vfprintf.o      udata   0x000aff       data   0x000000
        .idata_vfprintf.o      idata   0x000aff       data   0x000000
        .udata_fxd3232u.o      udata   0x000aff       data   0x000000
        .idata_fxd3232u.o      idata   0x000aff       data   0x000000
            .udata_putc.o      udata   0x000aff       data   0x000000
            .idata_putc.o      idata   0x000aff       data   0x000000
      .udata__user_putc.o      udata   0x000aff       data   0x000000
      .idata__user_putc.o      idata   0x000aff       data   0x000000
           .idata_c018i.o      idata   0x000aff       data   0x000000
        .udata_myZigBee.o      udata   0x000aff       data   0x000000
        .idata_myZigBee.o      idata   0x000aff       data   0x000000
         .udata_sralloc.o      udata   0x000aff       data   0x000000
         .idata_sralloc.o      idata   0x000aff       data   0x000000
            .idata_MSPI.o      idata   0x000aff       data   0x000000
      .idata_SymbolTime.o      idata   0x000aff       data   0x000000
     .idata_ZigbeeTasks.o      idata   0x000aff       data   0x000000
   .idata_zMAC_MRF24J40.o      idata   0x000aff       data   0x000000
            .udata_MSPI.o      udata   0x000aff       data   0x000000
            .idata_zNVM.o      idata   0x000aff       data   0x000000
   .idata_zPHY_MRF24J40.o      idata   0x000aff       data   0x000000
         .idata_Console.o      idata   0x000aff       data   0x000000
            .idata_zZDO.o      idata   0x000aff       data   0x000000
           .udata_SHT1x.o      udata   0x000aff       data   0x000000
           .idata_SHT1x.o      idata   0x000aff       data   0x000000
                DUP_TABLE      udata   0x000c00       data   0x000078
            .udata_zZDO.o      udata   0x000c78       data   0x00003f
            .udata_zNVM.o      udata   0x000cb7       data   0x00003c
   .udata_zPHY_MRF24J40.o      udata   0x000cf3       data   0x00000c
            .udata_zAPS.o      udata   0x000f00       data   0x00005e
              temp_tblptr      udata   0x000f5e       data   0x000002
            SFR_UNBANKED0      udata   0x000f77       data   0x000089



                              Program Memory Usage 
                               Start         End      
                           ---------   ---------      
                            0x000000    0x000005      
                            0x000008    0x00000d      
                            0x000018    0x00001d      
                            0x000032    0x00ee93      
                            0x300001    0x300003      
                            0x300005    0x300006      
            61049 out of 66584 program addresses used, program memory utilization is 91%



                              Symbols - Sorted by Name
                     Name    Address   Location    Storage File                     
                ---------  ---------  ---------  --------- ---------                
        APSAddBindingInfo   0x008492    program     extern C:\Users\NguyenTienDat\Desktop\ActorHome\PIC18_Zigbee_v2\PIC18_Zigbee_R&D_by_Lab411\microchip\ZigBeeStack\zAPS.c
  APSClearAPSAddressTable   0x008790    program     extern C:\Users\NguyenTienDat\Desktop\ActorHome\PIC18_Zigbee_v2\PIC18_Zigbee_R&D_by_Lab411\microchip\ZigBeeStack\zAPS.c
       APSFromLongToShort   0x008d5e    program     extern C:\Users\NguyenTienDat\Desktop\ActorHome\PIC18_Zigbee_v2\PIC18_Zigbee_R&D_by_Lab411\microchip\ZigBeeStack\zAPS.c
       APSFromShortToLong   0x008d04    program     extern C:\Users\NguyenTienDat\Desktop\ActorHome\PIC18_Zigbee_v2\PIC18_Zigbee_R&D_by_Lab411\microchip\ZigBeeStack\zAPS.c
                   APSGet   0x0087d2    program     extern C:\Users\NguyenTienDat\Desktop\ActorHome\PIC18_Zigbee_v2\PIC18_Zigbee_R&D_by_Lab411\microchip\ZigBeeStack\zAPS.c
    APSHasBackgroundTasks   0x00733c    program     extern C:\Users\NguyenTienDat\Desktop\ActorHome\PIC18_Zigbee_v2\PIC18_Zigbee_R&D_by_Lab411\microchip\ZigBeeStack\zAPS.c
                  APSInit   0x007348    program     extern C:\Users\NguyenTienDat\Desktop\ActorHome\PIC18_Zigbee_v2\PIC18_Zigbee_R&D_by_Lab411\microchip\ZigBeeStack\zAPS.c
     APSRemoveBindingInfo   0x0087ee    program     extern C:\Users\NguyenTienDat\Desktop\ActorHome\PIC18_Zigbee_v2\PIC18_Zigbee_R&D_by_Lab411\microchip\ZigBeeStack\zAPS.c
        APSSaveAPSAddress   0x0089b2    program     extern C:\Users\NguyenTienDat\Desktop\ActorHome\PIC18_Zigbee_v2\PIC18_Zigbee_R&D_by_Lab411\microchip\ZigBeeStack\zAPS.c
                 APSTasks   0x0074b0    program     extern C:\Users\NguyenTienDat\Desktop\ActorHome\PIC18_Zigbee_v2\PIC18_Zigbee_R&D_by_Lab411\microchip\ZigBeeStack\zAPS.c
             AddChildNode   0x002a30    program     extern C:\Users\NguyenTienDat\Desktop\ActorHome\PIC18_Zigbee_v2\PIC18_Zigbee_R&D_by_Lab411\microchip\ZigBeeStack\zNWK.c
                 AddGroup   0x008e8a    program     extern C:\Users\NguyenTienDat\Desktop\ActorHome\PIC18_Zigbee_v2\PIC18_Zigbee_R&D_by_Lab411\microchip\ZigBeeStack\zAPS.c
          CanAddChildNode   0x002af2    program     extern C:\Users\NguyenTienDat\Desktop\ActorHome\PIC18_Zigbee_v2\PIC18_Zigbee_R&D_by_Lab411\microchip\ZigBeeStack\zNWK.c
       CanAddNeighborNode   0x002b64    program     extern C:\Users\NguyenTienDat\Desktop\ActorHome\PIC18_Zigbee_v2\PIC18_Zigbee_R&D_by_Lab411\microchip\ZigBeeStack\zNWK.c
           CharacterArray   0x00ee69    program     extern C:\Users\NguyenTienDat\Desktop\ActorHome\PIC18_Zigbee_v2\PIC18_Zigbee_R&D_by_Lab411\microchip\Common\Console.c
                 ClearNVM   0x00d9f2    program     extern C:\Users\NguyenTienDat\Desktop\ActorHome\PIC18_Zigbee_v2\PIC18_Zigbee_R&D_by_Lab411\microchip\ZigBeeStack\zNVM.c
Config_NWK_Mode_and_Params   0x00ea58    program     extern C:\Users\NguyenTienDat\Desktop\ActorHome\PIC18_Zigbee_v2\PIC18_Zigbee_R&D_by_Lab411\DemoPIC18Router\myZigBee.c
   Config_Node_Descriptor   0x00e9bc    program     extern C:\Users\NguyenTienDat\Desktop\ActorHome\PIC18_Zigbee_v2\PIC18_Zigbee_R&D_by_Lab411\DemoPIC18Router\myZigBee.c
  Config_Power_Descriptor   0x00e9c6    program     extern C:\Users\NguyenTienDat\Desktop\ActorHome\PIC18_Zigbee_v2\PIC18_Zigbee_R&D_by_Lab411\DemoPIC18Router\myZigBee.c
Config_Simple_Descriptors   0x00e9c8    program     extern C:\Users\NguyenTienDat\Desktop\ActorHome\PIC18_Zigbee_v2\PIC18_Zigbee_R&D_by_Lab411\DemoPIC18Router\myZigBee.c
              ConsoleInit   0x00e856    program     extern C:\Users\NguyenTienDat\Desktop\ActorHome\PIC18_Zigbee_v2\PIC18_Zigbee_R&D_by_Lab411\microchip\Common\Console.c
               ConsolePut   0x00e868    program     extern C:\Users\NguyenTienDat\Desktop\ActorHome\PIC18_Zigbee_v2\PIC18_Zigbee_R&D_by_Lab411\microchip\Common\Console.c
      ConsolePutROMString   0x00e876    program     extern C:\Users\NguyenTienDat\Desktop\ActorHome\PIC18_Zigbee_v2\PIC18_Zigbee_R&D_by_Lab411\microchip\Common\Console.c
             CreateNewBTR   0x002b94    program     extern C:\Users\NguyenTienDat\Desktop\ActorHome\PIC18_Zigbee_v2\PIC18_Zigbee_R&D_by_Lab411\microchip\ZigBeeStack\zNWK.c
         CreateRouteReply   0x002c48    program     extern C:\Users\NguyenTienDat\Desktop\ActorHome\PIC18_Zigbee_v2\PIC18_Zigbee_R&D_by_Lab411\microchip\ZigBeeStack\zNWK.c
CreateRoutingTableEntries   0x002cf0    program     extern C:\Users\NguyenTienDat\Desktop\ActorHome\PIC18_Zigbee_v2\PIC18_Zigbee_R&D_by_Lab411\microchip\ZigBeeStack\zNWK.c
                  DelayMs   0x00ed62    program     extern C:\Users\NguyenTienDat\Desktop\ActorHome\PIC18_Zigbee_v2\PIC18_Zigbee_R&D_by_Lab411\Microchip\Common\delay.c
      DoneReceivingPacket   0x00ccde    program     static                          
          DuplicatePacket   0x008d8a    program     extern C:\Users\NguyenTienDat\Desktop\ActorHome\PIC18_Zigbee_v2\PIC18_Zigbee_R&D_by_Lab411\microchip\ZigBeeStack\zAPS.c
                 FLO3232S   0x00de12    program     extern D:\3.43\pic18-lt\cxx-framework\src\traditional\math\cast32FP.asm
                 FLO3232U   0x00de0e    program     extern D:\3.43\pic18-lt\cxx-framework\src\traditional\math\cast32FP.asm
                 FXD3232U   0x00ed1a    program     extern D:\3.43\pic18-lt\cxx-framework\src\traditional\math\fxd3232u.c
                 FXM1616S   0x00e0da    program     extern D:\3.43\pic18-lt\cxx-framework\src\traditional\math\fxm1616s.asm
                 FXM1616U   0x00de44    program     extern D:\3.43\pic18-lt\cxx-framework\src\traditional\math\fxm1616u.asm
                 FXM2424U   0x00de80    program     extern D:\3.43\pic18-lt\cxx-framework\src\traditional\math\fxm2424u.asm
                  FXM3232   0x00ecaa    program     extern D:\3.43\pic18-lt\cxx-framework\src\traditional\math\fxm3232.c
   FinishAddressResponses   0x005b2c    program     extern C:\Users\NguyenTienDat\Desktop\ActorHome\PIC18_Zigbee_v2\PIC18_Zigbee_R&D_by_Lab411\microchip\ZigBeeStack\zZDO.c
              GetCSkipVal   0x002dee    program     extern C:\Users\NguyenTienDat\Desktop\ActorHome\PIC18_Zigbee_v2\PIC18_Zigbee_R&D_by_Lab411\microchip\ZigBeeStack\zNWK.c
            GetEmptyGroup   0x008e5e    program     extern C:\Users\NguyenTienDat\Desktop\ActorHome\PIC18_Zigbee_v2\PIC18_Zigbee_R&D_by_Lab411\microchip\ZigBeeStack\zAPS.c
    GetEndPointsFromGroup   0x008e28    program     extern C:\Users\NguyenTienDat\Desktop\ActorHome\PIC18_Zigbee_v2\PIC18_Zigbee_R&D_by_Lab411\microchip\ZigBeeStack\zAPS.c
               GetNextHop   0x002e4e    program     extern C:\Users\NguyenTienDat\Desktop\ActorHome\PIC18_Zigbee_v2\PIC18_Zigbee_R&D_by_Lab411\microchip\ZigBeeStack\zNWK.c
GetOneEndDeviceBindRequest   0x005caa    program     extern C:\Users\NguyenTienDat\Desktop\ActorHome\PIC18_Zigbee_v2\PIC18_Zigbee_R&D_by_Lab411\microchip\ZigBeeStack\zZDO.c
        GetRoutingAddress   0x002ec2    program     extern C:\Users\NguyenTienDat\Desktop\ActorHome\PIC18_Zigbee_v2\PIC18_Zigbee_R&D_by_Lab411\microchip\ZigBeeStack\zNWK.c
             HardwareInit   0x00d156    program     extern C:\Users\NguyenTienDat\Desktop\ActorHome\PIC18_Zigbee_v2\PIC18_Zigbee_R&D_by_Lab411\DemoPIC18Router\Router.c
      HaveRoutingCapacity   0x002f7e    program     extern C:\Users\NguyenTienDat\Desktop\ActorHome\PIC18_Zigbee_v2\PIC18_Zigbee_R&D_by_Lab411\microchip\ZigBeeStack\zNWK.c
                  HighISR   0x00c97c    program     extern C:\Users\NguyenTienDat\Desktop\ActorHome\PIC18_Zigbee_v2\PIC18_Zigbee_R&D_by_Lab411\microchip\ZigBeeStack\zPHY_MRF24J40.c
               HighVector   0x000008    program     extern C:\Users\NguyenTienDat\Desktop\ActorHome\PIC18_Zigbee_v2\PIC18_Zigbee_R&D_by_Lab411\microchip\ZigBeeStack\zPHY_MRF24J40.c
          InitSymbolTimer   0x00e912    program     extern C:\Users\NguyenTienDat\Desktop\ActorHome\PIC18_Zigbee_v2\PIC18_Zigbee_R&D_by_Lab411\microchip\ZigBeeStack\SymbolTime.c
   InitiateRouteDiscovery   0x00304c    program     extern C:\Users\NguyenTienDat\Desktop\ActorHome\PIC18_Zigbee_v2\PIC18_Zigbee_R&D_by_Lab411\microchip\ZigBeeStack\zNWK.c
             IsDescendant   0x003456    program     extern C:\Users\NguyenTienDat\Desktop\ActorHome\PIC18_Zigbee_v2\PIC18_Zigbee_R&D_by_Lab411\microchip\ZigBeeStack\zNWK.c
        IsThisMyShortAddr   0x005c46    program     extern C:\Users\NguyenTienDat\Desktop\ActorHome\PIC18_Zigbee_v2\PIC18_Zigbee_R&D_by_Lab411\microchip\ZigBeeStack\zZDO.c
         LookupAPSAddress   0x00895e    program     extern C:\Users\NguyenTienDat\Desktop\ActorHome\PIC18_Zigbee_v2\PIC18_Zigbee_R&D_by_Lab411\microchip\ZigBeeStack\zAPS.c
     LookupAPSLongAddress   0x008a3a    program     extern C:\Users\NguyenTienDat\Desktop\ActorHome\PIC18_Zigbee_v2\PIC18_Zigbee_R&D_by_Lab411\microchip\ZigBeeStack\zAPS.c
  LookupSourceBindingInfo   0x008a7c    program     extern C:\Users\NguyenTienDat\Desktop\ActorHome\PIC18_Zigbee_v2\PIC18_Zigbee_R&D_by_Lab411\microchip\ZigBeeStack\zAPS.c
                LowVector   0x000018    program     extern C:\Users\NguyenTienDat\Desktop\ActorHome\PIC18_Zigbee_v2\PIC18_Zigbee_R&D_by_Lab411\microchip\ZigBeeStack\zPHY_MRF24J40.c
               MACDisable   0x0098a4    program     extern C:\Users\NguyenTienDat\Desktop\ActorHome\PIC18_Zigbee_v2\PIC18_Zigbee_R&D_by_Lab411\microchip\ZigBeeStack\zMAC_MRF24J40.c
             MACDiscardRx   0x00988c    program     extern C:\Users\NguyenTienDat\Desktop\ActorHome\PIC18_Zigbee_v2\PIC18_Zigbee_R&D_by_Lab411\microchip\ZigBeeStack\zMAC_MRF24J40.c
                MACEnable   0x0098b0    program     extern C:\Users\NguyenTienDat\Desktop\ActorHome\PIC18_Zigbee_v2\PIC18_Zigbee_R&D_by_Lab411\microchip\ZigBeeStack\zMAC_MRF24J40.c
                   MACGet   0x009876    program     extern C:\Users\NguyenTienDat\Desktop\ActorHome\PIC18_Zigbee_v2\PIC18_Zigbee_R&D_by_Lab411\microchip\ZigBeeStack\zMAC_MRF24J40.c
    MACHasBackgroundTasks   0x00986a    program     extern C:\Users\NguyenTienDat\Desktop\ActorHome\PIC18_Zigbee_v2\PIC18_Zigbee_R&D_by_Lab411\microchip\ZigBeeStack\zMAC_MRF24J40.c
                  MACInit   0x009930    program     extern C:\Users\NguyenTienDat\Desktop\ActorHome\PIC18_Zigbee_v2\PIC18_Zigbee_R&D_by_Lab411\microchip\ZigBeeStack\zMAC_MRF24J40.c
                 MACTasks   0x009970    program     extern C:\Users\NguyenTienDat\Desktop\ActorHome\PIC18_Zigbee_v2\PIC18_Zigbee_R&D_by_Lab411\microchip\ZigBeeStack\zMAC_MRF24J40.c
     MLME_SET_macPANId_hw   0x00afc8    program     extern C:\Users\NguyenTienDat\Desktop\ActorHome\PIC18_Zigbee_v2\PIC18_Zigbee_R&D_by_Lab411\microchip\ZigBeeStack\zMAC_MRF24J40.c
MLME_SET_macShortAddress_hw   0x00afd8    program     extern C:\Users\NguyenTienDat\Desktop\ActorHome\PIC18_Zigbee_v2\PIC18_Zigbee_R&D_by_Lab411\microchip\ZigBeeStack\zMAC_MRF24J40.c
            MRF24J40Sleep   0x00c552    program     extern C:\Users\NguyenTienDat\Desktop\ActorHome\PIC18_Zigbee_v2\PIC18_Zigbee_R&D_by_Lab411\microchip\ZigBeeStack\zPHY_MRF24J40.c
             MRF24J40Wake   0x00c590    program     extern C:\Users\NguyenTienDat\Desktop\ActorHome\PIC18_Zigbee_v2\PIC18_Zigbee_R&D_by_Lab411\microchip\ZigBeeStack\zPHY_MRF24J40.c
MarkNeighborAsPasssiveACKed   0x0034e0    program     extern C:\Users\NguyenTienDat\Desktop\ActorHome\PIC18_Zigbee_v2\PIC18_Zigbee_R&D_by_Lab411\microchip\ZigBeeStack\zNWK.c
         NLME_GET_nwkBCSN   0x00352a    program     extern C:\Users\NguyenTienDat\Desktop\ActorHome\PIC18_Zigbee_v2\PIC18_Zigbee_R&D_by_Lab411\microchip\ZigBeeStack\zNWK.c
                  NVMInit   0x00d706    program     extern C:\Users\NguyenTienDat\Desktop\ActorHome\PIC18_Zigbee_v2\PIC18_Zigbee_R&D_by_Lab411\microchip\ZigBeeStack\zNVM.c
                 NVMWrite   0x00d708    program     extern C:\Users\NguyenTienDat\Desktop\ActorHome\PIC18_Zigbee_v2\PIC18_Zigbee_R&D_by_Lab411\microchip\ZigBeeStack\zNVM.c
    NWKClearNeighborTable   0x003538    program     extern C:\Users\NguyenTienDat\Desktop\ActorHome\PIC18_Zigbee_v2\PIC18_Zigbee_R&D_by_Lab411\microchip\ZigBeeStack\zNWK.c
     NWKClearRoutingTable   0x003588    program     extern C:\Users\NguyenTienDat\Desktop\ActorHome\PIC18_Zigbee_v2\PIC18_Zigbee_R&D_by_Lab411\microchip\ZigBeeStack\zNWK.c
                   NWKGet   0x0035bc    program     extern C:\Users\NguyenTienDat\Desktop\ActorHome\PIC18_Zigbee_v2\PIC18_Zigbee_R&D_by_Lab411\microchip\ZigBeeStack\zNWK.c
    NWKHasBackgroundTasks   0x000064    program     extern C:\Users\NguyenTienDat\Desktop\ActorHome\PIC18_Zigbee_v2\PIC18_Zigbee_R&D_by_Lab411\microchip\ZigBeeStack\zNWK.c
                  NWKInit   0x00007e    program     extern C:\Users\NguyenTienDat\Desktop\ActorHome\PIC18_Zigbee_v2\PIC18_Zigbee_R&D_by_Lab411\microchip\ZigBeeStack\zNWK.c
  NWKLookupNodeByLongAddr   0x0035d4    program     extern C:\Users\NguyenTienDat\Desktop\ActorHome\PIC18_Zigbee_v2\PIC18_Zigbee_R&D_by_Lab411\microchip\ZigBeeStack\zNWK.c
NWKLookupNodeByShortAddrVal   0x00360e    program     extern C:\Users\NguyenTienDat\Desktop\ActorHome\PIC18_Zigbee_v2\PIC18_Zigbee_R&D_by_Lab411\microchip\ZigBeeStack\zNWK.c
NWKLookupNodeByShortAddrValAndPANID   0x003646    program     extern C:\Users\NguyenTienDat\Desktop\ActorHome\PIC18_Zigbee_v2\PIC18_Zigbee_R&D_by_Lab411\microchip\ZigBeeStack\zNWK.c
                 NWKTasks   0x00010a    program     extern C:\Users\NguyenTienDat\Desktop\ActorHome\PIC18_Zigbee_v2\PIC18_Zigbee_R&D_by_Lab411\microchip\ZigBeeStack\zNWK.c
   NWKThisIsMyLongAddress   0x003696    program     extern C:\Users\NguyenTienDat\Desktop\ActorHome\PIC18_Zigbee_v2\PIC18_Zigbee_R&D_by_Lab411\microchip\ZigBeeStack\zNWK.c
     NWKTidyNeighborTable   0x0036e0    program     extern C:\Users\NguyenTienDat\Desktop\ActorHome\PIC18_Zigbee_v2\PIC18_Zigbee_R&D_by_Lab411\microchip\ZigBeeStack\zNWK.c
                   PHYGet   0x00c21e    program     extern C:\Users\NguyenTienDat\Desktop\ActorHome\PIC18_Zigbee_v2\PIC18_Zigbee_R&D_by_Lab411\microchip\ZigBeeStack\zPHY_MRF24J40.c
        PHYGetLongRAMAddr   0x00c8cc    program     extern C:\Users\NguyenTienDat\Desktop\ActorHome\PIC18_Zigbee_v2\PIC18_Zigbee_R&D_by_Lab411\microchip\ZigBeeStack\zPHY_MRF24J40.c
       PHYGetShortRAMAddr   0x00c86a    program     extern C:\Users\NguyenTienDat\Desktop\ActorHome\PIC18_Zigbee_v2\PIC18_Zigbee_R&D_by_Lab411\microchip\ZigBeeStack\zPHY_MRF24J40.c
    PHYHasBackgroundTasks   0x00c23c    program     extern C:\Users\NguyenTienDat\Desktop\ActorHome\PIC18_Zigbee_v2\PIC18_Zigbee_R&D_by_Lab411\microchip\ZigBeeStack\zPHY_MRF24J40.c
                  PHYInit   0x00c242    program     extern C:\Users\NguyenTienDat\Desktop\ActorHome\PIC18_Zigbee_v2\PIC18_Zigbee_R&D_by_Lab411\microchip\ZigBeeStack\zPHY_MRF24J40.c
        PHYSetLongRAMAddr   0x00c76c    program     extern C:\Users\NguyenTienDat\Desktop\ActorHome\PIC18_Zigbee_v2\PIC18_Zigbee_R&D_by_Lab411\microchip\ZigBeeStack\zPHY_MRF24J40.c
        PHYSetOutputPower   0x00c96e    program     extern C:\Users\NguyenTienDat\Desktop\ActorHome\PIC18_Zigbee_v2\PIC18_Zigbee_R&D_by_Lab411\microchip\ZigBeeStack\zPHY_MRF24J40.c
       PHYSetShortRAMAddr   0x00c808    program     extern C:\Users\NguyenTienDat\Desktop\ActorHome\PIC18_Zigbee_v2\PIC18_Zigbee_R&D_by_Lab411\microchip\ZigBeeStack\zPHY_MRF24J40.c
                 PHYTasks   0x00c684    program     extern C:\Users\NguyenTienDat\Desktop\ActorHome\PIC18_Zigbee_v2\PIC18_Zigbee_R&D_by_Lab411\microchip\ZigBeeStack\zPHY_MRF24J40.c
   PrepareMessageResponse   0x006138    program     extern C:\Users\NguyenTienDat\Desktop\ActorHome\PIC18_Zigbee_v2\PIC18_Zigbee_R&D_by_Lab411\microchip\ZigBeeStack\zZDO.c
Prepare_MCPS_DATA_request   0x003730    program     extern C:\Users\NguyenTienDat\Desktop\ActorHome\PIC18_Zigbee_v2\PIC18_Zigbee_R&D_by_Lab411\microchip\ZigBeeStack\zNWK.c
                PrintChar   0x00e8a8    program     extern C:\Users\NguyenTienDat\Desktop\ActorHome\PIC18_Zigbee_v2\PIC18_Zigbee_R&D_by_Lab411\microchip\Common\Console.c
     ProcessBindAndUnbind   0x0064a6    program     extern C:\Users\NguyenTienDat\Desktop\ActorHome\PIC18_Zigbee_v2\PIC18_Zigbee_R&D_by_Lab411\microchip\ZigBeeStack\zZDO.c
     ProcessEndDeviceBind   0x005e9c    program     extern C:\Users\NguyenTienDat\Desktop\ActorHome\PIC18_Zigbee_v2\PIC18_Zigbee_R&D_by_Lab411\microchip\ZigBeeStack\zZDO.c
    ProcessNONZigBeeTasks   0x00d140    program     extern C:\Users\NguyenTienDat\Desktop\ActorHome\PIC18_Zigbee_v2\PIC18_Zigbee_R&D_by_Lab411\DemoPIC18Router\Router.c
  ProcessZigBeePrimitives   0x00ce46    program     extern C:\Users\NguyenTienDat\Desktop\ActorHome\PIC18_Zigbee_v2\PIC18_Zigbee_R&D_by_Lab411\DemoPIC18Router\Router.c
        RemoveAllBindings   0x008b02    program     extern C:\Users\NguyenTienDat\Desktop\ActorHome\PIC18_Zigbee_v2\PIC18_Zigbee_R&D_by_Lab411\microchip\ZigBeeStack\zAPS.c
          RemoveAllGroups   0x008ff6    program     extern C:\Users\NguyenTienDat\Desktop\ActorHome\PIC18_Zigbee_v2\PIC18_Zigbee_R&D_by_Lab411\microchip\ZigBeeStack\zAPS.c
              RemoveGroup   0x008f24    program     extern C:\Users\NguyenTienDat\Desktop\ActorHome\PIC18_Zigbee_v2\PIC18_Zigbee_R&D_by_Lab411\microchip\ZigBeeStack\zAPS.c
 RemoveNeighborTableEntry   0x0037a0    program     extern C:\Users\NguyenTienDat\Desktop\ActorHome\PIC18_Zigbee_v2\PIC18_Zigbee_R&D_by_Lab411\microchip\ZigBeeStack\zNWK.c
           RouteAlongTree   0x0037ec    program     extern C:\Users\NguyenTienDat\Desktop\ActorHome\PIC18_Zigbee_v2\PIC18_Zigbee_R&D_by_Lab411\microchip\ZigBeeStack\zNWK.c
                   SPIGet   0x00ebae    program     extern C:\Users\NguyenTienDat\Desktop\ActorHome\PIC18_Zigbee_v2\PIC18_Zigbee_R&D_by_Lab411\microchip\Common\MSPI.c
              SPIGetArray   0x00ebb8    program     extern C:\Users\NguyenTienDat\Desktop\ActorHome\PIC18_Zigbee_v2\PIC18_Zigbee_R&D_by_Lab411\microchip\Common\MSPI.c
                   SPIPut   0x00eb98    program     extern C:\Users\NguyenTienDat\Desktop\ActorHome\PIC18_Zigbee_v2\PIC18_Zigbee_R&D_by_Lab411\microchip\Common\MSPI.c
              SPIPutArray   0x00ebd2    program     extern C:\Users\NguyenTienDat\Desktop\ActorHome\PIC18_Zigbee_v2\PIC18_Zigbee_R&D_by_Lab411\microchip\Common\MSPI.c
             SRAMInitHeap   0x00e50a    program     extern C:\Users\NguyenTienDat\Desktop\ActorHome\PIC18_Zigbee_v2\PIC18_Zigbee_R&D_by_Lab411\microchip\Common\sralloc.c
                SRAMalloc   0x00e418    program     extern C:\Users\NguyenTienDat\Desktop\ActorHome\PIC18_Zigbee_v2\PIC18_Zigbee_R&D_by_Lab411\microchip\Common\sralloc.c
                 SRAMfree   0x00e4fc    program     extern C:\Users\NguyenTienDat\Desktop\ActorHome\PIC18_Zigbee_v2\PIC18_Zigbee_R&D_by_Lab411\microchip\Common\sralloc.c
   SendBindAddressRequest   0x0067b8    program     extern C:\Users\NguyenTienDat\Desktop\ActorHome\PIC18_Zigbee_v2\PIC18_Zigbee_R&D_by_Lab411\microchip\ZigBeeStack\zZDO.c
              SendOneByte   0x00d1f8    program     extern C:\Users\NguyenTienDat\Desktop\ActorHome\PIC18_Zigbee_v2\PIC18_Zigbee_R&D_by_Lab411\DemoPIC18Router\Router.c
         SendUpBindResult   0x006832    program     extern C:\Users\NguyenTienDat\Desktop\ActorHome\PIC18_Zigbee_v2\PIC18_Zigbee_R&D_by_Lab411\microchip\ZigBeeStack\zZDO.c
 Send_END_DEVICE_BIND_rsp   0x00607e    program     extern C:\Users\NguyenTienDat\Desktop\ActorHome\PIC18_Zigbee_v2\PIC18_Zigbee_R&D_by_Lab411\microchip\ZigBeeStack\zZDO.c
         SetBeaconPayload   0x003892    program     extern C:\Users\NguyenTienDat\Desktop\ActorHome\PIC18_Zigbee_v2\PIC18_Zigbee_R&D_by_Lab411\microchip\ZigBeeStack\zNWK.c
                  TAGTB32   0x00df12    program     extern D:\3.43\pic18-lt\cxx-framework\src\traditional\math\gtFP.asm
               TSIGN1616A   0x00e126    program     static D:\3.43\pic18-lt\cxx-framework\src\traditional\math\fxm1616s.asm
                  TickGet   0x00e926    program     extern C:\Users\NguyenTienDat\Desktop\ActorHome\PIC18_Zigbee_v2\PIC18_Zigbee_R&D_by_Lab411\microchip\ZigBeeStack\SymbolTime.c
     UserInterruptHandler   0x00d194    program     extern C:\Users\NguyenTienDat\Desktop\ActorHome\PIC18_Zigbee_v2\PIC18_Zigbee_R&D_by_Lab411\DemoPIC18Router\Router.c
VariableAndTableInitialization   0x0038e8    program     extern C:\Users\NguyenTienDat\Desktop\ActorHome\PIC18_Zigbee_v2\PIC18_Zigbee_R&D_by_Lab411\microchip\ZigBeeStack\zNWK.c
    ZDOHasBackgroundTasks   0x004788    program     extern C:\Users\NguyenTienDat\Desktop\ActorHome\PIC18_Zigbee_v2\PIC18_Zigbee_R&D_by_Lab411\microchip\ZigBeeStack\zZDO.c
                  ZDOInit   0x004794    program     extern C:\Users\NguyenTienDat\Desktop\ActorHome\PIC18_Zigbee_v2\PIC18_Zigbee_R&D_by_Lab411\microchip\ZigBeeStack\zZDO.c
                 ZDOTasks   0x0047a8    program     extern C:\Users\NguyenTienDat\Desktop\ActorHome\PIC18_Zigbee_v2\PIC18_Zigbee_R&D_by_Lab411\microchip\ZigBeeStack\zZDO.c
               ZigBeeInit   0x00d31c    program     extern C:\Users\NguyenTienDat\Desktop\ActorHome\PIC18_Zigbee_v2\PIC18_Zigbee_R&D_by_Lab411\microchip\ZigBeeStack\ZigbeeTasks.c
              ZigBeeTasks   0x00d352    program     extern C:\Users\NguyenTienDat\Desktop\ActorHome\PIC18_Zigbee_v2\PIC18_Zigbee_R&D_by_Lab411\microchip\ZigBeeStack\ZigbeeTasks.c
                   _2jEnd   0x00e840    program     static D:\3.43\pic18-lt\cxx-framework\src\traditional\stdclib\slenpgm.asm
              _3jContinue   0x00e740    program     static D:\3.43\pic18-lt\cxx-framework\src\traditional\stdclib\mcmpp2r.asm
              _3jContinue   0x00e7dc    program     static D:\3.43\pic18-lt\cxx-framework\src\traditional\stdclib\mcpyp2r.asm
              _4jContinue   0x00e788    program     static D:\3.43\pic18-lt\cxx-framework\src\traditional\stdclib\memcpy.asm
              _4jContinue   0x00e6f0    program     static D:\3.43\pic18-lt\cxx-framework\src\traditional\stdclib\memcmp.asm
                   _4jEnd   0x00e74a    program     static D:\3.43\pic18-lt\cxx-framework\src\traditional\stdclib\mcmpp2r.asm
                   _4jEnd   0x00e7e6    program     static D:\3.43\pic18-lt\cxx-framework\src\traditional\stdclib\mcpyp2r.asm
                   _5jEnd   0x00e792    program     static D:\3.43\pic18-lt\cxx-framework\src\traditional\stdclib\memcpy.asm
                   _5jEnd   0x00e6fa    program     static D:\3.43\pic18-lt\cxx-framework\src\traditional\stdclib\memcmp.asm
               _SRAMmerge   0x00e58c    program     extern C:\Users\NguyenTienDat\Desktop\ActorHome\PIC18_Zigbee_v2\PIC18_Zigbee_R&D_by_Lab411\microchip\Common\sralloc.c
              __FpCompare   0x00df24    program     extern D:\3.43\pic18-lt\cxx-framework\src\traditional\math\compFP.asm
                 __FpExit   0x00dfda    program     extern D:\3.43\pic18-lt\cxx-framework\src\traditional\math\packFP.asm
                 __FpPack   0x00e006    program     extern D:\3.43\pic18-lt\cxx-framework\src\traditional\math\packFP.asm
            __FpReturnNaN   0x00dfce    program     extern D:\3.43\pic18-lt\cxx-framework\src\traditional\math\packFP.asm
         __FpReturnNegInf   0x00dfe0    program     extern D:\3.43\pic18-lt\cxx-framework\src\traditional\math\packFP.asm
        __FpReturnNegZero   0x00dff8    program     extern D:\3.43\pic18-lt\cxx-framework\src\traditional\math\packFP.asm
         __FpReturnPosInf   0x00dfe6    program     extern D:\3.43\pic18-lt\cxx-framework\src\traditional\math\packFP.asm
        __FpReturnPosZero   0x00e000    program     extern D:\3.43\pic18-lt\cxx-framework\src\traditional\math\packFP.asm
        __FpReturnSignInf   0x00dfdc    program     extern D:\3.43\pic18-lt\cxx-framework\src\traditional\math\packFP.asm
       __FpReturnSignZero   0x00dff4    program     extern D:\3.43\pic18-lt\cxx-framework\src\traditional\math\packFP.asm
              __FpReturnW   0x00e05e    program     extern D:\3.43\pic18-lt\cxx-framework\src\traditional\math\packFP.asm
              __FpUnPackA   0x00e07e    program     extern D:\3.43\pic18-lt\cxx-framework\src\traditional\math\UnpackFP.asm
              __FpUnPackB   0x00e0ae    program     extern D:\3.43\pic18-lt\cxx-framework\src\traditional\math\UnpackFP.asm
     ___case_100_lbl00078   0x00d63a    program     static                          
     ___case_101_lbl00091   0x00d64a    program     static                          
     ___case_102_lbl00077   0x00d63a    program     static                          
     ___case_103_lbl00090   0x00d64a    program     static                          
     ___case_104_lbl00076   0x00d63a    program     static                          
     ___case_105_lbl00089   0x00d64a    program     static                          
     ___case_106_lbl00075   0x00d63a    program     static                          
     ___case_107_lbl00088   0x00d64a    program     static                          
     ___case_108_lbl00074   0x00d63a    program     static                          
     ___case_109_lbl00100   0x00d65a    program     static                          
      ___case_10_lbl00011   0x00d60a    program     static                          
     ___case_110_lbl00073   0x00d63a    program     static                          
     ___case_111_lbl00099   0x00d65a    program     static                          
     ___case_112_lbl00072   0x00d63a    program     static                          
     ___case_113_lbl00098   0x00d65a    program     static                          
     ___case_114_lbl00039   0x00d62a    program     static                          
     ___case_115_lbl00104   0x00d65a    program     static                          
      ___case_11_lbl00033   0x00d61a    program     static                          
      ___case_12_lbl00013   0x00d60a    program     static                          
      ___case_13_lbl00032   0x00d61a    program     static                          
      ___case_16_lbl00031   0x00d61a    program     static                          
      ___case_17_lbl00071   0x00d62a    program     static                          
      ___case_18_lbl00070   0x00d62a    program     static                          
      ___case_19_lbl00030   0x00d61a    program     static                          
       ___case_1_lbl00016   0x00d60a    program     static                          
      ___case_20_lbl00069   0x00d62a    program     static                          
      ___case_21_lbl00029   0x00d61a    program     static                          
      ___case_22_lbl00068   0x00d62a    program     static                          
      ___case_23_lbl00028   0x00d61a    program     static                          
      ___case_24_lbl00067   0x00d62a    program     static                          
      ___case_25_lbl00027   0x00d61a    program     static                          
      ___case_26_lbl00066   0x00d62a    program     static                          
      ___case_27_lbl00065   0x00d62a    program     static                          
      ___case_28_lbl00064   0x00d62a    program     static                          
      ___case_29_lbl00026   0x00d61a    program     static                          
       ___case_2_lbl00037   0x00d61a    program     static                          
      ___case_30_lbl00063   0x00d62a    program     static                          
      ___case_31_lbl00025   0x00d61a    program     static                          
      ___case_32_lbl00062   0x00d62a    program     static                          
      ___case_33_lbl00061   0x00d62a    program     static                          
      ___case_34_lbl00060   0x00d62a    program     static                          
      ___case_35_lbl00024   0x00d61a    program     static                          
      ___case_36_lbl00023   0x00d61a    program     static                          
      ___case_37_lbl00059   0x00d62a    program     static                          
      ___case_38_lbl00022   0x00d61a    program     static                          
      ___case_39_lbl00058   0x00d62a    program     static                          
       ___case_3_lbl00038   0x00d61a    program     static                          
      ___case_40_lbl00021   0x00d61a    program     static                          
      ___case_41_lbl00057   0x00d62a    program     static                          
      ___case_42_lbl00056   0x00d62a    program     static                          
      ___case_43_lbl00020   0x00d61a    program     static                          
      ___case_44_lbl00055   0x00d62a    program     static                          
      ___case_45_lbl00019   0x00d61a    program     static                          
      ___case_46_lbl00054   0x00d62a    program     static                          
      ___case_47_lbl00018   0x00d61a    program     static                          
      ___case_48_lbl00053   0x00d62a    program     static                          
      ___case_49_lbl00017   0x00d61a    program     static                          
       ___case_4_lbl00015   0x00d60a    program     static                          
      ___case_50_lbl00052   0x00d62a    program     static                          
      ___case_51_lbl00051   0x00d62a    program     static                          
      ___case_52_lbl00087   0x00d63a    program     static                          
      ___case_53_lbl00086   0x00d63a    program     static                          
      ___case_54_lbl00118   0x00d65a    program     static                          
      ___case_55_lbl00117   0x00d65a    program     static                          
      ___case_56_lbl00116   0x00d65a    program     static                          
      ___case_57_lbl00115   0x00d65a    program     static                          
      ___case_58_lbl00114   0x00d65a    program     static                          
      ___case_59_lbl00113   0x00d65a    program     static                          
       ___case_5_lbl00034   0x00d61a    program     static                          
      ___case_60_lbl00112   0x00d65a    program     static                          
      ___case_61_lbl00111   0x00d65a    program     static                          
      ___case_62_lbl00110   0x00d65a    program     static                          
      ___case_63_lbl00109   0x00d65a    program     static                          
      ___case_64_lbl00108   0x00d65a    program     static                          
      ___case_65_lbl00050   0x00d62a    program     static                          
      ___case_66_lbl00049   0x00d62a    program     static                          
      ___case_67_lbl00048   0x00d62a    program     static                          
      ___case_68_lbl00047   0x00d62a    program     static                          
      ___case_69_lbl00046   0x00d62a    program     static                          
       ___case_6_lbl00014   0x00d60a    program     static                          
      ___case_70_lbl00045   0x00d62a    program     static                          
      ___case_71_lbl00044   0x00d62a    program     static                          
      ___case_72_lbl00043   0x00d62a    program     static                          
      ___case_73_lbl00042   0x00d62a    program     static                          
      ___case_74_lbl00041   0x00d62a    program     static                          
      ___case_75_lbl00040   0x00d62a    program     static                          
      ___case_76_lbl00107   0x00d65a    program     static                          
      ___case_77_lbl00106   0x00d65a    program     static                          
      ___case_78_lbl00105   0x00d65a    program     static                          
      ___case_79_lbl00085   0x00d63a    program     static                          
       ___case_7_lbl00036   0x00d61a    program     static                          
      ___case_80_lbl00119   0x00d65a    program     static                          
      ___case_81_lbl00103   0x00d65a    program     static                          
      ___case_82_lbl00084   0x00d63a    program     static                          
      ___case_85_lbl00083   0x00d63a    program     static                          
      ___case_86_lbl00102   0x00d65a    program     static                          
      ___case_89_lbl00101   0x00d65a    program     static                          
       ___case_8_lbl00012   0x00d60a    program     static                          
      ___case_90_lbl00097   0x00d64a    program     static                          
      ___case_91_lbl00096   0x00d64a    program     static                          
      ___case_92_lbl00095   0x00d64a    program     static                          
      ___case_93_lbl00094   0x00d64a    program     static                          
      ___case_94_lbl00082   0x00d63a    program     static                          
      ___case_95_lbl00081   0x00d63a    program     static                          
      ___case_96_lbl00092   0x00d64a    program     static                          
      ___case_97_lbl00080   0x00d63a    program     static                          
      ___case_98_lbl00079   0x00d63a    program     static                          
      ___case_99_lbl00093   0x00d64a    program     static                          
       ___case_9_lbl00035   0x00d61a    program     static                          
      ___default_lbl00126   0x00d6a6    program     static                          
           ___do_lbl00003   0x00d6a8    program     static                          
           ___do_lbl00004   0x00d6b0    program     static                          
           ___do_lbl00010   0x00c2d4    program     static                          
           ___do_lbl00011   0x00c2da    program     static                          
           ___do_lbl00012   0x00c2ca    program     static                          
           ___do_lbl00016   0x00c31c    program     static                          
           ___do_lbl00017   0x00c322    program     static                          
           ___do_lbl00018   0x00c312    program     static                          
           ___do_lbl00022   0x00c538    program     static                          
           ___do_lbl00023   0x00c540    program     static                          
           ___do_lbl00024   0x00c528    program     static                          
           ___do_lbl00127   0x00d376    program     static                          
         ___else_lbl00052   0x00ca22    program     static                          
         ___else_lbl00058   0x00ca8c    program     static                          
         ___else_lbl00064   0x00cb14    program     static                          
         ___else_lbl00069   0x00cbd6    program     static                          
         ___else_lbl00076   0x00cc42    program     static                          
         ___else_lbl00079   0x00ccb6    program     static                          
         ___else_lbl00081   0x00ccd4    program     static                          
         ___else_lbl00125   0x00d69c    program     static                          
         ___else_lbl00133   0x00d6f2    program     static                          
          ___for_lbl00004   0x00c284    program     static                          
          ___for_lbl00005   0x00c290    program     static                          
          ___for_lbl00006   0x00c26e    program     static                          
          ___for_lbl00007   0x00c2b0    program     static                          
          ___for_lbl00008   0x00c2bc    program     static                          
          ___for_lbl00009   0x00c29a    program     static                          
          ___for_lbl00013   0x00c2f8    program     static                          
          ___for_lbl00014   0x00c304    program     static                          
          ___for_lbl00015   0x00c2e2    program     static                          
          ___for_lbl00019   0x00c340    program     static                          
          ___for_lbl00019   0x00daac    program     static                          
          ___for_lbl00020   0x00dab8    program     static                          
          ___for_lbl00020   0x00c34c    program     static                          
          ___for_lbl00021   0x00c32a    program     static                          
          ___for_lbl00023   0x00da12    program     static                          
           ___if_lbl00002   0x00d376    program     static                          
           ___if_lbl00004   0x00d792    program     static                          
           ___if_lbl00005   0x00d38c    program     static                          
           ___if_lbl00006   0x00d3a0    program     static                          
           ___if_lbl00007   0x00d3b4    program     static                          
           ___if_lbl00007   0x00d816    program     static                          
           ___if_lbl00008   0x00d3c8    program     static                          
           ___if_lbl00008   0x00d860    program     static                          
           ___if_lbl00009   0x00d3dc    program     static                          
           ___if_lbl00014   0x00d920    program     static                          
           ___if_lbl00017   0x00d9b8    program     static                          
           ___if_lbl00050   0x00ca30    program     static                          
           ___if_lbl00051   0x00ca30    program     static                          
           ___if_lbl00053   0x00ca30    program     static                          
           ___if_lbl00056   0x00ca6c    program     static                          
           ___if_lbl00057   0x00ca90    program     static                          
           ___if_lbl00059   0x00ca90    program     static                          
           ___if_lbl00060   0x00ca94    program     static                          
           ___if_lbl00061   0x00ca98    program     static                          
           ___if_lbl00062   0x00caf0    program     static                          
           ___if_lbl00063   0x00cb3a    program     static                          
           ___if_lbl00065   0x00cb80    program     static                          
           ___if_lbl00068   0x00cc0e    program     static                          
           ___if_lbl00070   0x00cc40    program     static                          
           ___if_lbl00072   0x00cc8c    program     static                          
           ___if_lbl00073   0x00cc94    program     static                          
           ___if_lbl00074   0x00cc94    program     static                          
           ___if_lbl00075   0x00cc94    program     static                          
           ___if_lbl00077   0x00cca6    program     static                          
           ___if_lbl00078   0x00ccca    program     static                          
           ___if_lbl00080   0x00ccde    program     static                          
           ___if_lbl00082   0x00ccfa    program     static                          
           ___if_lbl00083   0x00ccfa    program     static                          
           ___if_lbl00084   0x00ccfa    program     static                          
           ___if_lbl00124   0x00d6a4    program     static                          
           ___if_lbl00132   0x00d6fa    program     static                          
       ___return_lbl00000   0x000004    program     static                          
       ___return_lbl00000   0x00ed60    program     static                          
       ___return_lbl00000   0x00ed18    program     static                          
       ___return_lbl00000   0x00ce44    program     static                          
       ___return_lbl00001   0x00ee3a    program     static                          
       ___return_lbl00001   0x00d9da    program     static                          
       ___return_lbl00001   0x00d6fa    program     static                          
       ___return_lbl00002   0x00eafe    program     static                          
       ___return_lbl00003   0x00c540    program     static                          
       ___return_lbl00018   0x00dab8    program     static                          
       ___return_lbl00044   0x00c7fc    program     static                          
       ___return_lbl00045   0x00c85e    program     static                          
       ___return_lbl00046   0x00c8be    program     static                          
       ___return_lbl00047   0x00c960    program     static                          
       ___return_lbl00049   0x00ccfe    program     static                          
       ___return_lbl00085   0x00000c    program     static                          
       ___return_lbl00086   0x00001c    program     static                          
   ___switchexit_lbl00010   0x00d6a8    program     static                          
        ___while_lbl00001   0x00ce2c    program     static                          
        ___while_lbl00002   0x00d724    program     static                          
        ___while_lbl00002   0x00ce44    program     static                          
        ___while_lbl00003   0x00d9da    program     static                          
        ___while_lbl00005   0x00d7bc    program     static                          
        ___while_lbl00006   0x00d9c4    program     static                          
        ___while_lbl00009   0x00d886    program     static                          
        ___while_lbl00010   0x00d8e2    program     static                          
        ___while_lbl00012   0x00d908    program     static                          
        ___while_lbl00013   0x00d9ba    program     static                          
        ___while_lbl00015   0x00d93e    program     static                          
        ___while_lbl00016   0x00d966    program     static                          
        ___while_lbl00021   0x00da34    program     static                          
        ___while_lbl00022   0x00daa0    program     static                          
        ___while_lbl00066   0x00cb80    program     static                          
        ___while_lbl00067   0x00cca8    program     static                          
                   __init   0x00ee8a    program     extern D:\3.43\pic18-lt\cxx-framework\src\traditional\stdclib\__init.c
                   __pa_0   0x00e3ae    program     static C:\Users\NguyenTienDat\Desktop\ActorHome\PIC18_Zigbee_v2\PIC18_Zigbee_R&D_by_Lab411\Microchip\Common\SHT1x.c
                   __pa_0   0x00afe8    program     static C:\Users\NguyenTienDat\Desktop\ActorHome\PIC18_Zigbee_v2\PIC18_Zigbee_R&D_by_Lab411\microchip\ZigBeeStack\zMAC_MRF24J40.c
                   __pa_0   0x00e8de    program     static C:\Users\NguyenTienDat\Desktop\ActorHome\PIC18_Zigbee_v2\PIC18_Zigbee_R&D_by_Lab411\microchip\Common\Console.c
                   __pa_0   0x00ebea    program     static C:\Users\NguyenTienDat\Desktop\ActorHome\PIC18_Zigbee_v2\PIC18_Zigbee_R&D_by_Lab411\microchip\Common\MSPI.c
                   __pa_0   0x00e650    program     static C:\Users\NguyenTienDat\Desktop\ActorHome\PIC18_Zigbee_v2\PIC18_Zigbee_R&D_by_Lab411\microchip\Common\sralloc.c
                   __pa_0   0x0039ac    program     static C:\Users\NguyenTienDat\Desktop\ActorHome\PIC18_Zigbee_v2\PIC18_Zigbee_R&D_by_Lab411\microchip\ZigBeeStack\zNWK.c
                   __pa_0   0x00bf3c    program     static D:\3.43\pic18-lt\cxx-framework\src\traditional\stdclib\vfprintf.c
                   __pa_0   0x00d250    program     static C:\Users\NguyenTienDat\Desktop\ActorHome\PIC18_Zigbee_v2\PIC18_Zigbee_R&D_by_Lab411\DemoPIC18Router\Router.c
                   __pa_0   0x00cd62    program     static C:\Users\NguyenTienDat\Desktop\ActorHome\PIC18_Zigbee_v2\PIC18_Zigbee_R&D_by_Lab411\microchip\ZigBeeStack\zPHY_MRF24J40.c
                   __pa_0   0x00903c    program     static C:\Users\NguyenTienDat\Desktop\ActorHome\PIC18_Zigbee_v2\PIC18_Zigbee_R&D_by_Lab411\microchip\ZigBeeStack\zAPS.c
                   __pa_0   0x006888    program     static C:\Users\NguyenTienDat\Desktop\ActorHome\PIC18_Zigbee_v2\PIC18_Zigbee_R&D_by_Lab411\microchip\ZigBeeStack\zZDO.c
                   __pa_1   0x00aff4    program     static C:\Users\NguyenTienDat\Desktop\ActorHome\PIC18_Zigbee_v2\PIC18_Zigbee_R&D_by_Lab411\microchip\ZigBeeStack\zMAC_MRF24J40.c
                   __pa_1   0x00cd6c    program     static C:\Users\NguyenTienDat\Desktop\ActorHome\PIC18_Zigbee_v2\PIC18_Zigbee_R&D_by_Lab411\microchip\ZigBeeStack\zPHY_MRF24J40.c
                   __pa_1   0x00e8f0    program     static C:\Users\NguyenTienDat\Desktop\ActorHome\PIC18_Zigbee_v2\PIC18_Zigbee_R&D_by_Lab411\microchip\Common\Console.c
                   __pa_1   0x009040    program     static C:\Users\NguyenTienDat\Desktop\ActorHome\PIC18_Zigbee_v2\PIC18_Zigbee_R&D_by_Lab411\microchip\ZigBeeStack\zAPS.c
                   __pa_1   0x0039b2    program     static C:\Users\NguyenTienDat\Desktop\ActorHome\PIC18_Zigbee_v2\PIC18_Zigbee_R&D_by_Lab411\microchip\ZigBeeStack\zNWK.c
                   __pa_1   0x00688e    program     static C:\Users\NguyenTienDat\Desktop\ActorHome\PIC18_Zigbee_v2\PIC18_Zigbee_R&D_by_Lab411\microchip\ZigBeeStack\zZDO.c
                   __pa_1   0x00ebfc    program     static C:\Users\NguyenTienDat\Desktop\ActorHome\PIC18_Zigbee_v2\PIC18_Zigbee_R&D_by_Lab411\microchip\Common\MSPI.c
                   __pa_1   0x00e656    program     static C:\Users\NguyenTienDat\Desktop\ActorHome\PIC18_Zigbee_v2\PIC18_Zigbee_R&D_by_Lab411\microchip\Common\sralloc.c
                   __pa_1   0x00bf44    program     static D:\3.43\pic18-lt\cxx-framework\src\traditional\stdclib\vfprintf.c
                   __pa_1   0x00e3c0    program     static C:\Users\NguyenTienDat\Desktop\ActorHome\PIC18_Zigbee_v2\PIC18_Zigbee_R&D_by_Lab411\Microchip\Common\SHT1x.c
                   __pa_1   0x00d286    program     static C:\Users\NguyenTienDat\Desktop\ActorHome\PIC18_Zigbee_v2\PIC18_Zigbee_R&D_by_Lab411\DemoPIC18Router\Router.c
                  __pa_10   0x0068e8    program     static C:\Users\NguyenTienDat\Desktop\ActorHome\PIC18_Zigbee_v2\PIC18_Zigbee_R&D_by_Lab411\microchip\ZigBeeStack\zZDO.c
                  __pa_10   0x003a3e    program     static C:\Users\NguyenTienDat\Desktop\ActorHome\PIC18_Zigbee_v2\PIC18_Zigbee_R&D_by_Lab411\microchip\ZigBeeStack\zNWK.c
                  __pa_10   0x00909a    program     static C:\Users\NguyenTienDat\Desktop\ActorHome\PIC18_Zigbee_v2\PIC18_Zigbee_R&D_by_Lab411\microchip\ZigBeeStack\zAPS.c
                  __pa_10   0x00bff8    program     static D:\3.43\pic18-lt\cxx-framework\src\traditional\stdclib\vfprintf.c
                  __pa_10   0x00b070    program     static C:\Users\NguyenTienDat\Desktop\ActorHome\PIC18_Zigbee_v2\PIC18_Zigbee_R&D_by_Lab411\microchip\ZigBeeStack\zMAC_MRF24J40.c
                 __pa_100   0x003ef6    program     static C:\Users\NguyenTienDat\Desktop\ActorHome\PIC18_Zigbee_v2\PIC18_Zigbee_R&D_by_Lab411\microchip\ZigBeeStack\zNWK.c
                 __pa_100   0x00b58a    program     static C:\Users\NguyenTienDat\Desktop\ActorHome\PIC18_Zigbee_v2\PIC18_Zigbee_R&D_by_Lab411\microchip\ZigBeeStack\zMAC_MRF24J40.c
                 __pa_100   0x0094de    program     static C:\Users\NguyenTienDat\Desktop\ActorHome\PIC18_Zigbee_v2\PIC18_Zigbee_R&D_by_Lab411\microchip\ZigBeeStack\zAPS.c
                 __pa_100   0x006e22    program     static C:\Users\NguyenTienDat\Desktop\ActorHome\PIC18_Zigbee_v2\PIC18_Zigbee_R&D_by_Lab411\microchip\ZigBeeStack\zZDO.c
                 __pa_101   0x0094e6    program     static C:\Users\NguyenTienDat\Desktop\ActorHome\PIC18_Zigbee_v2\PIC18_Zigbee_R&D_by_Lab411\microchip\ZigBeeStack\zAPS.c
                 __pa_101   0x003efc    program     static C:\Users\NguyenTienDat\Desktop\ActorHome\PIC18_Zigbee_v2\PIC18_Zigbee_R&D_by_Lab411\microchip\ZigBeeStack\zNWK.c
                 __pa_101   0x006e32    program     static C:\Users\NguyenTienDat\Desktop\ActorHome\PIC18_Zigbee_v2\PIC18_Zigbee_R&D_by_Lab411\microchip\ZigBeeStack\zZDO.c
                 __pa_101   0x00b59e    program     static C:\Users\NguyenTienDat\Desktop\ActorHome\PIC18_Zigbee_v2\PIC18_Zigbee_R&D_by_Lab411\microchip\ZigBeeStack\zMAC_MRF24J40.c
                 __pa_102   0x00b5a4    program     static C:\Users\NguyenTienDat\Desktop\ActorHome\PIC18_Zigbee_v2\PIC18_Zigbee_R&D_by_Lab411\microchip\ZigBeeStack\zMAC_MRF24J40.c
                 __pa_102   0x0094ec    program     static C:\Users\NguyenTienDat\Desktop\ActorHome\PIC18_Zigbee_v2\PIC18_Zigbee_R&D_by_Lab411\microchip\ZigBeeStack\zAPS.c
                 __pa_102   0x003f08    program     static C:\Users\NguyenTienDat\Desktop\ActorHome\PIC18_Zigbee_v2\PIC18_Zigbee_R&D_by_Lab411\microchip\ZigBeeStack\zNWK.c
                 __pa_102   0x006e3c    program     static C:\Users\NguyenTienDat\Desktop\ActorHome\PIC18_Zigbee_v2\PIC18_Zigbee_R&D_by_Lab411\microchip\ZigBeeStack\zZDO.c
                 __pa_103   0x0094f2    program     static C:\Users\NguyenTienDat\Desktop\ActorHome\PIC18_Zigbee_v2\PIC18_Zigbee_R&D_by_Lab411\microchip\ZigBeeStack\zAPS.c
                 __pa_103   0x006e44    program     static C:\Users\NguyenTienDat\Desktop\ActorHome\PIC18_Zigbee_v2\PIC18_Zigbee_R&D_by_Lab411\microchip\ZigBeeStack\zZDO.c
                 __pa_103   0x003f0e    program     static C:\Users\NguyenTienDat\Desktop\ActorHome\PIC18_Zigbee_v2\PIC18_Zigbee_R&D_by_Lab411\microchip\ZigBeeStack\zNWK.c
                 __pa_103   0x00b5b4    program     static C:\Users\NguyenTienDat\Desktop\ActorHome\PIC18_Zigbee_v2\PIC18_Zigbee_R&D_by_Lab411\microchip\ZigBeeStack\zMAC_MRF24J40.c
                 __pa_104   0x00b5bc    program     static C:\Users\NguyenTienDat\Desktop\ActorHome\PIC18_Zigbee_v2\PIC18_Zigbee_R&D_by_Lab411\microchip\ZigBeeStack\zMAC_MRF24J40.c
                 __pa_104   0x003f1a    program     static C:\Users\NguyenTienDat\Desktop\ActorHome\PIC18_Zigbee_v2\PIC18_Zigbee_R&D_by_Lab411\microchip\ZigBeeStack\zNWK.c
                 __pa_104   0x006e4c    program     static C:\Users\NguyenTienDat\Desktop\ActorHome\PIC18_Zigbee_v2\PIC18_Zigbee_R&D_by_Lab411\microchip\ZigBeeStack\zZDO.c
                 __pa_104   0x009510    program     static C:\Users\NguyenTienDat\Desktop\ActorHome\PIC18_Zigbee_v2\PIC18_Zigbee_R&D_by_Lab411\microchip\ZigBeeStack\zAPS.c
                 __pa_105   0x003f24    program     static C:\Users\NguyenTienDat\Desktop\ActorHome\PIC18_Zigbee_v2\PIC18_Zigbee_R&D_by_Lab411\microchip\ZigBeeStack\zNWK.c
                 __pa_105   0x00b5c2    program     static C:\Users\NguyenTienDat\Desktop\ActorHome\PIC18_Zigbee_v2\PIC18_Zigbee_R&D_by_Lab411\microchip\ZigBeeStack\zMAC_MRF24J40.c
                 __pa_105   0x006e54    program     static C:\Users\NguyenTienDat\Desktop\ActorHome\PIC18_Zigbee_v2\PIC18_Zigbee_R&D_by_Lab411\microchip\ZigBeeStack\zZDO.c
                 __pa_105   0x009520    program     static C:\Users\NguyenTienDat\Desktop\ActorHome\PIC18_Zigbee_v2\PIC18_Zigbee_R&D_by_Lab411\microchip\ZigBeeStack\zAPS.c
                 __pa_106   0x006e5c    program     static C:\Users\NguyenTienDat\Desktop\ActorHome\PIC18_Zigbee_v2\PIC18_Zigbee_R&D_by_Lab411\microchip\ZigBeeStack\zZDO.c
                 __pa_106   0x00b5ca    program     static C:\Users\NguyenTienDat\Desktop\ActorHome\PIC18_Zigbee_v2\PIC18_Zigbee_R&D_by_Lab411\microchip\ZigBeeStack\zMAC_MRF24J40.c
                 __pa_106   0x009538    program     static C:\Users\NguyenTienDat\Desktop\ActorHome\PIC18_Zigbee_v2\PIC18_Zigbee_R&D_by_Lab411\microchip\ZigBeeStack\zAPS.c
                 __pa_106   0x003f30    program     static C:\Users\NguyenTienDat\Desktop\ActorHome\PIC18_Zigbee_v2\PIC18_Zigbee_R&D_by_Lab411\microchip\ZigBeeStack\zNWK.c
                 __pa_107   0x009544    program     static C:\Users\NguyenTienDat\Desktop\ActorHome\PIC18_Zigbee_v2\PIC18_Zigbee_R&D_by_Lab411\microchip\ZigBeeStack\zAPS.c
                 __pa_107   0x00b5dc    program     static C:\Users\NguyenTienDat\Desktop\ActorHome\PIC18_Zigbee_v2\PIC18_Zigbee_R&D_by_Lab411\microchip\ZigBeeStack\zMAC_MRF24J40.c
                 __pa_107   0x006e64    program     static C:\Users\NguyenTienDat\Desktop\ActorHome\PIC18_Zigbee_v2\PIC18_Zigbee_R&D_by_Lab411\microchip\ZigBeeStack\zZDO.c
                 __pa_107   0x003f3a    program     static C:\Users\NguyenTienDat\Desktop\ActorHome\PIC18_Zigbee_v2\PIC18_Zigbee_R&D_by_Lab411\microchip\ZigBeeStack\zNWK.c
                 __pa_108   0x009550    program     static C:\Users\NguyenTienDat\Desktop\ActorHome\PIC18_Zigbee_v2\PIC18_Zigbee_R&D_by_Lab411\microchip\ZigBeeStack\zAPS.c
                 __pa_108   0x00b5ee    program     static C:\Users\NguyenTienDat\Desktop\ActorHome\PIC18_Zigbee_v2\PIC18_Zigbee_R&D_by_Lab411\microchip\ZigBeeStack\zMAC_MRF24J40.c
                 __pa_108   0x006e72    program     static C:\Users\NguyenTienDat\Desktop\ActorHome\PIC18_Zigbee_v2\PIC18_Zigbee_R&D_by_Lab411\microchip\ZigBeeStack\zZDO.c
                 __pa_108   0x003f42    program     static C:\Users\NguyenTienDat\Desktop\ActorHome\PIC18_Zigbee_v2\PIC18_Zigbee_R&D_by_Lab411\microchip\ZigBeeStack\zNWK.c
                 __pa_109   0x009558    program     static C:\Users\NguyenTienDat\Desktop\ActorHome\PIC18_Zigbee_v2\PIC18_Zigbee_R&D_by_Lab411\microchip\ZigBeeStack\zAPS.c
                 __pa_109   0x006e80    program     static C:\Users\NguyenTienDat\Desktop\ActorHome\PIC18_Zigbee_v2\PIC18_Zigbee_R&D_by_Lab411\microchip\ZigBeeStack\zZDO.c
                 __pa_109   0x003f4a    program     static C:\Users\NguyenTienDat\Desktop\ActorHome\PIC18_Zigbee_v2\PIC18_Zigbee_R&D_by_Lab411\microchip\ZigBeeStack\zNWK.c
                  __pa_11   0x00c006    program     static D:\3.43\pic18-lt\cxx-framework\src\traditional\stdclib\vfprintf.c
                  __pa_11   0x00b098    program     static C:\Users\NguyenTienDat\Desktop\ActorHome\PIC18_Zigbee_v2\PIC18_Zigbee_R&D_by_Lab411\microchip\ZigBeeStack\zMAC_MRF24J40.c
                  __pa_11   0x003a56    program     static C:\Users\NguyenTienDat\Desktop\ActorHome\PIC18_Zigbee_v2\PIC18_Zigbee_R&D_by_Lab411\microchip\ZigBeeStack\zNWK.c
                  __pa_11   0x0068fa    program     static C:\Users\NguyenTienDat\Desktop\ActorHome\PIC18_Zigbee_v2\PIC18_Zigbee_R&D_by_Lab411\microchip\ZigBeeStack\zZDO.c
                  __pa_11   0x0090c2    program     static C:\Users\NguyenTienDat\Desktop\ActorHome\PIC18_Zigbee_v2\PIC18_Zigbee_R&D_by_Lab411\microchip\ZigBeeStack\zAPS.c
                 __pa_110   0x009566    program     static C:\Users\NguyenTienDat\Desktop\ActorHome\PIC18_Zigbee_v2\PIC18_Zigbee_R&D_by_Lab411\microchip\ZigBeeStack\zAPS.c
                 __pa_110   0x003f52    program     static C:\Users\NguyenTienDat\Desktop\ActorHome\PIC18_Zigbee_v2\PIC18_Zigbee_R&D_by_Lab411\microchip\ZigBeeStack\zNWK.c
                 __pa_110   0x006e8e    program     static C:\Users\NguyenTienDat\Desktop\ActorHome\PIC18_Zigbee_v2\PIC18_Zigbee_R&D_by_Lab411\microchip\ZigBeeStack\zZDO.c
                 __pa_111   0x006e9c    program     static C:\Users\NguyenTienDat\Desktop\ActorHome\PIC18_Zigbee_v2\PIC18_Zigbee_R&D_by_Lab411\microchip\ZigBeeStack\zZDO.c
                 __pa_111   0x00957a    program     static C:\Users\NguyenTienDat\Desktop\ActorHome\PIC18_Zigbee_v2\PIC18_Zigbee_R&D_by_Lab411\microchip\ZigBeeStack\zAPS.c
                 __pa_111   0x003f5a    program     static C:\Users\NguyenTienDat\Desktop\ActorHome\PIC18_Zigbee_v2\PIC18_Zigbee_R&D_by_Lab411\microchip\ZigBeeStack\zNWK.c
                 __pa_112   0x003f62    program     static C:\Users\NguyenTienDat\Desktop\ActorHome\PIC18_Zigbee_v2\PIC18_Zigbee_R&D_by_Lab411\microchip\ZigBeeStack\zNWK.c
                 __pa_112   0x009580    program     static C:\Users\NguyenTienDat\Desktop\ActorHome\PIC18_Zigbee_v2\PIC18_Zigbee_R&D_by_Lab411\microchip\ZigBeeStack\zAPS.c
                 __pa_112   0x006ea4    program     static C:\Users\NguyenTienDat\Desktop\ActorHome\PIC18_Zigbee_v2\PIC18_Zigbee_R&D_by_Lab411\microchip\ZigBeeStack\zZDO.c
                 __pa_113   0x003f72    program     static C:\Users\NguyenTienDat\Desktop\ActorHome\PIC18_Zigbee_v2\PIC18_Zigbee_R&D_by_Lab411\microchip\ZigBeeStack\zNWK.c
                 __pa_113   0x006eb2    program     static C:\Users\NguyenTienDat\Desktop\ActorHome\PIC18_Zigbee_v2\PIC18_Zigbee_R&D_by_Lab411\microchip\ZigBeeStack\zZDO.c
                 __pa_113   0x00958c    program     static C:\Users\NguyenTienDat\Desktop\ActorHome\PIC18_Zigbee_v2\PIC18_Zigbee_R&D_by_Lab411\microchip\ZigBeeStack\zAPS.c
                 __pa_114   0x003f82    program     static C:\Users\NguyenTienDat\Desktop\ActorHome\PIC18_Zigbee_v2\PIC18_Zigbee_R&D_by_Lab411\microchip\ZigBeeStack\zNWK.c
                 __pa_114   0x006ec0    program     static C:\Users\NguyenTienDat\Desktop\ActorHome\PIC18_Zigbee_v2\PIC18_Zigbee_R&D_by_Lab411\microchip\ZigBeeStack\zZDO.c
                 __pa_114   0x00959a    program     static C:\Users\NguyenTienDat\Desktop\ActorHome\PIC18_Zigbee_v2\PIC18_Zigbee_R&D_by_Lab411\microchip\ZigBeeStack\zAPS.c
                 __pa_115   0x006ece    program     static C:\Users\NguyenTienDat\Desktop\ActorHome\PIC18_Zigbee_v2\PIC18_Zigbee_R&D_by_Lab411\microchip\ZigBeeStack\zZDO.c
                 __pa_115   0x0095a2    program     static C:\Users\NguyenTienDat\Desktop\ActorHome\PIC18_Zigbee_v2\PIC18_Zigbee_R&D_by_Lab411\microchip\ZigBeeStack\zAPS.c
                 __pa_115   0x003f92    program     static C:\Users\NguyenTienDat\Desktop\ActorHome\PIC18_Zigbee_v2\PIC18_Zigbee_R&D_by_Lab411\microchip\ZigBeeStack\zNWK.c
                 __pa_116   0x0095ac    program     static C:\Users\NguyenTienDat\Desktop\ActorHome\PIC18_Zigbee_v2\PIC18_Zigbee_R&D_by_Lab411\microchip\ZigBeeStack\zAPS.c
                 __pa_116   0x003fa2    program     static C:\Users\NguyenTienDat\Desktop\ActorHome\PIC18_Zigbee_v2\PIC18_Zigbee_R&D_by_Lab411\microchip\ZigBeeStack\zNWK.c
                 __pa_116   0x006edc    program     static C:\Users\NguyenTienDat\Desktop\ActorHome\PIC18_Zigbee_v2\PIC18_Zigbee_R&D_by_Lab411\microchip\ZigBeeStack\zZDO.c
                 __pa_117   0x006ee4    program     static C:\Users\NguyenTienDat\Desktop\ActorHome\PIC18_Zigbee_v2\PIC18_Zigbee_R&D_by_Lab411\microchip\ZigBeeStack\zZDO.c
                 __pa_117   0x0095b6    program     static C:\Users\NguyenTienDat\Desktop\ActorHome\PIC18_Zigbee_v2\PIC18_Zigbee_R&D_by_Lab411\microchip\ZigBeeStack\zAPS.c
                 __pa_117   0x003fb2    program     static C:\Users\NguyenTienDat\Desktop\ActorHome\PIC18_Zigbee_v2\PIC18_Zigbee_R&D_by_Lab411\microchip\ZigBeeStack\zNWK.c
                 __pa_118   0x006eec    program     static C:\Users\NguyenTienDat\Desktop\ActorHome\PIC18_Zigbee_v2\PIC18_Zigbee_R&D_by_Lab411\microchip\ZigBeeStack\zZDO.c
                 __pa_118   0x0095bc    program     static C:\Users\NguyenTienDat\Desktop\ActorHome\PIC18_Zigbee_v2\PIC18_Zigbee_R&D_by_Lab411\microchip\ZigBeeStack\zAPS.c
                 __pa_118   0x003fc2    program     static C:\Users\NguyenTienDat\Desktop\ActorHome\PIC18_Zigbee_v2\PIC18_Zigbee_R&D_by_Lab411\microchip\ZigBeeStack\zNWK.c
                 __pa_119   0x006ef6    program     static C:\Users\NguyenTienDat\Desktop\ActorHome\PIC18_Zigbee_v2\PIC18_Zigbee_R&D_by_Lab411\microchip\ZigBeeStack\zZDO.c
                 __pa_119   0x003fca    program     static C:\Users\NguyenTienDat\Desktop\ActorHome\PIC18_Zigbee_v2\PIC18_Zigbee_R&D_by_Lab411\microchip\ZigBeeStack\zNWK.c
                 __pa_119   0x0095c4    program     static C:\Users\NguyenTienDat\Desktop\ActorHome\PIC18_Zigbee_v2\PIC18_Zigbee_R&D_by_Lab411\microchip\ZigBeeStack\zAPS.c
                  __pa_12   0x003a62    program     static C:\Users\NguyenTienDat\Desktop\ActorHome\PIC18_Zigbee_v2\PIC18_Zigbee_R&D_by_Lab411\microchip\ZigBeeStack\zNWK.c
                  __pa_12   0x006900    program     static C:\Users\NguyenTienDat\Desktop\ActorHome\PIC18_Zigbee_v2\PIC18_Zigbee_R&D_by_Lab411\microchip\ZigBeeStack\zZDO.c
                  __pa_12   0x00c01c    program     static D:\3.43\pic18-lt\cxx-framework\src\traditional\stdclib\vfprintf.c
                  __pa_12   0x0090ca    program     static C:\Users\NguyenTienDat\Desktop\ActorHome\PIC18_Zigbee_v2\PIC18_Zigbee_R&D_by_Lab411\microchip\ZigBeeStack\zAPS.c
                  __pa_12   0x00b0a2    program     static C:\Users\NguyenTienDat\Desktop\ActorHome\PIC18_Zigbee_v2\PIC18_Zigbee_R&D_by_Lab411\microchip\ZigBeeStack\zMAC_MRF24J40.c
                 __pa_120   0x0095cc    program     static C:\Users\NguyenTienDat\Desktop\ActorHome\PIC18_Zigbee_v2\PIC18_Zigbee_R&D_by_Lab411\microchip\ZigBeeStack\zAPS.c
                 __pa_120   0x003fd2    program     static C:\Users\NguyenTienDat\Desktop\ActorHome\PIC18_Zigbee_v2\PIC18_Zigbee_R&D_by_Lab411\microchip\ZigBeeStack\zNWK.c
                 __pa_120   0x006f00    program     static C:\Users\NguyenTienDat\Desktop\ActorHome\PIC18_Zigbee_v2\PIC18_Zigbee_R&D_by_Lab411\microchip\ZigBeeStack\zZDO.c
                 __pa_121   0x006f0a    program     static C:\Users\NguyenTienDat\Desktop\ActorHome\PIC18_Zigbee_v2\PIC18_Zigbee_R&D_by_Lab411\microchip\ZigBeeStack\zZDO.c
                 __pa_121   0x0095d4    program     static C:\Users\NguyenTienDat\Desktop\ActorHome\PIC18_Zigbee_v2\PIC18_Zigbee_R&D_by_Lab411\microchip\ZigBeeStack\zAPS.c
                 __pa_121   0x003fe0    program     static C:\Users\NguyenTienDat\Desktop\ActorHome\PIC18_Zigbee_v2\PIC18_Zigbee_R&D_by_Lab411\microchip\ZigBeeStack\zNWK.c
                 __pa_122   0x003fe8    program     static C:\Users\NguyenTienDat\Desktop\ActorHome\PIC18_Zigbee_v2\PIC18_Zigbee_R&D_by_Lab411\microchip\ZigBeeStack\zNWK.c
                 __pa_122   0x0095dc    program     static C:\Users\NguyenTienDat\Desktop\ActorHome\PIC18_Zigbee_v2\PIC18_Zigbee_R&D_by_Lab411\microchip\ZigBeeStack\zAPS.c
                 __pa_122   0x006f12    program     static C:\Users\NguyenTienDat\Desktop\ActorHome\PIC18_Zigbee_v2\PIC18_Zigbee_R&D_by_Lab411\microchip\ZigBeeStack\zZDO.c
                 __pa_123   0x0095ea    program     static C:\Users\NguyenTienDat\Desktop\ActorHome\PIC18_Zigbee_v2\PIC18_Zigbee_R&D_by_Lab411\microchip\ZigBeeStack\zAPS.c
                 __pa_123   0x006f1a    program     static C:\Users\NguyenTienDat\Desktop\ActorHome\PIC18_Zigbee_v2\PIC18_Zigbee_R&D_by_Lab411\microchip\ZigBeeStack\zZDO.c
                 __pa_123   0x003ff4    program     static C:\Users\NguyenTienDat\Desktop\ActorHome\PIC18_Zigbee_v2\PIC18_Zigbee_R&D_by_Lab411\microchip\ZigBeeStack\zNWK.c
                 __pa_124   0x0095f0    program     static C:\Users\NguyenTienDat\Desktop\ActorHome\PIC18_Zigbee_v2\PIC18_Zigbee_R&D_by_Lab411\microchip\ZigBeeStack\zAPS.c
                 __pa_124   0x006f24    program     static C:\Users\NguyenTienDat\Desktop\ActorHome\PIC18_Zigbee_v2\PIC18_Zigbee_R&D_by_Lab411\microchip\ZigBeeStack\zZDO.c
                 __pa_124   0x003ffc    program     static C:\Users\NguyenTienDat\Desktop\ActorHome\PIC18_Zigbee_v2\PIC18_Zigbee_R&D_by_Lab411\microchip\ZigBeeStack\zNWK.c
                 __pa_125   0x006f2e    program     static C:\Users\NguyenTienDat\Desktop\ActorHome\PIC18_Zigbee_v2\PIC18_Zigbee_R&D_by_Lab411\microchip\ZigBeeStack\zZDO.c
                 __pa_125   0x00400a    program     static C:\Users\NguyenTienDat\Desktop\ActorHome\PIC18_Zigbee_v2\PIC18_Zigbee_R&D_by_Lab411\microchip\ZigBeeStack\zNWK.c
                 __pa_125   0x0095fc    program     static C:\Users\NguyenTienDat\Desktop\ActorHome\PIC18_Zigbee_v2\PIC18_Zigbee_R&D_by_Lab411\microchip\ZigBeeStack\zAPS.c
                 __pa_126   0x004018    program     static C:\Users\NguyenTienDat\Desktop\ActorHome\PIC18_Zigbee_v2\PIC18_Zigbee_R&D_by_Lab411\microchip\ZigBeeStack\zNWK.c
                 __pa_126   0x006f36    program     static C:\Users\NguyenTienDat\Desktop\ActorHome\PIC18_Zigbee_v2\PIC18_Zigbee_R&D_by_Lab411\microchip\ZigBeeStack\zZDO.c
                 __pa_126   0x009602    program     static C:\Users\NguyenTienDat\Desktop\ActorHome\PIC18_Zigbee_v2\PIC18_Zigbee_R&D_by_Lab411\microchip\ZigBeeStack\zAPS.c
                 __pa_127   0x00960e    program     static C:\Users\NguyenTienDat\Desktop\ActorHome\PIC18_Zigbee_v2\PIC18_Zigbee_R&D_by_Lab411\microchip\ZigBeeStack\zAPS.c
                 __pa_127   0x004026    program     static C:\Users\NguyenTienDat\Desktop\ActorHome\PIC18_Zigbee_v2\PIC18_Zigbee_R&D_by_Lab411\microchip\ZigBeeStack\zNWK.c
                 __pa_127   0x006f44    program     static C:\Users\NguyenTienDat\Desktop\ActorHome\PIC18_Zigbee_v2\PIC18_Zigbee_R&D_by_Lab411\microchip\ZigBeeStack\zZDO.c
                 __pa_128   0x00961a    program     static C:\Users\NguyenTienDat\Desktop\ActorHome\PIC18_Zigbee_v2\PIC18_Zigbee_R&D_by_Lab411\microchip\ZigBeeStack\zAPS.c
                 __pa_128   0x004030    program     static C:\Users\NguyenTienDat\Desktop\ActorHome\PIC18_Zigbee_v2\PIC18_Zigbee_R&D_by_Lab411\microchip\ZigBeeStack\zNWK.c
                 __pa_128   0x006f4a    program     static C:\Users\NguyenTienDat\Desktop\ActorHome\PIC18_Zigbee_v2\PIC18_Zigbee_R&D_by_Lab411\microchip\ZigBeeStack\zZDO.c
                 __pa_129   0x009626    program     static C:\Users\NguyenTienDat\Desktop\ActorHome\PIC18_Zigbee_v2\PIC18_Zigbee_R&D_by_Lab411\microchip\ZigBeeStack\zAPS.c
                 __pa_129   0x00403a    program     static C:\Users\NguyenTienDat\Desktop\ActorHome\PIC18_Zigbee_v2\PIC18_Zigbee_R&D_by_Lab411\microchip\ZigBeeStack\zNWK.c
                 __pa_129   0x006f52    program     static C:\Users\NguyenTienDat\Desktop\ActorHome\PIC18_Zigbee_v2\PIC18_Zigbee_R&D_by_Lab411\microchip\ZigBeeStack\zZDO.c
                  __pa_13   0x00b0c0    program     static C:\Users\NguyenTienDat\Desktop\ActorHome\PIC18_Zigbee_v2\PIC18_Zigbee_R&D_by_Lab411\microchip\ZigBeeStack\zMAC_MRF24J40.c
                  __pa_13   0x00c036    program     static D:\3.43\pic18-lt\cxx-framework\src\traditional\stdclib\vfprintf.c
                  __pa_13   0x003a7a    program     static C:\Users\NguyenTienDat\Desktop\ActorHome\PIC18_Zigbee_v2\PIC18_Zigbee_R&D_by_Lab411\microchip\ZigBeeStack\zNWK.c
                  __pa_13   0x00692e    program     static C:\Users\NguyenTienDat\Desktop\ActorHome\PIC18_Zigbee_v2\PIC18_Zigbee_R&D_by_Lab411\microchip\ZigBeeStack\zZDO.c
                  __pa_13   0x0090d0    program     static C:\Users\NguyenTienDat\Desktop\ActorHome\PIC18_Zigbee_v2\PIC18_Zigbee_R&D_by_Lab411\microchip\ZigBeeStack\zAPS.c
                 __pa_130   0x006f58    program     static C:\Users\NguyenTienDat\Desktop\ActorHome\PIC18_Zigbee_v2\PIC18_Zigbee_R&D_by_Lab411\microchip\ZigBeeStack\zZDO.c
                 __pa_130   0x009634    program     static C:\Users\NguyenTienDat\Desktop\ActorHome\PIC18_Zigbee_v2\PIC18_Zigbee_R&D_by_Lab411\microchip\ZigBeeStack\zAPS.c
                 __pa_130   0x004044    program     static C:\Users\NguyenTienDat\Desktop\ActorHome\PIC18_Zigbee_v2\PIC18_Zigbee_R&D_by_Lab411\microchip\ZigBeeStack\zNWK.c
                 __pa_131   0x006f5e    program     static C:\Users\NguyenTienDat\Desktop\ActorHome\PIC18_Zigbee_v2\PIC18_Zigbee_R&D_by_Lab411\microchip\ZigBeeStack\zZDO.c
                 __pa_131   0x00404e    program     static C:\Users\NguyenTienDat\Desktop\ActorHome\PIC18_Zigbee_v2\PIC18_Zigbee_R&D_by_Lab411\microchip\ZigBeeStack\zNWK.c
                 __pa_131   0x009642    program     static C:\Users\NguyenTienDat\Desktop\ActorHome\PIC18_Zigbee_v2\PIC18_Zigbee_R&D_by_Lab411\microchip\ZigBeeStack\zAPS.c
                 __pa_132   0x006f64    program     static C:\Users\NguyenTienDat\Desktop\ActorHome\PIC18_Zigbee_v2\PIC18_Zigbee_R&D_by_Lab411\microchip\ZigBeeStack\zZDO.c
                 __pa_132   0x004058    program     static C:\Users\NguyenTienDat\Desktop\ActorHome\PIC18_Zigbee_v2\PIC18_Zigbee_R&D_by_Lab411\microchip\ZigBeeStack\zNWK.c
                 __pa_132   0x00964c    program     static C:\Users\NguyenTienDat\Desktop\ActorHome\PIC18_Zigbee_v2\PIC18_Zigbee_R&D_by_Lab411\microchip\ZigBeeStack\zAPS.c
                 __pa_133   0x006f6a    program     static C:\Users\NguyenTienDat\Desktop\ActorHome\PIC18_Zigbee_v2\PIC18_Zigbee_R&D_by_Lab411\microchip\ZigBeeStack\zZDO.c
                 __pa_133   0x004060    program     static C:\Users\NguyenTienDat\Desktop\ActorHome\PIC18_Zigbee_v2\PIC18_Zigbee_R&D_by_Lab411\microchip\ZigBeeStack\zNWK.c
                 __pa_133   0x009654    program     static C:\Users\NguyenTienDat\Desktop\ActorHome\PIC18_Zigbee_v2\PIC18_Zigbee_R&D_by_Lab411\microchip\ZigBeeStack\zAPS.c
[...]
                     DDRA   0x000f92       data     extern D:\3.43\pic18-lt\cxx-framework\src\traditional\proc\p18f26k20.asm
                     DDRB   0x000f93       data     extern D:\3.43\pic18-lt\cxx-framework\src\traditional\proc\p18f26k20.asm
                 DDRBbits   0x000f93       data     extern D:\3.43\pic18-lt\cxx-framework\src\traditional\proc\p18f26k20.asm
                    TRISB   0x000f93       data     extern D:\3.43\pic18-lt\cxx-framework\src\traditional\proc\p18f26k20.asm
                TRISBbits   0x000f93       data     extern D:\3.43\pic18-lt\cxx-framework\src\traditional\proc\p18f26k20.asm
                 DDRCbits   0x000f94       data     extern D:\3.43\pic18-lt\cxx-framework\src\traditional\proc\p18f26k20.asm
                     DDRC   0x000f94       data     extern D:\3.43\pic18-lt\cxx-framework\src\traditional\proc\p18f26k20.asm
                    TRISC   0x000f94       data     extern D:\3.43\pic18-lt\cxx-framework\src\traditional\proc\p18f26k20.asm
                TRISCbits   0x000f94       data     extern D:\3.43\pic18-lt\cxx-framework\src\traditional\proc\p18f26k20.asm
                  OSCTUNE   0x000f9b       data     extern D:\3.43\pic18-lt\cxx-framework\src\traditional\proc\p18f26k20.asm
              OSCTUNEbits   0x000f9b       data     extern D:\3.43\pic18-lt\cxx-framework\src\traditional\proc\p18f26k20.asm
                 PIE1bits   0x000f9d       data     extern D:\3.43\pic18-lt\cxx-framework\src\traditional\proc\p18f26k20.asm
                     PIE1   0x000f9d       data     extern D:\3.43\pic18-lt\cxx-framework\src\traditional\proc\p18f26k20.asm
                 PIR1bits   0x000f9e       data     extern D:\3.43\pic18-lt\cxx-framework\src\traditional\proc\p18f26k20.asm
                     PIR1   0x000f9e       data     extern D:\3.43\pic18-lt\cxx-framework\src\traditional\proc\p18f26k20.asm
                     IPR1   0x000f9f       data     extern D:\3.43\pic18-lt\cxx-framework\src\traditional\proc\p18f26k20.asm
                 IPR1bits   0x000f9f       data     extern D:\3.43\pic18-lt\cxx-framework\src\traditional\proc\p18f26k20.asm
                 PIE2bits   0x000fa0       data     extern D:\3.43\pic18-lt\cxx-framework\src\traditional\proc\p18f26k20.asm
                     PIE2   0x000fa0       data     extern D:\3.43\pic18-lt\cxx-framework\src\traditional\proc\p18f26k20.asm
                     PIR2   0x000fa1       data     extern D:\3.43\pic18-lt\cxx-framework\src\traditional\proc\p18f26k20.asm
                 PIR2bits   0x000fa1       data     extern D:\3.43\pic18-lt\cxx-framework\src\traditional\proc\p18f26k20.asm
                     IPR2   0x000fa2       data     extern D:\3.43\pic18-lt\cxx-framework\src\traditional\proc\p18f26k20.asm
                 IPR2bits   0x000fa2       data     extern D:\3.43\pic18-lt\cxx-framework\src\traditional\proc\p18f26k20.asm
               EECON1bits   0x000fa6       data     extern D:\3.43\pic18-lt\cxx-framework\src\traditional\proc\p18f26k20.asm
                   EECON1   0x000fa6       data     extern D:\3.43\pic18-lt\cxx-framework\src\traditional\proc\p18f26k20.asm
                   EECON2   0x000fa7       data     extern D:\3.43\pic18-lt\cxx-framework\src\traditional\proc\p18f26k20.asm
                   EEDATA   0x000fa8       data     extern D:\3.43\pic18-lt\cxx-framework\src\traditional\proc\p18f26k20.asm
                EEADRbits   0x000fa9       data     extern D:\3.43\pic18-lt\cxx-framework\src\traditional\proc\p18f26k20.asm
                    EEADR   0x000fa9       data     extern D:\3.43\pic18-lt\cxx-framework\src\traditional\proc\p18f26k20.asm
               EEADRHbits   0x000faa       data     extern D:\3.43\pic18-lt\cxx-framework\src\traditional\proc\p18f26k20.asm
                   EEADRH   0x000faa       data     extern D:\3.43\pic18-lt\cxx-framework\src\traditional\proc\p18f26k20.asm
                    RCSTA   0x000fab       data     extern D:\3.43\pic18-lt\cxx-framework\src\traditional\proc\p18f26k20.asm
                RCSTAbits   0x000fab       data     extern D:\3.43\pic18-lt\cxx-framework\src\traditional\proc\p18f26k20.asm
                TXSTAbits   0x000fac       data     extern D:\3.43\pic18-lt\cxx-framework\src\traditional\proc\p18f26k20.asm
                    TXSTA   0x000fac       data     extern D:\3.43\pic18-lt\cxx-framework\src\traditional\proc\p18f26k20.asm
                    TXREG   0x000fad       data     extern D:\3.43\pic18-lt\cxx-framework\src\traditional\proc\p18f26k20.asm
                    RCREG   0x000fae       data     extern D:\3.43\pic18-lt\cxx-framework\src\traditional\proc\p18f26k20.asm
                    SPBRG   0x000faf       data     extern D:\3.43\pic18-lt\cxx-framework\src\traditional\proc\p18f26k20.asm
                   SPBRGH   0x000fb0       data     extern D:\3.43\pic18-lt\cxx-framework\src\traditional\proc\p18f26k20.asm
                    T3CON   0x000fb1       data     extern D:\3.43\pic18-lt\cxx-framework\src\traditional\proc\p18f26k20.asm
                T3CONbits   0x000fb1       data     extern D:\3.43\pic18-lt\cxx-framework\src\traditional\proc\p18f26k20.asm
                    TMR3L   0x000fb2       data     extern D:\3.43\pic18-lt\cxx-framework\src\traditional\proc\p18f26k20.asm
                    TMR3H   0x000fb3       data     extern D:\3.43\pic18-lt\cxx-framework\src\traditional\proc\p18f26k20.asm
                  CVRCON2   0x000fb4       data     extern D:\3.43\pic18-lt\cxx-framework\src\traditional\proc\p18f26k20.asm
              CVRCON2bits   0x000fb4       data     extern D:\3.43\pic18-lt\cxx-framework\src\traditional\proc\p18f26k20.asm
                   CVRCON   0x000fb5       data     extern D:\3.43\pic18-lt\cxx-framework\src\traditional\proc\p18f26k20.asm
               CVRCONbits   0x000fb5       data     extern D:\3.43\pic18-lt\cxx-framework\src\traditional\proc\p18f26k20.asm
              ECCP1ASbits   0x000fb6       data     extern D:\3.43\pic18-lt\cxx-framework\src\traditional\proc\p18f26k20.asm
                  ECCP1AS   0x000fb6       data     extern D:\3.43\pic18-lt\cxx-framework\src\traditional\proc\p18f26k20.asm
                  PWM1CON   0x000fb7       data     extern D:\3.43\pic18-lt\cxx-framework\src\traditional\proc\p18f26k20.asm
              PWM1CONbits   0x000fb7       data     extern D:\3.43\pic18-lt\cxx-framework\src\traditional\proc\p18f26k20.asm
                  BAUDCON   0x000fb8       data     extern D:\3.43\pic18-lt\cxx-framework\src\traditional\proc\p18f26k20.asm
              BAUDCONbits   0x000fb8       data     extern D:\3.43\pic18-lt\cxx-framework\src\traditional\proc\p18f26k20.asm
                  BAUDCTL   0x000fb8       data     extern D:\3.43\pic18-lt\cxx-framework\src\traditional\proc\p18f26k20.asm
              BAUDCTLbits   0x000fb8       data     extern D:\3.43\pic18-lt\cxx-framework\src\traditional\proc\p18f26k20.asm
                  PSTRCON   0x000fb9       data     extern D:\3.43\pic18-lt\cxx-framework\src\traditional\proc\p18f26k20.asm
              PSTRCONbits   0x000fb9       data     extern D:\3.43\pic18-lt\cxx-framework\src\traditional\proc\p18f26k20.asm
                  CCP2CON   0x000fba       data     extern D:\3.43\pic18-lt\cxx-framework\src\traditional\proc\p18f26k20.asm
              CCP2CONbits   0x000fba       data     extern D:\3.43\pic18-lt\cxx-framework\src\traditional\proc\p18f26k20.asm
                    CCPR2   0x000fbb       data     extern D:\3.43\pic18-lt\cxx-framework\src\traditional\proc\p18f26k20.asm
                   CCPR2L   0x000fbb       data     extern D:\3.43\pic18-lt\cxx-framework\src\traditional\proc\p18f26k20.asm
                   CCPR2H   0x000fbc       data     extern D:\3.43\pic18-lt\cxx-framework\src\traditional\proc\p18f26k20.asm
                  CCP1CON   0x000fbd       data     extern D:\3.43\pic18-lt\cxx-framework\src\traditional\proc\p18f26k20.asm
              CCP1CONbits   0x000fbd       data     extern D:\3.43\pic18-lt\cxx-framework\src\traditional\proc\p18f26k20.asm
                   CCPR1L   0x000fbe       data     extern D:\3.43\pic18-lt\cxx-framework\src\traditional\proc\p18f26k20.asm
                    CCPR1   0x000fbe       data     extern D:\3.43\pic18-lt\cxx-framework\src\traditional\proc\p18f26k20.asm
                   CCPR1H   0x000fbf       data     extern D:\3.43\pic18-lt\cxx-framework\src\traditional\proc\p18f26k20.asm
               ADCON2bits   0x000fc0       data     extern D:\3.43\pic18-lt\cxx-framework\src\traditional\proc\p18f26k20.asm
                   ADCON2   0x000fc0       data     extern D:\3.43\pic18-lt\cxx-framework\src\traditional\proc\p18f26k20.asm
               ADCON1bits   0x000fc1       data     extern D:\3.43\pic18-lt\cxx-framework\src\traditional\proc\p18f26k20.asm
                   ADCON1   0x000fc1       data     extern D:\3.43\pic18-lt\cxx-framework\src\traditional\proc\p18f26k20.asm
                   ADCON0   0x000fc2       data     extern D:\3.43\pic18-lt\cxx-framework\src\traditional\proc\p18f26k20.asm
               ADCON0bits   0x000fc2       data     extern D:\3.43\pic18-lt\cxx-framework\src\traditional\proc\p18f26k20.asm
                    ADRES   0x000fc3       data     extern D:\3.43\pic18-lt\cxx-framework\src\traditional\proc\p18f26k20.asm
                   ADRESL   0x000fc3       data     extern D:\3.43\pic18-lt\cxx-framework\src\traditional\proc\p18f26k20.asm
                   ADRESH   0x000fc4       data     extern D:\3.43\pic18-lt\cxx-framework\src\traditional\proc\p18f26k20.asm
                  SSPCON2   0x000fc5       data     extern D:\3.43\pic18-lt\cxx-framework\src\traditional\proc\p18f26k20.asm
              SSPCON2bits   0x000fc5       data     extern D:\3.43\pic18-lt\cxx-framework\src\traditional\proc\p18f26k20.asm
                  SSPCON1   0x000fc6       data     extern D:\3.43\pic18-lt\cxx-framework\src\traditional\proc\p18f26k20.asm
              SSPCON1bits   0x000fc6       data     extern D:\3.43\pic18-lt\cxx-framework\src\traditional\proc\p18f26k20.asm
                  SSPSTAT   0x000fc7       data     extern D:\3.43\pic18-lt\cxx-framework\src\traditional\proc\p18f26k20.asm
              SSPSTATbits   0x000fc7       data     extern D:\3.43\pic18-lt\cxx-framework\src\traditional\proc\p18f26k20.asm
                   SSPADD   0x000fc8       data     extern D:\3.43\pic18-lt\cxx-framework\src\traditional\proc\p18f26k20.asm
                   SSPBUF   0x000fc9       data     extern D:\3.43\pic18-lt\cxx-framework\src\traditional\proc\p18f26k20.asm
                    T2CON   0x000fca       data     extern D:\3.43\pic18-lt\cxx-framework\src\traditional\proc\p18f26k20.asm
                T2CONbits   0x000fca       data     extern D:\3.43\pic18-lt\cxx-framework\src\traditional\proc\p18f26k20.asm
                      PR2   0x000fcb       data     extern D:\3.43\pic18-lt\cxx-framework\src\traditional\proc\p18f26k20.asm
                     TMR2   0x000fcc       data     extern D:\3.43\pic18-lt\cxx-framework\src\traditional\proc\p18f26k20.asm
                T1CONbits   0x000fcd       data     extern D:\3.43\pic18-lt\cxx-framework\src\traditional\proc\p18f26k20.asm
                    T1CON   0x000fcd       data     extern D:\3.43\pic18-lt\cxx-framework\src\traditional\proc\p18f26k20.asm
                    TMR1L   0x000fce       data     extern D:\3.43\pic18-lt\cxx-framework\src\traditional\proc\p18f26k20.asm
                    TMR1H   0x000fcf       data     extern D:\3.43\pic18-lt\cxx-framework\src\traditional\proc\p18f26k20.asm
                     RCON   0x000fd0       data     extern D:\3.43\pic18-lt\cxx-framework\src\traditional\proc\p18f26k20.asm
                 RCONbits   0x000fd0       data     extern D:\3.43\pic18-lt\cxx-framework\src\traditional\proc\p18f26k20.asm
               WDTCONbits   0x000fd1       data     extern D:\3.43\pic18-lt\cxx-framework\src\traditional\proc\p18f26k20.asm
                   WDTCON   0x000fd1       data     extern D:\3.43\pic18-lt\cxx-framework\src\traditional\proc\p18f26k20.asm
               LVDCONbits   0x000fd2       data     extern D:\3.43\pic18-lt\cxx-framework\src\traditional\proc\p18f26k20.asm
                   LVDCON   0x000fd2       data     extern D:\3.43\pic18-lt\cxx-framework\src\traditional\proc\p18f26k20.asm
              HLVDCONbits   0x000fd2       data     extern D:\3.43\pic18-lt\cxx-framework\src\traditional\proc\p18f26k20.asm
                  HLVDCON   0x000fd2       data     extern D:\3.43\pic18-lt\cxx-framework\src\traditional\proc\p18f26k20.asm
               OSCCONbits   0x000fd3       data     extern D:\3.43\pic18-lt\cxx-framework\src\traditional\proc\p18f26k20.asm
                   OSCCON   0x000fd3       data     extern D:\3.43\pic18-lt\cxx-framework\src\traditional\proc\p18f26k20.asm
                T0CONbits   0x000fd5       data     extern D:\3.43\pic18-lt\cxx-framework\src\traditional\proc\p18f26k20.asm
                    T0CON   0x000fd5       data     extern D:\3.43\pic18-lt\cxx-framework\src\traditional\proc\p18f26k20.asm
                    TMR0L   0x000fd6       data     extern D:\3.43\pic18-lt\cxx-framework\src\traditional\proc\p18f26k20.asm
                    TMR0H   0x000fd7       data     extern D:\3.43\pic18-lt\cxx-framework\src\traditional\proc\p18f26k20.asm
                   STATUS   0x000fd8       data     extern D:\3.43\pic18-lt\cxx-framework\src\traditional\proc\p18f26k20.asm
               STATUSbits   0x000fd8       data     extern D:\3.43\pic18-lt\cxx-framework\src\traditional\proc\p18f26k20.asm
                     FSR2   0x000fd9       data     extern D:\3.43\pic18-lt\cxx-framework\src\traditional\proc\p18f26k20.asm
                    FSR2L   0x000fd9       data     extern D:\3.43\pic18-lt\cxx-framework\src\traditional\proc\p18f26k20.asm
                    FSR2H   0x000fda       data     extern D:\3.43\pic18-lt\cxx-framework\src\traditional\proc\p18f26k20.asm
                   PLUSW2   0x000fdb       data     extern D:\3.43\pic18-lt\cxx-framework\src\traditional\proc\p18f26k20.asm
                  PREINC2   0x000fdc       data     extern D:\3.43\pic18-lt\cxx-framework\src\traditional\proc\p18f26k20.asm
                 POSTDEC2   0x000fdd       data     extern D:\3.43\pic18-lt\cxx-framework\src\traditional\proc\p18f26k20.asm
                 POSTINC2   0x000fde       data     extern D:\3.43\pic18-lt\cxx-framework\src\traditional\proc\p18f26k20.asm
                    INDF2   0x000fdf       data     extern D:\3.43\pic18-lt\cxx-framework\src\traditional\proc\p18f26k20.asm
                      BSR   0x000fe0       data     extern D:\3.43\pic18-lt\cxx-framework\src\traditional\proc\p18f26k20.asm
                     FSR1   0x000fe1       data     extern D:\3.43\pic18-lt\cxx-framework\src\traditional\proc\p18f26k20.asm
                    FSR1L   0x000fe1       data     extern D:\3.43\pic18-lt\cxx-framework\src\traditional\proc\p18f26k20.asm
                    FSR1H   0x000fe2       data     extern D:\3.43\pic18-lt\cxx-framework\src\traditional\proc\p18f26k20.asm
                   PLUSW1   0x000fe3       data     extern D:\3.43\pic18-lt\cxx-framework\src\traditional\proc\p18f26k20.asm
                  PREINC1   0x000fe4       data     extern D:\3.43\pic18-lt\cxx-framework\src\traditional\proc\p18f26k20.asm
                 POSTDEC1   0x000fe5       data     extern D:\3.43\pic18-lt\cxx-framework\src\traditional\proc\p18f26k20.asm
                 POSTINC1   0x000fe6       data     extern D:\3.43\pic18-lt\cxx-framework\src\traditional\proc\p18f26k20.asm
                    INDF1   0x000fe7       data     extern D:\3.43\pic18-lt\cxx-framework\src\traditional\proc\p18f26k20.asm
                        W   0x000fe8       data     extern D:\3.43\pic18-lt\cxx-framework\src\traditional\proc\p18f26k20.asm
                     WREG   0x000fe8       data     extern D:\3.43\pic18-lt\cxx-framework\src\traditional\proc\p18f26k20.asm
                    FSR0L   0x000fe9       data     extern D:\3.43\pic18-lt\cxx-framework\src\traditional\proc\p18f26k20.asm
                     FSR0   0x000fe9       data     extern D:\3.43\pic18-lt\cxx-framework\src\traditional\proc\p18f26k20.asm
                    FSR0H   0x000fea       data     extern D:\3.43\pic18-lt\cxx-framework\src\traditional\proc\p18f26k20.asm
                   PLUSW0   0x000feb       data     extern D:\3.43\pic18-lt\cxx-framework\src\traditional\proc\p18f26k20.asm
                  PREINC0   0x000fec       data     extern D:\3.43\pic18-lt\cxx-framework\src\traditional\proc\p18f26k20.asm
                 POSTDEC0   0x000fed       data     extern D:\3.43\pic18-lt\cxx-framework\src\traditional\proc\p18f26k20.asm
                 POSTINC0   0x000fee       data     extern D:\3.43\pic18-lt\cxx-framework\src\traditional\proc\p18f26k20.asm
                    INDF0   0x000fef       data     extern D:\3.43\pic18-lt\cxx-framework\src\traditional\proc\p18f26k20.asm
              INTCON3bits   0x000ff0       data     extern D:\3.43\pic18-lt\cxx-framework\src\traditional\proc\p18f26k20.asm
                  INTCON3   0x000ff0       data     extern D:\3.43\pic18-lt\cxx-framework\src\traditional\proc\p18f26k20.asm
                  INTCON2   0x000ff1       data     extern D:\3.43\pic18-lt\cxx-framework\src\traditional\proc\p18f26k20.asm
              INTCON2bits   0x000ff1       data     extern D:\3.43\pic18-lt\cxx-framework\src\traditional\proc\p18f26k20.asm
                   INTCON   0x000ff2       data     extern D:\3.43\pic18-lt\cxx-framework\src\traditional\proc\p18f26k20.asm
               INTCONbits   0x000ff2       data     extern D:\3.43\pic18-lt\cxx-framework\src\traditional\proc\p18f26k20.asm
                     PROD   0x000ff3       data     extern D:\3.43\pic18-lt\cxx-framework\src\traditional\proc\p18f26k20.asm
                    PRODL   0x000ff3       data     extern D:\3.43\pic18-lt\cxx-framework\src\traditional\proc\p18f26k20.asm
                    PRODH   0x000ff4       data     extern D:\3.43\pic18-lt\cxx-framework\src\traditional\proc\p18f26k20.asm
                   TABLAT   0x000ff5       data     extern D:\3.43\pic18-lt\cxx-framework\src\traditional\proc\p18f26k20.asm
                  TBLPTRL   0x000ff6       data     extern D:\3.43\pic18-lt\cxx-framework\src\traditional\proc\p18f26k20.asm
                   TBLPTR   0x000ff6       data     extern D:\3.43\pic18-lt\cxx-framework\src\traditional\proc\p18f26k20.asm
                  TBLPTRH   0x000ff7       data     extern D:\3.43\pic18-lt\cxx-framework\src\traditional\proc\p18f26k20.asm
                  TBLPTRU   0x000ff8       data     extern D:\3.43\pic18-lt\cxx-framework\src\traditional\proc\p18f26k20.asm
                       PC   0x000ff9       data     extern D:\3.43\pic18-lt\cxx-framework\src\traditional\proc\p18f26k20.asm
                      PCL   0x000ff9       data     extern D:\3.43\pic18-lt\cxx-framework\src\traditional\proc\p18f26k20.asm
                   PCLATH   0x000ffa       data     extern D:\3.43\pic18-lt\cxx-framework\src\traditional\proc\p18f26k20.asm
                   PCLATU   0x000ffb       data     extern D:\3.43\pic18-lt\cxx-framework\src\traditional\proc\p18f26k20.asm
                   STKPTR   0x000ffc       data     extern D:\3.43\pic18-lt\cxx-framework\src\traditional\proc\p18f26k20.asm
               STKPTRbits   0x000ffc       data     extern D:\3.43\pic18-lt\cxx-framework\src\traditional\proc\p18f26k20.asm
                      TOS   0x000ffd       data     extern D:\3.43\pic18-lt\cxx-framework\src\traditional\proc\p18f26k20.asm
                     TOSL   0x000ffd       data     extern D:\3.43\pic18-lt\cxx-framework\src\traditional\proc\p18f26k20.asm
                     TOSH   0x000ffe       data     extern D:\3.43\pic18-lt\cxx-framework\src\traditional\proc\p18f26k20.asm
                     TOSU   0x000fff       data     extern D:\3.43\pic18-lt\cxx-framework\src\traditional\proc\p18f26k20.asm


