MPLINK 4.34, Linker
Linker Map File - Created Tue Dec 01 21:27:52 2009

                                 Section Info
                  Section       Type    Address   Location Size(Bytes)
                ---------  ---------  ---------  ---------  ---------
               _entry_scn       code   0x000000    program   0x000006
               highVector       code   0x000008    program   0x000006
               lowhVector       code   0x000018    program   0x000006
                   .cinit    romdata   0x000032    program   0x000026
             .code_zNWK.o       code   0x000058    program   0x003f42
             .code_zZDO.o       code   0x003f9a    program   0x002bb4
             .code_zAPS.o       code   0x006b4e    program   0x002538
    .code_zMAC_MRF24J40.o       code   0x009086    program   0x001a66
      .code_Coordinator.o       code   0x00aaec    program   0x000e6e
    .code_zPHY_MRF24J40.o       code   0x00b95a    program   0x000b86
             .stringtable    romdata   0x00c4e0    program   0x0007a1
          .idata_zNVM.o_i    romdata   0x00cc81    program   0x000000
    .idata_SymbolTime.o_i    romdata   0x00cc81    program   0x000000
       .idata_sralloc.o_i    romdata   0x00cc81    program   0x000000
    .romdata_SymbolTime.o    romdata   0x00cc81    program   0x000000
        .idata___init.o_i    romdata   0x00cc81    program   0x000000
       .romdata_fxm3232.o    romdata   0x00cc81    program   0x000000
          .romdata_zAPS.o    romdata   0x00cc81    program   0x000000
 .romdata_zPHY_MRF24J40.o    romdata   0x00cc81    program   0x000000
       .idata_fxm3232.o_i    romdata   0x00cc81    program   0x000000
   .romdata_Coordinator.o    romdata   0x00cc81    program   0x000000
       .idata_Console.o_i    romdata   0x00cc81    program   0x000000
          .romdata_zZDO.o    romdata   0x00cc81    program   0x000000
.idata_zSecurity_MRF24J40.o_i    romdata   0x00cc81    program   0x000000
        .romdata___init.o    romdata   0x00cc81    program   0x000000
         .code_myZigBee.o       code   0x00cc82    program   0x000000
      .code_ZigbeeTasks.o       code   0x00cc82    program   0x0003ea
             .code_zNVM.o       code   0x00d06c    program   0x0003c4
          .romdata_zNVM.o    romdata   0x00d430    program   0x0003bf
          .romdata_zNWK.o    romdata   0x00d7ef    program   0x000000
 .idata_zMAC_MRF24J40.o_i    romdata   0x00d7ef    program   0x000000
 .idata_zPHY_MRF24J40.o_i    romdata   0x00d7ef    program   0x000000
.romdata_zSecurity_MRF24J40.o    romdata   0x00d7ef    program   0x000000
          .idata_zZDO.o_i    romdata   0x00d7ef    program   0x000000
         .idata_c018i.o_i    romdata   0x00d7ef    program   0x000000
         .romdata_c018i.o    romdata   0x00d7ef    program   0x000000
          .idata_MSPI.o_i    romdata   0x00d7ef    program   0x000000
          .romdata_MSPI.o    romdata   0x00d7ef    program   0x000000
      .idata_myZigBee.o_i    romdata   0x00d7ef    program   0x000000
       .romdata_sralloc.o    romdata   0x00d7ef    program   0x000000
   .romdata_ZigbeeTasks.o    romdata   0x00d7ef    program   0x000000
   .idata_ZigbeeTasks.o_i    romdata   0x00d7ef    program   0x000000
            .code_c018i.o       code   0x00d7f0    program   0x000000
.code_zSecurity_MRF24J40.o       code   0x00d7f0    program   0x000000
          .code_sralloc.o       code   0x00d7f0    program   0x0002ac
                     PROG       code   0x00da9c    program   0x00023a
          .code_Console.o       code   0x00dcd6    program   0x000148
                   STRING       code   0x00de1e    program   0x00012c
       .code_SymbolTime.o       code   0x00df4a    program   0x0000aa
      .romdata_myZigBee.o    romdata   0x00dff4    program   0x0000a6
               _cinit_scn       code   0x00e09a    program   0x00009e
             .code_MSPI.o       code   0x00e138    program   0x00008e
          .code_fxm3232.o       code   0x00e1c6    program   0x000070
 .romdata_zMAC_MRF24J40.o    romdata   0x00e236    program   0x00003c
                    .code       code   0x00e272    program   0x000020
             _startup_scn       code   0x00e292    program   0x00001c
       .romdata_Console.o    romdata   0x00e2ae    program   0x000010
           .code___init.o       code   0x00e2be    program   0x000002
          .idata_zNWK.o_i    romdata   0x00e2c0    program   0x000002
          .idata_zAPS.o_i    romdata   0x00e2c2    program   0x000002
   .idata_Coordinator.o_i    romdata   0x00e2c4    program   0x00000c
                 CONFIG1H    romdata   0x300001    program   0x000001
                 CONFIG2L    romdata   0x300002    program   0x000001
                 CONFIG2H    romdata   0x300003    program   0x000001
                 CONFIG3H    romdata   0x300005    program   0x000001
                 CONFIG4L    romdata   0x300006    program   0x000001
                MATH_DATA      udata   0x000000       data   0x000014
                 .tmpdata      udata   0x000014       data   0x000010
              HighISR_tmp      udata   0x000024       data   0x000004
     .idata_Coordinator.o      idata   0x000080       data   0x00000c
            MultiBankHeap      udata   0x000100       data   0x000700
                   .stack      udata   0x000800       data   0x000200
                RX_BUFFER      udata   0x000a00       data   0x000100
            .udata_zNWK.o      udata   0x000b00       data   0x0000fc
            .idata_zNWK.o      idata   0x000bfc       data   0x000002
            .idata_zAPS.o      idata   0x000bfe       data   0x000002
                DUP_TABLE      udata   0x000c00       data   0x0000a8
            .udata_zNVM.o      udata   0x000ca8       data   0x00003b
     .udata_Coordinator.o      udata   0x000ce3       data   0x00001b
      .udata_SymbolTime.o      udata   0x000cfe       data   0x000002
   .udata_zMAC_MRF24J40.o      udata   0x000d00       data   0x000083
            .udata_zAPS.o      udata   0x000d83       data   0x000068
   .udata_zPHY_MRF24J40.o      udata   0x000deb       data   0x00000f
     .udata_ZigbeeTasks.o      udata   0x000e00       data   0x0000aa
            .udata_zZDO.o      udata   0x000eaa       data   0x00003f
           .udata_c018i.o      udata   0x000ee9       data   0x00000a
.udata_zSecurity_MRF24J40.o      udata   0x000ef3       data   0x000000
.idata_zSecurity_MRF24J40.o      idata   0x000ef3       data   0x000000
            .idata_zZDO.o      idata   0x000ef3       data   0x000000
           .idata_c018i.o      idata   0x000ef3       data   0x000000
         .udata_fxm3232.o      udata   0x000ef3       data   0x000000
         .idata_fxm3232.o      idata   0x000ef3       data   0x000000
   .idata_zPHY_MRF24J40.o      idata   0x000ef3       data   0x000000
          .udata___init.o      udata   0x000ef3       data   0x000000
          .idata___init.o      idata   0x000ef3       data   0x000000
            .idata_zNVM.o      idata   0x000ef3       data   0x000000
   .idata_zMAC_MRF24J40.o      idata   0x000ef3       data   0x000000
     .idata_ZigbeeTasks.o      idata   0x000ef3       data   0x000000
      .idata_SymbolTime.o      idata   0x000ef3       data   0x000000
         .idata_sralloc.o      idata   0x000ef3       data   0x000000
         .udata_sralloc.o      udata   0x000ef3       data   0x000000
        .idata_myZigBee.o      idata   0x000ef3       data   0x000000
        .udata_myZigBee.o      udata   0x000ef3       data   0x000000
            .idata_MSPI.o      idata   0x000ef3       data   0x000000
            .udata_MSPI.o      udata   0x000ef3       data   0x000000
         .idata_Console.o      idata   0x000ef3       data   0x000000
         .udata_Console.o      udata   0x000ef3       data   0x000000
            SFR_UNBANKED0      udata   0x000f80       data   0x000080



                              Program Memory Usage 
                               Start         End      
                           ---------   ---------      
                            0x000000    0x000005      
                            0x000008    0x00000d      
                            0x000018    0x00001d      
                            0x000032    0x00cc80      
                            0x00cc82    0x00d7ee      
                            0x00d7f0    0x00e2cf      
                            0x300001    0x300003      
                            0x300005    0x300006      
            58035 out of 66584 program addresses used, program memory utilization is 87%



                              Symbols - Sorted by Name
                     Name    Address   Location    Storage File                     
                ---------  ---------  ---------  --------- ---------                
        APSAddBindingInfo   0x007cae    program     extern F:\Microchip Solutions\ZigBee2006Res\microchip\ZigBeeStack\zAPS.c
  APSClearAPSAddressTable   0x007fac    program     extern F:\Microchip Solutions\ZigBee2006Res\microchip\ZigBeeStack\zAPS.c
       APSFromLongToShort   0x00857a    program     extern F:\Microchip Solutions\ZigBee2006Res\microchip\ZigBeeStack\zAPS.c
       APSFromShortToLong   0x008520    program     extern F:\Microchip Solutions\ZigBee2006Res\microchip\ZigBeeStack\zAPS.c
                   APSGet   0x007fee    program     extern F:\Microchip Solutions\ZigBee2006Res\microchip\ZigBeeStack\zAPS.c
    APSHasBackgroundTasks   0x006b4e    program     extern F:\Microchip Solutions\ZigBee2006Res\microchip\ZigBeeStack\zAPS.c
                  APSInit   0x006b5a    program     extern F:\Microchip Solutions\ZigBee2006Res\microchip\ZigBeeStack\zAPS.c
     APSRemoveBindingInfo   0x00800a    program     extern F:\Microchip Solutions\ZigBee2006Res\microchip\ZigBeeStack\zAPS.c
        APSSaveAPSAddress   0x0081ce    program     extern F:\Microchip Solutions\ZigBee2006Res\microchip\ZigBeeStack\zAPS.c
                 APSTasks   0x006cbe    program     extern F:\Microchip Solutions\ZigBee2006Res\microchip\ZigBeeStack\zAPS.c
             AddChildNode   0x002378    program     extern F:\Microchip Solutions\ZigBee2006Res\microchip\ZigBeeStack\zNWK.c
                 AddGroup   0x0086a6    program     extern F:\Microchip Solutions\ZigBee2006Res\microchip\ZigBeeStack\zAPS.c
          CanAddChildNode   0x002458    program     extern F:\Microchip Solutions\ZigBee2006Res\microchip\ZigBeeStack\zNWK.c
       CanAddNeighborNode   0x0024ca    program     extern F:\Microchip Solutions\ZigBee2006Res\microchip\ZigBeeStack\zNWK.c
           CharacterArray   0x00e2ae    program     extern F:\Microchip Solutions\ZigBee2006Res\microchip\Common\Console.c
                 ClearNVM   0x00d358    program     extern F:\Microchip Solutions\ZigBee2006Res\microchip\ZigBeeStack\zNVM.c
Config_NWK_Mode_and_Params   0x00e090    program     extern F:\Microchip Solutions\ZigBee2006Res\DemoPIC18Coordinator\myZigBee.c
   Config_Node_Descriptor   0x00dff4    program     extern F:\Microchip Solutions\ZigBee2006Res\DemoPIC18Coordinator\myZigBee.c
  Config_Power_Descriptor   0x00dffe    program     extern F:\Microchip Solutions\ZigBee2006Res\DemoPIC18Coordinator\myZigBee.c
Config_Simple_Descriptors   0x00e000    program     extern F:\Microchip Solutions\ZigBee2006Res\DemoPIC18Coordinator\myZigBee.c
               ConsoleGet   0x00dda6    program     extern F:\Microchip Solutions\ZigBee2006Res\microchip\Common\Console.c
         ConsoleGetString   0x00dd20    program     extern F:\Microchip Solutions\ZigBee2006Res\microchip\Common\Console.c
              ConsoleInit   0x00dcd6    program     extern F:\Microchip Solutions\ZigBee2006Res\microchip\Common\Console.c
               ConsolePut   0x00dd74    program     extern F:\Microchip Solutions\ZigBee2006Res\microchip\Common\Console.c
      ConsolePutROMString   0x00dcee    program     extern F:\Microchip Solutions\ZigBee2006Res\microchip\Common\Console.c
         ConsolePutString   0x00dd82    program     extern F:\Microchip Solutions\ZigBee2006Res\microchip\Common\Console.c
             CreateNewBTR   0x0024fa    program     extern F:\Microchip Solutions\ZigBee2006Res\microchip\ZigBeeStack\zNWK.c
         CreateRouteReply   0x0025b2    program     extern F:\Microchip Solutions\ZigBee2006Res\microchip\ZigBeeStack\zNWK.c
CreateRoutingTableEntries   0x002656    program     extern F:\Microchip Solutions\ZigBee2006Res\microchip\ZigBeeStack\zNWK.c
      DoneReceivingPacket   0x00c37c    program     static                          
          DuplicatePacket   0x0085a6    program     extern F:\Microchip Solutions\ZigBee2006Res\microchip\ZigBeeStack\zAPS.c
                 FLO3232S   0x00daa0    program     extern C:\MCC18\src\traditional\math\cast32FP.asm
                 FLO3232U   0x00da9c    program     extern C:\MCC18\src\traditional\math\cast32FP.asm
                 FXM1616U   0x00dad2    program     extern C:\MCC18\src\traditional\math\fxm1616u.asm
                  FXM3232   0x00e1c6    program     extern C:\MCC18\src\traditional\math\fxm3232.c
   FinishAddressResponses   0x00533e    program     extern F:\Microchip Solutions\ZigBee2006Res\microchip\ZigBeeStack\zZDO.C
              GetCSkipVal   0x002754    program     extern F:\Microchip Solutions\ZigBee2006Res\microchip\ZigBeeStack\zNWK.c
            GetEmptyGroup   0x00867a    program     extern F:\Microchip Solutions\ZigBee2006Res\microchip\ZigBeeStack\zAPS.c
    GetEndPointsFromGroup   0x008644    program     extern F:\Microchip Solutions\ZigBee2006Res\microchip\ZigBeeStack\zAPS.c
              GetHexDigit   0x00b438    program     extern F:\Microchip Solutions\ZigBee2006Res\DemoPIC18Coordinator\Coordinator.c
               GetMACByte   0x00b482    program     extern F:\Microchip Solutions\ZigBee2006Res\DemoPIC18Coordinator\Coordinator.c
               GetNextHop   0x0027b4    program     extern F:\Microchip Solutions\ZigBee2006Res\microchip\ZigBeeStack\zNWK.c
GetOneEndDeviceBindRequest   0x0054bc    program     extern F:\Microchip Solutions\ZigBee2006Res\microchip\ZigBeeStack\zZDO.C
        GetRoutingAddress   0x002828    program     extern F:\Microchip Solutions\ZigBee2006Res\microchip\ZigBeeStack\zNWK.c
             HardwareInit   0x00b3f6    program     extern F:\Microchip Solutions\ZigBee2006Res\DemoPIC18Coordinator\Coordinator.c
      HaveRoutingCapacity   0x0028e4    program     extern F:\Microchip Solutions\ZigBee2006Res\microchip\ZigBeeStack\zNWK.c
                  HighISR   0x00c01a    program     extern F:\Microchip Solutions\ZigBee2006Res\microchip\ZigBeeStack\zPHY_MRF24J40.c
               HighVector   0x000008    program     extern F:\Microchip Solutions\ZigBee2006Res\microchip\ZigBeeStack\zPHY_MRF24J40.c
          InitSymbolTimer   0x00df4a    program     extern F:\Microchip Solutions\ZigBee2006Res\microchip\ZigBeeStack\SymbolTime.c
   InitiateRouteDiscovery   0x0029b2    program     extern F:\Microchip Solutions\ZigBee2006Res\microchip\ZigBeeStack\zNWK.c
             IsDescendant   0x002dc6    program     extern F:\Microchip Solutions\ZigBee2006Res\microchip\ZigBeeStack\zNWK.c
        IsThisMyShortAddr   0x005458    program     extern F:\Microchip Solutions\ZigBee2006Res\microchip\ZigBeeStack\zZDO.C
         LookupAPSAddress   0x00817a    program     extern F:\Microchip Solutions\ZigBee2006Res\microchip\ZigBeeStack\zAPS.c
     LookupAPSLongAddress   0x008256    program     extern F:\Microchip Solutions\ZigBee2006Res\microchip\ZigBeeStack\zAPS.c
  LookupSourceBindingInfo   0x008298    program     extern F:\Microchip Solutions\ZigBee2006Res\microchip\ZigBeeStack\zAPS.c
                LowVector   0x000018    program     extern F:\Microchip Solutions\ZigBee2006Res\microchip\ZigBeeStack\zPHY_MRF24J40.c
               MACDisable   0x0090c0    program     extern F:\Microchip Solutions\ZigBee2006Res\microchip\ZigBeeStack\zMAC_MRF24J40.c
             MACDiscardRx   0x0090a8    program     extern F:\Microchip Solutions\ZigBee2006Res\microchip\ZigBeeStack\zMAC_MRF24J40.c
                MACEnable   0x0090cc    program     extern F:\Microchip Solutions\ZigBee2006Res\microchip\ZigBeeStack\zMAC_MRF24J40.c
                   MACGet   0x009092    program     extern F:\Microchip Solutions\ZigBee2006Res\microchip\ZigBeeStack\zMAC_MRF24J40.c
    MACHasBackgroundTasks   0x009086    program     extern F:\Microchip Solutions\ZigBee2006Res\microchip\ZigBeeStack\zMAC_MRF24J40.c
                  MACInit   0x00914e    program     extern F:\Microchip Solutions\ZigBee2006Res\microchip\ZigBeeStack\zMAC_MRF24J40.c
                 MACTasks   0x00918e    program     extern F:\Microchip Solutions\ZigBee2006Res\microchip\ZigBeeStack\zMAC_MRF24J40.c
     MLME_SET_macPANId_hw   0x00a562    program     extern F:\Microchip Solutions\ZigBee2006Res\microchip\ZigBeeStack\zMAC_MRF24J40.c
MLME_SET_macShortAddress_hw   0x00a572    program     extern F:\Microchip Solutions\ZigBee2006Res\microchip\ZigBeeStack\zMAC_MRF24J40.c
            MRF24J40Sleep   0x00bc82    program     extern F:\Microchip Solutions\ZigBee2006Res\microchip\ZigBeeStack\zPHY_MRF24J40.c
             MRF24J40Wake   0x00bcac    program     extern F:\Microchip Solutions\ZigBee2006Res\microchip\ZigBeeStack\zPHY_MRF24J40.c
MarkNeighborAsPasssiveACKed   0x002e50    program     extern F:\Microchip Solutions\ZigBee2006Res\microchip\ZigBeeStack\zNWK.c
         NLME_GET_nwkBCSN   0x002e9a    program     extern F:\Microchip Solutions\ZigBee2006Res\microchip\ZigBeeStack\zNWK.c
                  NVMInit   0x00d06c    program     extern F:\Microchip Solutions\ZigBee2006Res\microchip\ZigBeeStack\zNVM.c
                 NVMWrite   0x00d06e    program     extern F:\Microchip Solutions\ZigBee2006Res\microchip\ZigBeeStack\zNVM.c
    NWKClearNeighborTable   0x002ea8    program     extern F:\Microchip Solutions\ZigBee2006Res\microchip\ZigBeeStack\zNWK.c
     NWKClearRoutingTable   0x002ef0    program     extern F:\Microchip Solutions\ZigBee2006Res\microchip\ZigBeeStack\zNWK.c
                   NWKGet   0x002f24    program     extern F:\Microchip Solutions\ZigBee2006Res\microchip\ZigBeeStack\zNWK.c
    NWKHasBackgroundTasks   0x000058    program     extern F:\Microchip Solutions\ZigBee2006Res\microchip\ZigBeeStack\zNWK.c
                  NWKInit   0x000068    program     extern F:\Microchip Solutions\ZigBee2006Res\microchip\ZigBeeStack\zNWK.c
  NWKLookupNodeByLongAddr   0x002f40    program     extern F:\Microchip Solutions\ZigBee2006Res\microchip\ZigBeeStack\zNWK.c
NWKLookupNodeByShortAddrVal   0x002f7a    program     extern F:\Microchip Solutions\ZigBee2006Res\microchip\ZigBeeStack\zNWK.c
NWKLookupNodeByShortAddrValAndPANID   0x002fb2    program     extern F:\Microchip Solutions\ZigBee2006Res\microchip\ZigBeeStack\zNWK.c
                 NWKTasks   0x0000ea    program     extern F:\Microchip Solutions\ZigBee2006Res\microchip\ZigBeeStack\zNWK.c
   NWKThisIsMyLongAddress   0x003002    program     extern F:\Microchip Solutions\ZigBee2006Res\microchip\ZigBeeStack\zNWK.c
     NWKTidyNeighborTable   0x003052    program     extern F:\Microchip Solutions\ZigBee2006Res\microchip\ZigBeeStack\zNWK.c
                   PHYGet   0x00b95a    program     extern F:\Microchip Solutions\ZigBee2006Res\microchip\ZigBeeStack\zPHY_MRF24J40.c
        PHYGetLongRAMAddr   0x00bf5e    program     extern F:\Microchip Solutions\ZigBee2006Res\microchip\ZigBeeStack\zPHY_MRF24J40.c
       PHYGetShortRAMAddr   0x00befc    program     extern F:\Microchip Solutions\ZigBee2006Res\microchip\ZigBeeStack\zPHY_MRF24J40.c
    PHYHasBackgroundTasks   0x00b978    program     extern F:\Microchip Solutions\ZigBee2006Res\microchip\ZigBeeStack\zPHY_MRF24J40.c
                  PHYInit   0x00b97e    program     extern F:\Microchip Solutions\ZigBee2006Res\microchip\ZigBeeStack\zPHY_MRF24J40.c
        PHYSetLongRAMAddr   0x00bdfe    program     extern F:\Microchip Solutions\ZigBee2006Res\microchip\ZigBeeStack\zPHY_MRF24J40.c
        PHYSetOutputPower   0x00c000    program     extern F:\Microchip Solutions\ZigBee2006Res\microchip\ZigBeeStack\zPHY_MRF24J40.c
       PHYSetShortRAMAddr   0x00be9a    program     extern F:\Microchip Solutions\ZigBee2006Res\microchip\ZigBeeStack\zPHY_MRF24J40.c
                 PHYTasks   0x00bd16    program     extern F:\Microchip Solutions\ZigBee2006Res\microchip\ZigBeeStack\zPHY_MRF24J40.c
   PrepareMessageResponse   0x00594a    program     extern F:\Microchip Solutions\ZigBee2006Res\microchip\ZigBeeStack\zZDO.C
Prepare_MCPS_DATA_request   0x0030a6    program     extern F:\Microchip Solutions\ZigBee2006Res\microchip\ZigBeeStack\zNWK.c
                PrintChar   0x00ddb2    program     extern F:\Microchip Solutions\ZigBee2006Res\microchip\Common\Console.c
                PrintMenu   0x00b754    program     extern F:\Microchip Solutions\ZigBee2006Res\DemoPIC18Coordinator\Coordinator.c
     ProcessBindAndUnbind   0x005cb8    program     extern F:\Microchip Solutions\ZigBee2006Res\microchip\ZigBeeStack\zZDO.C
     ProcessEndDeviceBind   0x0056ae    program     extern F:\Microchip Solutions\ZigBee2006Res\microchip\ZigBeeStack\zZDO.C
              ProcessMenu   0x00b498    program     extern F:\Microchip Solutions\ZigBee2006Res\DemoPIC18Coordinator\Coordinator.c
    ProcessNONZigBeeTasks   0x00b3f4    program     extern F:\Microchip Solutions\ZigBee2006Res\DemoPIC18Coordinator\Coordinator.c
  ProcessZigBeePrimitives   0x00ab76    program     extern F:\Microchip Solutions\ZigBee2006Res\DemoPIC18Coordinator\Coordinator.c
        RemoveAllBindings   0x00831e    program     extern F:\Microchip Solutions\ZigBee2006Res\microchip\ZigBeeStack\zAPS.c
          RemoveAllGroups   0x008812    program     extern F:\Microchip Solutions\ZigBee2006Res\microchip\ZigBeeStack\zAPS.c
              RemoveGroup   0x008740    program     extern F:\Microchip Solutions\ZigBee2006Res\microchip\ZigBeeStack\zAPS.c
 RemoveNeighborTableEntry   0x00311c    program     extern F:\Microchip Solutions\ZigBee2006Res\microchip\ZigBeeStack\zNWK.c
      RequestedPANIDFound   0x003156    program     extern F:\Microchip Solutions\ZigBee2006Res\microchip\ZigBeeStack\zNWK.c
           RouteAlongTree   0x00319a    program     extern F:\Microchip Solutions\ZigBee2006Res\microchip\ZigBeeStack\zNWK.c
                   SPIGet   0x00e14e    program     extern F:\Microchip Solutions\ZigBee2006Res\microchip\Common\MSPI.c
              SPIGetArray   0x00e158    program     extern F:\Microchip Solutions\ZigBee2006Res\microchip\Common\MSPI.c
                   SPIPut   0x00e138    program     extern F:\Microchip Solutions\ZigBee2006Res\microchip\Common\MSPI.c
              SPIPutArray   0x00e172    program     extern F:\Microchip Solutions\ZigBee2006Res\microchip\Common\MSPI.c
             SRAMInitHeap   0x00d8e2    program     extern F:\Microchip Solutions\ZigBee2006Res\microchip\Common\sralloc.c
                SRAMalloc   0x00d7f0    program     extern F:\Microchip Solutions\ZigBee2006Res\microchip\Common\sralloc.c
                 SRAMfree   0x00d8d4    program     extern F:\Microchip Solutions\ZigBee2006Res\microchip\Common\sralloc.c
   SendBindAddressRequest   0x005fca    program     extern F:\Microchip Solutions\ZigBee2006Res\microchip\ZigBeeStack\zZDO.C
         SendUpBindResult   0x006044    program     extern F:\Microchip Solutions\ZigBee2006Res\microchip\ZigBeeStack\zZDO.C
 Send_END_DEVICE_BIND_rsp   0x005890    program     extern F:\Microchip Solutions\ZigBee2006Res\microchip\ZigBeeStack\zZDO.C
         SetBeaconPayload   0x00321a    program     extern F:\Microchip Solutions\ZigBee2006Res\microchip\ZigBeeStack\zNWK.c
                  TAGTB32   0x00db0e    program     extern C:\MCC18\src\traditional\math\gtFP.asm
                  TickGet   0x00df5e    program     extern F:\Microchip Solutions\ZigBee2006Res\microchip\ZigBeeStack\SymbolTime.c
     UserInterruptHandler   0x00b42a    program     extern F:\Microchip Solutions\ZigBee2006Res\DemoPIC18Coordinator\Coordinator.c
VariableAndTableInitialization   0x003270    program     extern F:\Microchip Solutions\ZigBee2006Res\microchip\ZigBeeStack\zNWK.c
    ZDOHasBackgroundTasks   0x003f9a    program     extern F:\Microchip Solutions\ZigBee2006Res\microchip\ZigBeeStack\zZDO.C
                  ZDOInit   0x003fa6    program     extern F:\Microchip Solutions\ZigBee2006Res\microchip\ZigBeeStack\zZDO.C
                 ZDOTasks   0x003fba    program     extern F:\Microchip Solutions\ZigBee2006Res\microchip\ZigBeeStack\zZDO.C
               ZigBeeInit   0x00cc82    program     extern F:\Microchip Solutions\ZigBee2006Res\microchip\ZigBeeStack\ZigbeeTasks.c
              ZigBeeTasks   0x00ccb8    program     extern F:\Microchip Solutions\ZigBee2006Res\microchip\ZigBeeStack\ZigbeeTasks.c
              _3jContinue   0x00de9a    program     static C:\MCC18\src\traditional\stdclib\mcmpp2r.asm
              _3jContinue   0x00df36    program     static C:\MCC18\src\traditional\stdclib\mcpyp2r.asm
              _4jContinue   0x00dee2    program     static C:\MCC18\src\traditional\stdclib\memcpy.asm
              _4jContinue   0x00de4a    program     static C:\MCC18\src\traditional\stdclib\memcmp.asm
                   _4jEnd   0x00df40    program     static C:\MCC18\src\traditional\stdclib\mcpyp2r.asm
                   _4jEnd   0x00dea4    program     static C:\MCC18\src\traditional\stdclib\mcmpp2r.asm
                   _5jEnd   0x00de54    program     static C:\MCC18\src\traditional\stdclib\memcmp.asm
                   _5jEnd   0x00deec    program     static C:\MCC18\src\traditional\stdclib\memcpy.asm
               _SRAMmerge   0x00d964    program     extern F:\Microchip Solutions\ZigBee2006Res\microchip\Common\sralloc.c
              __FpCompare   0x00db20    program     extern C:\MCC18\src\traditional\math\compFP.asm
                 __FpExit   0x00dbd6    program     extern C:\MCC18\src\traditional\math\packFP.asm
                 __FpPack   0x00dc02    program     extern C:\MCC18\src\traditional\math\packFP.asm
            __FpReturnNaN   0x00dbca    program     extern C:\MCC18\src\traditional\math\packFP.asm
         __FpReturnNegInf   0x00dbdc    program     extern C:\MCC18\src\traditional\math\packFP.asm
        __FpReturnNegZero   0x00dbf4    program     extern C:\MCC18\src\traditional\math\packFP.asm
         __FpReturnPosInf   0x00dbe2    program     extern C:\MCC18\src\traditional\math\packFP.asm
        __FpReturnPosZero   0x00dbfc    program     extern C:\MCC18\src\traditional\math\packFP.asm
        __FpReturnSignInf   0x00dbd8    program     extern C:\MCC18\src\traditional\math\packFP.asm
       __FpReturnSignZero   0x00dbf0    program     extern C:\MCC18\src\traditional\math\packFP.asm
              __FpReturnW   0x00dc5a    program     extern C:\MCC18\src\traditional\math\packFP.asm
              __FpUnPackA   0x00dc7a    program     extern C:\MCC18\src\traditional\math\UnpackFP.asm
              __FpUnPackB   0x00dcaa    program     extern C:\MCC18\src\traditional\math\UnpackFP.asm
     ___case_100_lbl00078   0x00cfa0    program     static                          
     ___case_101_lbl00091   0x00cfb0    program     static                          
     ___case_102_lbl00077   0x00cfa0    program     static                          
     ___case_103_lbl00090   0x00cfb0    program     static                          
     ___case_104_lbl00076   0x00cfa0    program     static                          
     ___case_105_lbl00089   0x00cfb0    program     static                          
     ___case_106_lbl00075   0x00cfa0    program     static                          
     ___case_107_lbl00088   0x00cfb0    program     static                          
     ___case_108_lbl00074   0x00cfa0    program     static                          
     ___case_109_lbl00100   0x00cfc0    program     static                          
      ___case_10_lbl00011   0x00cf70    program     static                          
     ___case_110_lbl00073   0x00cfa0    program     static                          
     ___case_111_lbl00099   0x00cfc0    program     static                          
     ___case_112_lbl00072   0x00cfa0    program     static                          
     ___case_113_lbl00098   0x00cfc0    program     static                          
     ___case_114_lbl00039   0x00cf90    program     static                          
     ___case_115_lbl00104   0x00cfc0    program     static                          
      ___case_11_lbl00033   0x00cf80    program     static                          
      ___case_12_lbl00013   0x00cf70    program     static                          
      ___case_13_lbl00032   0x00cf80    program     static                          
      ___case_16_lbl00031   0x00cf80    program     static                          
      ___case_17_lbl00071   0x00cf90    program     static                          
      ___case_18_lbl00070   0x00cf90    program     static                          
      ___case_19_lbl00030   0x00cf80    program     static                          
       ___case_1_lbl00016   0x00cf70    program     static                          
      ___case_20_lbl00069   0x00cf90    program     static                          
      ___case_21_lbl00029   0x00cf80    program     static                          
      ___case_22_lbl00068   0x00cf90    program     static                          
      ___case_23_lbl00028   0x00cf80    program     static                          
      ___case_24_lbl00067   0x00cf90    program     static                          
      ___case_25_lbl00027   0x00cf80    program     static                          
      ___case_26_lbl00066   0x00cf90    program     static                          
      ___case_27_lbl00065   0x00cf90    program     static                          
      ___case_28_lbl00064   0x00cf90    program     static                          
      ___case_29_lbl00026   0x00cf80    program     static                          
       ___case_2_lbl00037   0x00cf80    program     static                          
      ___case_30_lbl00063   0x00cf90    program     static                          
      ___case_31_lbl00025   0x00cf80    program     static                          
      ___case_32_lbl00062   0x00cf90    program     static                          
      ___case_33_lbl00061   0x00cf90    program     static                          
      ___case_34_lbl00060   0x00cf90    program     static                          
      ___case_35_lbl00024   0x00cf80    program     static                          
      ___case_36_lbl00023   0x00cf80    program     static                          
      ___case_37_lbl00059   0x00cf90    program     static                          
      ___case_38_lbl00022   0x00cf80    program     static                          
      ___case_39_lbl00058   0x00cf90    program     static                          
       ___case_3_lbl00038   0x00cf80    program     static                          
      ___case_40_lbl00021   0x00cf80    program     static                          
      ___case_41_lbl00057   0x00cf90    program     static                          
      ___case_42_lbl00056   0x00cf90    program     static                          
      ___case_43_lbl00020   0x00cf80    program     static                          
      ___case_44_lbl00055   0x00cf90    program     static                          
      ___case_45_lbl00019   0x00cf80    program     static                          
      ___case_46_lbl00054   0x00cf90    program     static                          
      ___case_47_lbl00018   0x00cf80    program     static                          
      ___case_48_lbl00053   0x00cf90    program     static                          
      ___case_49_lbl00017   0x00cf80    program     static                          
       ___case_4_lbl00015   0x00cf70    program     static                          
      ___case_50_lbl00052   0x00cf90    program     static                          
      ___case_51_lbl00051   0x00cf90    program     static                          
      ___case_52_lbl00087   0x00cfa0    program     static                          
      ___case_53_lbl00086   0x00cfa0    program     static                          
      ___case_54_lbl00118   0x00cfc0    program     static                          
      ___case_55_lbl00117   0x00cfc0    program     static                          
      ___case_56_lbl00116   0x00cfc0    program     static                          
      ___case_57_lbl00115   0x00cfc0    program     static                          
      ___case_58_lbl00114   0x00cfc0    program     static                          
      ___case_59_lbl00113   0x00cfc0    program     static                          
       ___case_5_lbl00034   0x00cf80    program     static                          
      ___case_60_lbl00112   0x00cfc0    program     static                          
      ___case_61_lbl00111   0x00cfc0    program     static                          
      ___case_62_lbl00110   0x00cfc0    program     static                          
      ___case_63_lbl00109   0x00cfc0    program     static                          
      ___case_64_lbl00108   0x00cfc0    program     static                          
      ___case_65_lbl00050   0x00cf90    program     static                          
      ___case_66_lbl00049   0x00cf90    program     static                          
      ___case_67_lbl00048   0x00cf90    program     static                          
      ___case_68_lbl00047   0x00cf90    program     static                          
      ___case_69_lbl00046   0x00cf90    program     static                          
       ___case_6_lbl00014   0x00cf70    program     static                          
      ___case_70_lbl00045   0x00cf90    program     static                          
      ___case_71_lbl00044   0x00cf90    program     static                          
      ___case_72_lbl00043   0x00cf90    program     static                          
      ___case_73_lbl00042   0x00cf90    program     static                          
      ___case_74_lbl00041   0x00cf90    program     static                          
      ___case_75_lbl00040   0x00cf90    program     static                          
      ___case_76_lbl00107   0x00cfc0    program     static                          
      ___case_77_lbl00106   0x00cfc0    program     static                          
      ___case_78_lbl00105   0x00cfc0    program     static                          
      ___case_79_lbl00085   0x00cfa0    program     static                          
       ___case_7_lbl00036   0x00cf80    program     static                          
      ___case_80_lbl00119   0x00cfc0    program     static                          
      ___case_81_lbl00103   0x00cfc0    program     static                          
      ___case_82_lbl00084   0x00cfa0    program     static                          
      ___case_85_lbl00083   0x00cfa0    program     static                          
      ___case_86_lbl00102   0x00cfc0    program     static                          
      ___case_89_lbl00101   0x00cfc0    program     static                          
       ___case_8_lbl00012   0x00cf70    program     static                          
      ___case_90_lbl00097   0x00cfb0    program     static                          
      ___case_91_lbl00096   0x00cfb0    program     static                          
      ___case_92_lbl00095   0x00cfb0    program     static                          
      ___case_93_lbl00094   0x00cfb0    program     static                          
      ___case_94_lbl00082   0x00cfa0    program     static                          
      ___case_95_lbl00081   0x00cfa0    program     static                          
      ___case_96_lbl00092   0x00cfb0    program     static                          
      ___case_97_lbl00080   0x00cfa0    program     static                          
      ___case_98_lbl00079   0x00cfa0    program     static                          
      ___case_99_lbl00093   0x00cfb0    program     static                          
       ___case_9_lbl00035   0x00cf80    program     static                          
      ___default_lbl00126   0x00d00c    program     static                          
           ___do_lbl00003   0x00d00e    program     static                          
           ___do_lbl00004   0x00d016    program     static                          
           ___do_lbl00010   0x00ba10    program     static                          
           ___do_lbl00011   0x00ba16    program     static                          
           ___do_lbl00012   0x00ba06    program     static                          
           ___do_lbl00016   0x00ba58    program     static                          
           ___do_lbl00017   0x00ba5e    program     static                          
           ___do_lbl00018   0x00ba4e    program     static                          
           ___do_lbl00022   0x00bc68    program     static                          
           ___do_lbl00023   0x00bc70    program     static                          
           ___do_lbl00024   0x00bc58    program     static                          
           ___do_lbl00127   0x00ccdc    program     static                          
         ___else_lbl00057   0x00c0c0    program     static                          
         ___else_lbl00063   0x00c12a    program     static                          
         ___else_lbl00069   0x00c1b2    program     static                          
         ___else_lbl00074   0x00c274    program     static                          
         ___else_lbl00081   0x00c2e0    program     static                          
         ___else_lbl00084   0x00c354    program     static                          
         ___else_lbl00086   0x00c372    program     static                          
         ___else_lbl00125   0x00d002    program     static                          
         ___else_lbl00133   0x00d058    program     static                          
          ___for_lbl00004   0x00b9c0    program     static                          
          ___for_lbl00005   0x00b9cc    program     static                          
          ___for_lbl00006   0x00b9aa    program     static                          
          ___for_lbl00007   0x00b9ec    program     static                          
          ___for_lbl00008   0x00b9f8    program     static                          
          ___for_lbl00009   0x00b9d6    program     static                          
          ___for_lbl00013   0x00ba34    program     static                          
          ___for_lbl00014   0x00ba40    program     static                          
          ___for_lbl00015   0x00ba1e    program     static                          
          ___for_lbl00019   0x00ba7c    program     static                          
          ___for_lbl00019   0x00d412    program     static                          
          ___for_lbl00020   0x00ba88    program     static                          
          ___for_lbl00020   0x00d41e    program     static                          
          ___for_lbl00021   0x00ba66    program     static                          
          ___for_lbl00023   0x00d378    program     static                          
           ___if_lbl00002   0x00ccdc    program     static                          
           ___if_lbl00004   0x00d0f8    program     static                          
           ___if_lbl00005   0x00ccf2    program     static                          
           ___if_lbl00006   0x00cd06    program     static                          
           ___if_lbl00007   0x00cd1a    program     static                          
           ___if_lbl00007   0x00d17c    program     static                          
           ___if_lbl00008   0x00d1c6    program     static                          
           ___if_lbl00008   0x00cd2e    program     static                          
           ___if_lbl00009   0x00cd42    program     static                          
           ___if_lbl00014   0x00d286    program     static                          
           ___if_lbl00017   0x00d31e    program     static                          
           ___if_lbl00055   0x00c0ce    program     static                          
           ___if_lbl00056   0x00c0ce    program     static                          
           ___if_lbl00058   0x00c0ce    program     static                          
           ___if_lbl00061   0x00c10a    program     static                          
           ___if_lbl00062   0x00c12e    program     static                          
           ___if_lbl00064   0x00c12e    program     static                          
           ___if_lbl00065   0x00c132    program     static                          
           ___if_lbl00066   0x00c136    program     static                          
           ___if_lbl00067   0x00c18e    program     static                          
           ___if_lbl00068   0x00c1d8    program     static                          
           ___if_lbl00070   0x00c21e    program     static                          
           ___if_lbl00073   0x00c2ac    program     static                          
           ___if_lbl00075   0x00c2de    program     static                          
           ___if_lbl00077   0x00c32a    program     static                          
           ___if_lbl00078   0x00c332    program     static                          
           ___if_lbl00079   0x00c332    program     static                          
           ___if_lbl00080   0x00c332    program     static                          
           ___if_lbl00082   0x00c344    program     static                          
           ___if_lbl00083   0x00c368    program     static                          
           ___if_lbl00085   0x00c37c    program     static                          
           ___if_lbl00087   0x00c398    program     static                          
           ___if_lbl00088   0x00c398    program     static                          
           ___if_lbl00089   0x00c398    program     static                          
           ___if_lbl00090   0x00c3b0    program     static                          
           ___if_lbl00091   0x00c3b0    program     static                          
           ___if_lbl00092   0x00c3b0    program     static                          
           ___if_lbl00124   0x00d00a    program     static                          
           ___if_lbl00132   0x00d060    program     static                          
       ___return_lbl00000   0x000004    program     static                          
       ___return_lbl00000   0x00e234    program     static                          
       ___return_lbl00000   0x00ab74    program     static                          
       ___return_lbl00001   0x00d060    program     static                          
       ___return_lbl00001   0x00d340    program     static                          
       ___return_lbl00001   0x00e2ac    program     static                          
       ___return_lbl00002   0x00e136    program     static                          
       ___return_lbl00003   0x00bc70    program     static                          
       ___return_lbl00018   0x00d41e    program     static                          
       ___return_lbl00049   0x00be8e    program     static                          
       ___return_lbl00050   0x00bef0    program     static                          
       ___return_lbl00051   0x00bf50    program     static                          
       ___return_lbl00052   0x00bff2    program     static                          
       ___return_lbl00054   0x00c3b4    program     static                          
       ___return_lbl00093   0x00000c    program     static                          
       ___return_lbl00094   0x00001c    program     static                          
   ___switchexit_lbl00010   0x00d00e    program     static                          
        ___while_lbl00001   0x00ab5a    program     static                          
        ___while_lbl00002   0x00ab74    program     static                          
        ___while_lbl00002   0x00d08a    program     static                          
        ___while_lbl00003   0x00d340    program     static                          
        ___while_lbl00005   0x00d122    program     static                          
        ___while_lbl00006   0x00d32a    program     static                          
        ___while_lbl00009   0x00d1ec    program     static                          
        ___while_lbl00010   0x00d248    program     static                          
        ___while_lbl00012   0x00d26e    program     static                          
        ___while_lbl00013   0x00d320    program     static                          
        ___while_lbl00015   0x00d2a4    program     static                          
        ___while_lbl00016   0x00d2cc    program     static                          
        ___while_lbl00021   0x00d39a    program     static                          
        ___while_lbl00022   0x00d406    program     static                          
        ___while_lbl00071   0x00c21e    program     static                          
        ___while_lbl00072   0x00c346    program     static                          
                   __init   0x00e2be    program     extern C:\MCC18\src\traditional\stdclib\__init.c
                   __pa_0   0x00e18a    program     static F:\Microchip Solutions\ZigBee2006Res\microchip\Common\MSPI.c
                   __pa_0   0x003332    program     static F:\Microchip Solutions\ZigBee2006Res\microchip\ZigBeeStack\zNWK.c
                   __pa_0   0x00ddd0    program     static F:\Microchip Solutions\ZigBee2006Res\microchip\Common\Console.c
                   __pa_0   0x00c418    program     static F:\Microchip Solutions\ZigBee2006Res\microchip\ZigBeeStack\zPHY_MRF24J40.c
                   __pa_0   0x00da28    program     static F:\Microchip Solutions\ZigBee2006Res\microchip\Common\sralloc.c
                   __pa_0   0x00609a    program     static F:\Microchip Solutions\ZigBee2006Res\microchip\ZigBeeStack\zZDO.C
                   __pa_0   0x008858    program     static F:\Microchip Solutions\ZigBee2006Res\microchip\ZigBeeStack\zAPS.c
                   __pa_0   0x00b76e    program     static F:\Microchip Solutions\ZigBee2006Res\DemoPIC18Coordinator\Coordinator.c
                   __pa_0   0x00a582    program     static F:\Microchip Solutions\ZigBee2006Res\microchip\ZigBeeStack\zMAC_MRF24J40.c
                   __pa_1   0x00c4a8    program     static F:\Microchip Solutions\ZigBee2006Res\microchip\ZigBeeStack\zPHY_MRF24J40.c
                   __pa_1   0x00b774    program     static F:\Microchip Solutions\ZigBee2006Res\DemoPIC18Coordinator\Coordinator.c
                   __pa_1   0x00885c    program     static F:\Microchip Solutions\ZigBee2006Res\microchip\ZigBeeStack\zAPS.c
                   __pa_1   0x003338    program     static F:\Microchip Solutions\ZigBee2006Res\microchip\ZigBeeStack\zNWK.c
                   __pa_1   0x00a58e    program     static F:\Microchip Solutions\ZigBee2006Res\microchip\ZigBeeStack\zMAC_MRF24J40.c
                   __pa_1   0x00dde2    program     static F:\Microchip Solutions\ZigBee2006Res\microchip\Common\Console.c
                   __pa_1   0x0060a0    program     static F:\Microchip Solutions\ZigBee2006Res\microchip\ZigBeeStack\zZDO.C
                   __pa_1   0x00da2e    program     static F:\Microchip Solutions\ZigBee2006Res\microchip\Common\sralloc.c
                   __pa_1   0x00e19c    program     static F:\Microchip Solutions\ZigBee2006Res\microchip\Common\MSPI.c
                  __pa_10   0x00b7f4    program     static F:\Microchip Solutions\ZigBee2006Res\DemoPIC18Coordinator\Coordinator.c
                  __pa_10   0x00a60e    program     static F:\Microchip Solutions\ZigBee2006Res\microchip\ZigBeeStack\zMAC_MRF24J40.c
                  __pa_10   0x0088b6    program     static F:\Microchip Solutions\ZigBee2006Res\microchip\ZigBeeStack\zAPS.c
                  __pa_10   0x0060fa    program     static F:\Microchip Solutions\ZigBee2006Res\microchip\ZigBeeStack\zZDO.C
                  __pa_10   0x0033c0    program     static F:\Microchip Solutions\ZigBee2006Res\microchip\ZigBeeStack\zNWK.c
                 __pa_100   0x003836    program     static F:\Microchip Solutions\ZigBee2006Res\microchip\ZigBeeStack\zNWK.c
                 __pa_100   0x008cfa    program     static F:\Microchip Solutions\ZigBee2006Res\microchip\ZigBeeStack\zAPS.c
                 __pa_100   0x006634    program     static F:\Microchip Solutions\ZigBee2006Res\microchip\ZigBeeStack\zZDO.C
                 __pa_101   0x003846    program     static F:\Microchip Solutions\ZigBee2006Res\microchip\ZigBeeStack\zNWK.c
                 __pa_101   0x008d02    program     static F:\Microchip Solutions\ZigBee2006Res\microchip\ZigBeeStack\zAPS.c
                 __pa_101   0x006644    program     static F:\Microchip Solutions\ZigBee2006Res\microchip\ZigBeeStack\zZDO.C
                 __pa_102   0x003850    program     static F:\Microchip Solutions\ZigBee2006Res\microchip\ZigBeeStack\zNWK.c
                 __pa_102   0x008d08    program     static F:\Microchip Solutions\ZigBee2006Res\microchip\ZigBeeStack\zAPS.c
                 __pa_102   0x00664e    program     static F:\Microchip Solutions\ZigBee2006Res\microchip\ZigBeeStack\zZDO.C
                 __pa_103   0x006656    program     static F:\Microchip Solutions\ZigBee2006Res\microchip\ZigBeeStack\zZDO.C
                 __pa_103   0x008d0e    program     static F:\Microchip Solutions\ZigBee2006Res\microchip\ZigBeeStack\zAPS.c
                 __pa_103   0x003860    program     static F:\Microchip Solutions\ZigBee2006Res\microchip\ZigBeeStack\zNWK.c
                 __pa_104   0x008d2c    program     static F:\Microchip Solutions\ZigBee2006Res\microchip\ZigBeeStack\zAPS.c
                 __pa_104   0x00665e    program     static F:\Microchip Solutions\ZigBee2006Res\microchip\ZigBeeStack\zZDO.C
                 __pa_104   0x003870    program     static F:\Microchip Solutions\ZigBee2006Res\microchip\ZigBeeStack\zNWK.c
                 __pa_105   0x008d3c    program     static F:\Microchip Solutions\ZigBee2006Res\microchip\ZigBeeStack\zAPS.c
                 __pa_105   0x003880    program     static F:\Microchip Solutions\ZigBee2006Res\microchip\ZigBeeStack\zNWK.c
                 __pa_105   0x006666    program     static F:\Microchip Solutions\ZigBee2006Res\microchip\ZigBeeStack\zZDO.C
                 __pa_106   0x008d54    program     static F:\Microchip Solutions\ZigBee2006Res\microchip\ZigBeeStack\zAPS.c
                 __pa_106   0x003890    program     static F:\Microchip Solutions\ZigBee2006Res\microchip\ZigBeeStack\zNWK.c
                 __pa_106   0x00666e    program     static F:\Microchip Solutions\ZigBee2006Res\microchip\ZigBeeStack\zZDO.C
                 __pa_107   0x008d60    program     static F:\Microchip Solutions\ZigBee2006Res\microchip\ZigBeeStack\zAPS.c
                 __pa_107   0x006676    program     static F:\Microchip Solutions\ZigBee2006Res\microchip\ZigBeeStack\zZDO.C
                 __pa_107   0x003898    program     static F:\Microchip Solutions\ZigBee2006Res\microchip\ZigBeeStack\zNWK.c
                 __pa_108   0x006684    program     static F:\Microchip Solutions\ZigBee2006Res\microchip\ZigBeeStack\zZDO.C
                 __pa_108   0x0038a0    program     static F:\Microchip Solutions\ZigBee2006Res\microchip\ZigBeeStack\zNWK.c
                 __pa_108   0x008d6c    program     static F:\Microchip Solutions\ZigBee2006Res\microchip\ZigBeeStack\zAPS.c
                 __pa_109   0x0038ae    program     static F:\Microchip Solutions\ZigBee2006Res\microchip\ZigBeeStack\zNWK.c
                 __pa_109   0x008d74    program     static F:\Microchip Solutions\ZigBee2006Res\microchip\ZigBeeStack\zAPS.c
                 __pa_109   0x006692    program     static F:\Microchip Solutions\ZigBee2006Res\microchip\ZigBeeStack\zZDO.C
                  __pa_11   0x0088de    program     static F:\Microchip Solutions\ZigBee2006Res\microchip\ZigBeeStack\zAPS.c
                  __pa_11   0x00b7fa    program     static F:\Microchip Solutions\ZigBee2006Res\DemoPIC18Coordinator\Coordinator.c
                  __pa_11   0x0033cc    program     static F:\Microchip Solutions\ZigBee2006Res\microchip\ZigBeeStack\zNWK.c
                  __pa_11   0x00a62c    program     static F:\Microchip Solutions\ZigBee2006Res\microchip\ZigBeeStack\zMAC_MRF24J40.c
                  __pa_11   0x00610c    program     static F:\Microchip Solutions\ZigBee2006Res\microchip\ZigBeeStack\zZDO.C
                 __pa_110   0x008d82    program     static F:\Microchip Solutions\ZigBee2006Res\microchip\ZigBeeStack\zAPS.c
                 __pa_110   0x0038b6    program     static F:\Microchip Solutions\ZigBee2006Res\microchip\ZigBeeStack\zNWK.c
                 __pa_110   0x0066a0    program     static F:\Microchip Solutions\ZigBee2006Res\microchip\ZigBeeStack\zZDO.C
                 __pa_111   0x008d96    program     static F:\Microchip Solutions\ZigBee2006Res\microchip\ZigBeeStack\zAPS.c
                 __pa_111   0x0066ae    program     static F:\Microchip Solutions\ZigBee2006Res\microchip\ZigBeeStack\zZDO.C
                 __pa_111   0x0038c4    program     static F:\Microchip Solutions\ZigBee2006Res\microchip\ZigBeeStack\zNWK.c
                 __pa_112   0x008d9c    program     static F:\Microchip Solutions\ZigBee2006Res\microchip\ZigBeeStack\zAPS.c
                 __pa_112   0x0038cc    program     static F:\Microchip Solutions\ZigBee2006Res\microchip\ZigBeeStack\zNWK.c
                 __pa_112   0x0066b6    program     static F:\Microchip Solutions\ZigBee2006Res\microchip\ZigBeeStack\zZDO.C
                 __pa_113   0x0066c4    program     static F:\Microchip Solutions\ZigBee2006Res\microchip\ZigBeeStack\zZDO.C
                 __pa_113   0x008da8    program     static F:\Microchip Solutions\ZigBee2006Res\microchip\ZigBeeStack\zAPS.c
                 __pa_113   0x0038da    program     static F:\Microchip Solutions\ZigBee2006Res\microchip\ZigBeeStack\zNWK.c
                 __pa_114   0x008db6    program     static F:\Microchip Solutions\ZigBee2006Res\microchip\ZigBeeStack\zAPS.c
                 __pa_114   0x0066d2    program     static F:\Microchip Solutions\ZigBee2006Res\microchip\ZigBeeStack\zZDO.C
                 __pa_114   0x0038e8    program     static F:\Microchip Solutions\ZigBee2006Res\microchip\ZigBeeStack\zNWK.c
                 __pa_115   0x0066e0    program     static F:\Microchip Solutions\ZigBee2006Res\microchip\ZigBeeStack\zZDO.C
                 __pa_115   0x008dbe    program     static F:\Microchip Solutions\ZigBee2006Res\microchip\ZigBeeStack\zAPS.c
                 __pa_115   0x0038f6    program     static F:\Microchip Solutions\ZigBee2006Res\microchip\ZigBeeStack\zNWK.c
                 __pa_116   0x008dc8    program     static F:\Microchip Solutions\ZigBee2006Res\microchip\ZigBeeStack\zAPS.c
                 __pa_116   0x0066ee    program     static F:\Microchip Solutions\ZigBee2006Res\microchip\ZigBeeStack\zZDO.C
                 __pa_116   0x003904    program     static F:\Microchip Solutions\ZigBee2006Res\microchip\ZigBeeStack\zNWK.c
                 __pa_117   0x008dd2    program     static F:\Microchip Solutions\ZigBee2006Res\microchip\ZigBeeStack\zAPS.c
                 __pa_117   0x00390e    program     static F:\Microchip Solutions\ZigBee2006Res\microchip\ZigBeeStack\zNWK.c
                 __pa_117   0x0066f6    program     static F:\Microchip Solutions\ZigBee2006Res\microchip\ZigBeeStack\zZDO.C
                 __pa_118   0x008dd8    program     static F:\Microchip Solutions\ZigBee2006Res\microchip\ZigBeeStack\zAPS.c
                 __pa_118   0x003918    program     static F:\Microchip Solutions\ZigBee2006Res\microchip\ZigBeeStack\zNWK.c
                 __pa_118   0x0066fe    program     static F:\Microchip Solutions\ZigBee2006Res\microchip\ZigBeeStack\zZDO.C
                 __pa_119   0x008de0    program     static F:\Microchip Solutions\ZigBee2006Res\microchip\ZigBeeStack\zAPS.c
                 __pa_119   0x006708    program     static F:\Microchip Solutions\ZigBee2006Res\microchip\ZigBeeStack\zZDO.C
                 __pa_119   0x003922    program     static F:\Microchip Solutions\ZigBee2006Res\microchip\ZigBeeStack\zNWK.c
                  __pa_12   0x00a636    program     static F:\Microchip Solutions\ZigBee2006Res\microchip\ZigBeeStack\zMAC_MRF24J40.c
                  __pa_12   0x006112    program     static F:\Microchip Solutions\ZigBee2006Res\microchip\ZigBeeStack\zZDO.C
                  __pa_12   0x00b802    program     static F:\Microchip Solutions\ZigBee2006Res\DemoPIC18Coordinator\Coordinator.c
                  __pa_12   0x0033e2    program     static F:\Microchip Solutions\ZigBee2006Res\microchip\ZigBeeStack\zNWK.c
                  __pa_12   0x0088e6    program     static F:\Microchip Solutions\ZigBee2006Res\microchip\ZigBeeStack\zAPS.c
                 __pa_120   0x00392c    program     static F:\Microchip Solutions\ZigBee2006Res\microchip\ZigBeeStack\zNWK.c
                 __pa_120   0x006712    program     static F:\Microchip Solutions\ZigBee2006Res\microchip\ZigBeeStack\zZDO.C
                 __pa_120   0x008de8    program     static F:\Microchip Solutions\ZigBee2006Res\microchip\ZigBeeStack\zAPS.c
                 __pa_121   0x00671c    program     static F:\Microchip Solutions\ZigBee2006Res\microchip\ZigBeeStack\zZDO.C
                 __pa_121   0x003934    program     static F:\Microchip Solutions\ZigBee2006Res\microchip\ZigBeeStack\zNWK.c
                 __pa_121   0x008df0    program     static F:\Microchip Solutions\ZigBee2006Res\microchip\ZigBeeStack\zAPS.c
                 __pa_122   0x00393c    program     static F:\Microchip Solutions\ZigBee2006Res\microchip\ZigBeeStack\zNWK.c
                 __pa_122   0x006724    program     static F:\Microchip Solutions\ZigBee2006Res\microchip\ZigBeeStack\zZDO.C
                 __pa_122   0x008df8    program     static F:\Microchip Solutions\ZigBee2006Res\microchip\ZigBeeStack\zAPS.c
                 __pa_123   0x003944    program     static F:\Microchip Solutions\ZigBee2006Res\microchip\ZigBeeStack\zNWK.c
                 __pa_123   0x00672c    program     static F:\Microchip Solutions\ZigBee2006Res\microchip\ZigBeeStack\zZDO.C
                 __pa_123   0x008e06    program     static F:\Microchip Solutions\ZigBee2006Res\microchip\ZigBeeStack\zAPS.c
                 __pa_124   0x008e0c    program     static F:\Microchip Solutions\ZigBee2006Res\microchip\ZigBeeStack\zAPS.c
                 __pa_124   0x006736    program     static F:\Microchip Solutions\ZigBee2006Res\microchip\ZigBeeStack\zZDO.C
                 __pa_124   0x00394c    program     static F:\Microchip Solutions\ZigBee2006Res\microchip\ZigBeeStack\zNWK.c
                 __pa_125   0x008e18    program     static F:\Microchip Solutions\ZigBee2006Res\microchip\ZigBeeStack\zAPS.c
                 __pa_125   0x006740    program     static F:\Microchip Solutions\ZigBee2006Res\microchip\ZigBeeStack\zZDO.C
                 __pa_125   0x00395a    program     static F:\Microchip Solutions\ZigBee2006Res\microchip\ZigBeeStack\zNWK.c
                 __pa_126   0x008e1e    program     static F:\Microchip Solutions\ZigBee2006Res\microchip\ZigBeeStack\zAPS.c
                 __pa_126   0x006748    program     static F:\Microchip Solutions\ZigBee2006Res\microchip\ZigBeeStack\zZDO.C
                 __pa_126   0x003970    program     static F:\Microchip Solutions\ZigBee2006Res\microchip\ZigBeeStack\zNWK.c
                 __pa_127   0x008e2a    program     static F:\Microchip Solutions\ZigBee2006Res\microchip\ZigBeeStack\zAPS.c
                 __pa_127   0x006756    program     static F:\Microchip Solutions\ZigBee2006Res\microchip\ZigBeeStack\zZDO.C
                 __pa_127   0x003976    program     static F:\Microchip Solutions\ZigBee2006Res\microchip\ZigBeeStack\zNWK.c
                 __pa_128   0x00397c    program     static F:\Microchip Solutions\ZigBee2006Res\microchip\ZigBeeStack\zNWK.c
                 __pa_128   0x00675c    program     static F:\Microchip Solutions\ZigBee2006Res\microchip\ZigBeeStack\zZDO.C
                 __pa_128   0x008e36    program     static F:\Microchip Solutions\ZigBee2006Res\microchip\ZigBeeStack\zAPS.c
                 __pa_129   0x006764    program     static F:\Microchip Solutions\ZigBee2006Res\microchip\ZigBeeStack\zZDO.C
                 __pa_129   0x003986    program     static F:\Microchip Solutions\ZigBee2006Res\microchip\ZigBeeStack\zNWK.c
                 __pa_129   0x008e42    program     static F:\Microchip Solutions\ZigBee2006Res\microchip\ZigBeeStack\zAPS.c
                  __pa_13   0x0033ea    program     static F:\Microchip Solutions\ZigBee2006Res\microchip\ZigBeeStack\zNWK.c
                  __pa_13   0x006140    program     static F:\Microchip Solutions\ZigBee2006Res\microchip\ZigBeeStack\zZDO.C
                  __pa_13   0x00a666    program     static F:\Microchip Solutions\ZigBee2006Res\microchip\ZigBeeStack\zMAC_MRF24J40.c
                  __pa_13   0x00b818    program     static F:\Microchip Solutions\ZigBee2006Res\DemoPIC18Coordinator\Coordinator.c
                  __pa_13   0x0088ec    program     static F:\Microchip Solutions\ZigBee2006Res\microchip\ZigBeeStack\zAPS.c
                 __pa_130   0x008e50    program     static F:\Microchip Solutions\ZigBee2006Res\microchip\ZigBeeStack\zAPS.c
                 __pa_130   0x00676a    program     static F:\Microchip Solutions\ZigBee2006Res\microchip\ZigBeeStack\zZDO.C
                 __pa_130   0x00398c    program     static F:\Microchip Solutions\ZigBee2006Res\microchip\ZigBeeStack\zNWK.c
                 __pa_131   0x006770    program     static F:\Microchip Solutions\ZigBee2006Res\microchip\ZigBeeStack\zZDO.C
                 __pa_131   0x008e5e    program     static F:\Microchip Solutions\ZigBee2006Res\microchip\ZigBeeStack\zAPS.c
                 __pa_131   0x003996    program     static F:\Microchip Solutions\ZigBee2006Res\microchip\ZigBeeStack\zNWK.c
                 __pa_132   0x006776    program     static F:\Microchip Solutions\ZigBee2006Res\microchip\ZigBeeStack\zZDO.C
                 __pa_132   0x00399e    program     static F:\Microchip Solutions\ZigBee2006Res\microchip\ZigBeeStack\zNWK.c
                 __pa_132   0x008e68    program     static F:\Microchip Solutions\ZigBee2006Res\microchip\ZigBeeStack\zAPS.c
                 __pa_133   0x008e70    program     static F:\Microchip Solutions\ZigBee2006Res\microchip\ZigBeeStack\zAPS.c
                 __pa_133   0x00677c    program     static F:\Microchip Solutions\ZigBee2006Res\microchip\ZigBeeStack\zZDO.C
                 __pa_133   0x0039a6    program     static F:\Microchip Solutions\ZigBee2006Res\microchip\ZigBeeStack\zNWK.c
                 __pa_134   0x008e78    program     static F:\Microchip Solutions\ZigBee2006Res\microchip\ZigBeeStack\zAPS.c
                 __pa_134   0x006792    program     static F:\Microchip Solutions\ZigBee2006Res\microchip\ZigBeeStack\zZDO.C
                 __pa_134   0x0039b6    program     static F:\Microchip Solutions\ZigBee2006Res\microchip\ZigBeeStack\zNWK.c
                 __pa_135   0x008e80    program     static F:\Microchip Solutions\ZigBee2006Res\microchip\ZigBeeStack\zAPS.c
                 __pa_135   0x00679c    program     static F:\Microchip Solutions\ZigBee2006Res\microchip\ZigBeeStack\zZDO.C
                 __pa_135   0x0039bc    program     static F:\Microchip Solutions\ZigBee2006Res\microchip\ZigBeeStack\zNWK.c
                 __pa_136   0x008e88    program     static F:\Microchip Solutions\ZigBee2006Res\microchip\ZigBeeStack\zAPS.c
                 __pa_136   0x0067bc    program     static F:\Microchip Solutions\ZigBee2006Res\microchip\ZigBeeStack\zZDO.C
                 __pa_136   0x0039c2    program     static F:\Microchip Solutions\ZigBee2006Res\microchip\ZigBeeStack\zNWK.c
                 __pa_137   0x0039c8    program     static F:\Microchip Solutions\ZigBee2006Res\microchip\ZigBeeStack\zNWK.c
                 __pa_137   0x008e8e    program     static F:\Microchip Solutions\ZigBee2006Res\microchip\ZigBeeStack\zAPS.c
                 __pa_137   0x0067d6    program     static F:\Microchip Solutions\ZigBee2006Res\microchip\ZigBeeStack\zZDO.C
                 __pa_138   0x0067e2    program     static F:\Microchip Solutions\ZigBee2006Res\microchip\ZigBeeStack\zZDO.C
                 __pa_138   0x008e96    program     static F:\Microchip Solutions\ZigBee2006Res\microchip\ZigBeeStack\zAPS.c
                 __pa_138   0x0039d2    program     static F:\Microchip Solutions\ZigBee2006Res\microchip\ZigBeeStack\zNWK.c
                 __pa_139   0x0067ec    program     static F:\Microchip Solutions\ZigBee2006Res\microchip\ZigBeeStack\zZDO.C
                 __pa_139   0x008e9e    program     static F:\Microchip Solutions\ZigBee2006Res\microchip\ZigBeeStack\zAPS.c
                 __pa_139   0x0039dc    program     static F:\Microchip Solutions\ZigBee2006Res\microchip\ZigBeeStack\zNWK.c
                  __pa_14   0x00b826    program     static F:\Microchip Solutions\ZigBee2006Res\DemoPIC18Coordinator\Coordinator.c
                  __pa_14   0x00a66e    program     static F:\Microchip Solutions\ZigBee2006Res\microchip\ZigBeeStack\zMAC_MRF24J40.c
                  __pa_14   0x00614c    program     static F:\Microchip Solutions\ZigBee2006Res\microchip\ZigBeeStack\zZDO.C
                  __pa_14   0x0033f6    program     static F:\Microchip Solutions\ZigBee2006Res\microchip\ZigBeeStack\zNWK.c
                  __pa_14   0x0088f4    program     static F:\Microchip Solutions\ZigBee2006Res\microchip\ZigBeeStack\zAPS.c
                 __pa_140   0x006804    program     static F:\Microchip Solutions\ZigBee2006Res\microchip\ZigBeeStack\zZDO.C
                 __pa_140   0x0039e8    program     static F:\Microchip Solutions\ZigBee2006Res\microchip\ZigBeeStack\zNWK.c
                 __pa_140   0x008ea6    program     static F:\Microchip Solutions\ZigBee2006Res\microchip\ZigBeeStack\zAPS.c
                 __pa_141   0x0039fa    program     static F:\Microchip Solutions\ZigBee2006Res\microchip\ZigBeeStack\zNWK.c
                 __pa_141   0x006812    program     static F:\Microchip Solutions\ZigBee2006Res\microchip\ZigBeeStack\zZDO.C
                 __pa_141   0x008eb0    program     static F:\Microchip Solutions\ZigBee2006Res\microchip\ZigBeeStack\zAPS.c
                 __pa_142   0x003a02    program     static F:\Microchip Solutions\ZigBee2006Res\microchip\ZigBeeStack\zNWK.c
                 __pa_142   0x008eb8    program     static F:\Microchip Solutions\ZigBee2006Res\microchip\ZigBeeStack\zAPS.c
                 __pa_142   0x006818    program     static F:\Microchip Solutions\ZigBee2006Res\microchip\ZigBeeStack\zZDO.C
                 __pa_143   0x006824    program     static F:\Microchip Solutions\ZigBee2006Res\microchip\ZigBeeStack\zZDO.C
                 __pa_143   0x008ec0    program     static F:\Microchip Solutions\ZigBee2006Res\microchip\ZigBeeStack\zAPS.c
                 __pa_143   0x003a08    program     static F:\Microchip Solutions\ZigBee2006Res\microchip\ZigBeeStack\zNWK.c
                 __pa_144   0x008ec6    program     static F:\Microchip Solutions\ZigBee2006Res\microchip\ZigBeeStack\zAPS.c
                 __pa_144   0x003a28    program     static F:\Microchip Solutions\ZigBee2006Res\microchip\ZigBeeStack\zNWK.c
                 __pa_144   0x00682e    program     static F:\Microchip Solutions\ZigBee2006Res\microchip\ZigBeeStack\zZDO.C
                 __pa_145   0x003a2e    program     static F:\Microchip Solutions\ZigBee2006Res\microchip\ZigBeeStack\zNWK.c
                 __pa_145   0x008ed0    program     static F:\Microchip Solutions\ZigBee2006Res\microchip\ZigBeeStack\zAPS.c
                 __pa_145   0x006832    program     static F:\Microchip Solutions\ZigBee2006Res\microchip\ZigBeeStack\zZDO.C
                 __pa_146   0x003a34    program     static F:\Microchip Solutions\ZigBee2006Res\microchip\ZigBeeStack\zNWK.c
                 __pa_146   0x008ed8    program     static F:\Microchip Solutions\ZigBee2006Res\microchip\ZigBeeStack\zAPS.c
                 __pa_146   0x00683c    program     static F:\Microchip Solutions\ZigBee2006Res\microchip\ZigBeeStack\zZDO.C
                 __pa_147   0x008ee2    program     static F:\Microchip Solutions\ZigBee2006Res\microchip\ZigBeeStack\zAPS.c
                 __pa_147   0x003a46    program     static F:\Microchip Solutions\ZigBee2006Res\microchip\ZigBeeStack\zNWK.c
                 __pa_147   0x006842    program     static F:\Microchip Solutions\ZigBee2006Res\microchip\ZigBeeStack\zZDO.C
                 __pa_148   0x003a4c    program     static F:\Microchip Solutions\ZigBee2006Res\microchip\ZigBeeStack\zNWK.c
                 __pa_148   0x006848    program     static F:\Microchip Solutions\ZigBee2006Res\microchip\ZigBeeStack\zZDO.C
                 __pa_148   0x008eea    program     static F:\Microchip Solutions\ZigBee2006Res\microchip\ZigBeeStack\zAPS.c
                 __pa_149   0x003a58    program     static F:\Microchip Solutions\ZigBee2006Res\microchip\ZigBeeStack\zNWK.c
                 __pa_149   0x008efe    program     static F:\Microchip Solutions\ZigBee2006Res\microchip\ZigBeeStack\zAPS.c
                 __pa_149   0x00685a    program     static F:\Microchip Solutions\ZigBee2006Res\microchip\ZigBeeStack\zZDO.C
                  __pa_15   0x00b838    program     static F:\Microchip Solutions\ZigBee2006Res\DemoPIC18Coordinator\Coordinator.c
                  __pa_15   0x006152    program     static F:\Microchip Solutions\ZigBee2006Res\microchip\ZigBeeStack\zZDO.C
                  __pa_15   0x0033fe    program     static F:\Microchip Solutions\ZigBee2006Res\microchip\ZigBeeStack\zNWK.c
                  __pa_15   0x00a674    program     static F:\Microchip Solutions\ZigBee2006Res\microchip\ZigBeeStack\zMAC_MRF24J40.c
                  __pa_15   0x008900    program     static F:\Microchip Solutions\ZigBee2006Res\microchip\ZigBeeStack\zAPS.c
                 __pa_150   0x008f08    program     static F:\Microchip Solutions\ZigBee2006Res\microchip\ZigBeeStack\zAPS.c
                 __pa_150   0x006864    program     static F:\Microchip Solutions\ZigBee2006Res\microchip\ZigBeeStack\zZDO.C
                 __pa_150   0x003a60    program     static F:\Microchip Solutions\ZigBee2006Res\microchip\ZigBeeStack\zNWK.c
                 __pa_151   0x008f0e    program     static F:\Microchip Solutions\ZigBee2006Res\microchip\ZigBeeStack\zAPS.c
                 __pa_151   0x003a68    program     static F:\Microchip Solutions\ZigBee2006Res\microchip\ZigBeeStack\zNWK.c
                 __pa_151   0x00686e    program     static F:\Microchip Solutions\ZigBee2006Res\microchip\ZigBeeStack\zZDO.C
                 __pa_152   0x008f16    program     static F:\Microchip Solutions\ZigBee2006Res\microchip\ZigBeeStack\zAPS.c
                 __pa_152   0x003a74    program     static F:\Microchip Solutions\ZigBee2006Res\microchip\ZigBeeStack\zNWK.c
                 __pa_152   0x006874    program     static F:\Microchip Solutions\ZigBee2006Res\microchip\ZigBeeStack\zZDO.C
                 __pa_153   0x00687e    program     static F:\Microchip Solutions\ZigBee2006Res\microchip\ZigBeeStack\zZDO.C
                 __pa_153   0x003a7c    program     static F:\Microchip Solutions\ZigBee2006Res\microchip\ZigBeeStack\zNWK.c
                 __pa_153   0x008f1c    program     static F:\Microchip Solutions\ZigBee2006Res\microchip\ZigBeeStack\zAPS.c
                 __pa_154   0x003a84    program     static F:\Microchip Solutions\ZigBee2006Res\microchip\ZigBeeStack\zNWK.c
                 __pa_154   0x008f24    program     static F:\Microchip Solutions\ZigBee2006Res\microchip\ZigBeeStack\zAPS.c
                 __pa_154   0x00688e    program     static F:\Microchip Solutions\ZigBee2006Res\microchip\ZigBeeStack\zZDO.C
                 __pa_155   0x003a8c    program     static F:\Microchip Solutions\ZigBee2006Res\microchip\ZigBeeStack\zNWK.c
                 __pa_155   0x008f2c    program     static F:\Microchip Solutions\ZigBee2006Res\microchip\ZigBeeStack\zAPS.c
                 __pa_155   0x00689a    program     static F:\Microchip Solutions\ZigBee2006Res\microchip\ZigBeeStack\zZDO.C
                 __pa_156   0x003a94    program     static F:\Microchip Solutions\ZigBee2006Res\microchip\ZigBeeStack\zNWK.c
                 __pa_156   0x008f3e    program     static F:\Microchip Solutions\ZigBee2006Res\microchip\ZigBeeStack\zAPS.c
                 __pa_156   0x0068a4    program     static F:\Microchip Solutions\ZigBee2006Res\microchip\ZigBeeStack\zZDO.C
                 __pa_157   0x003a9c    program     static F:\Microchip Solutions\ZigBee2006Res\microchip\ZigBeeStack\zNWK.c
                 __pa_157   0x008f46    program     static F:\Microchip Solutions\ZigBee2006Res\microchip\ZigBeeStack\zAPS.c
                 __pa_157   0x0068ac    program     static F:\Microchip Solutions\ZigBee2006Res\microchip\ZigBeeStack\zZDO.C
                 __pa_158   0x003ab6    program     static F:\Microchip Solutions\ZigBee2006Res\microchip\ZigBeeStack\zNWK.c
                 __pa_158   0x0068b6    program     static F:\Microchip Solutions\ZigBee2006Res\microchip\ZigBeeStack\zZDO.C
                 __pa_158   0x008f4c    program     static F:\Microchip Solutions\ZigBee2006Res\microchip\ZigBeeStack\zAPS.c
                 __pa_159   0x008f58    program     static F:\Microchip Solutions\ZigBee2006Res\microchip\ZigBeeStack\zAPS.c
                 __pa_159   0x003ace    program     static F:\Microchip Solutions\ZigBee2006Res\microchip\ZigBeeStack\zNWK.c
                 __pa_159   0x0068c6    program     static F:\Microchip Solutions\ZigBee2006Res\microchip\ZigBeeStack\zZDO.C
                  __pa_16   0x00b842    program     static F:\Microchip Solutions\ZigBee2006Res\DemoPIC18Coordinator\Coordinator.c
                  __pa_16   0x00615e    program     static F:\Microchip Solutions\ZigBee2006Res\microchip\ZigBeeStack\zZDO.C
                  __pa_16   0x003406    program     static F:\Microchip Solutions\ZigBee2006Res\microchip\ZigBeeStack\zNWK.c
                  __pa_16   0x008912    program     static F:\Microchip Solutions\ZigBee2006Res\microchip\ZigBeeStack\zAPS.c
                  __pa_16   0x00a6a0    program     static F:\Microchip Solutions\ZigBee2006Res\microchip\ZigBeeStack\zMAC_MRF24J40.c
                 __pa_160   0x003ad6    program     static F:\Microchip Solutions\ZigBee2006Res\microchip\ZigBeeStack\zNWK.c
                 __pa_160   0x008f64    program     static F:\Microchip Solutions\ZigBee2006Res\microchip\ZigBeeStack\zAPS.c
                 __pa_160   0x0068ce    program     static F:\Microchip Solutions\ZigBee2006Res\microchip\ZigBeeStack\zZDO.C
                 __pa_161   0x008f6c    program     static F:\Microchip Solutions\ZigBee2006Res\microchip\ZigBeeStack\zAPS.c
                 __pa_161   0x0068e0    program     static F:\Microchip Solutions\ZigBee2006Res\microchip\ZigBeeStack\zZDO.C
                 __pa_161   0x003ae0    program     static F:\Microchip Solutions\ZigBee2006Res\microchip\ZigBeeStack\zNWK.c
                 __pa_162   0x003aea    program     static F:\Microchip Solutions\ZigBee2006Res\microchip\ZigBeeStack\zNWK.c
                 __pa_162   0x0068ee    program     static F:\Microchip Solutions\ZigBee2006Res\microchip\ZigBeeStack\zZDO.C
                 __pa_162   0x008f74    program     static F:\Microchip Solutions\ZigBee2006Res\microchip\ZigBeeStack\zAPS.c
                 __pa_163   0x0068fa    program     static F:\Microchip Solutions\ZigBee2006Res\microchip\ZigBeeStack\zZDO.C
                 __pa_163   0x003af2    program     static F:\Microchip Solutions\ZigBee2006Res\microchip\ZigBeeStack\zNWK.c
                 __pa_163   0x008f7c    program     static F:\Microchip Solutions\ZigBee2006Res\microchip\ZigBeeStack\zAPS.c
                 __pa_164   0x008f84    program     static F:\Microchip Solutions\ZigBee2006Res\microchip\ZigBeeStack\zAPS.c
                 __pa_164   0x003b00    program     static F:\Microchip Solutions\ZigBee2006Res\microchip\ZigBeeStack\zNWK.c
                 __pa_164   0x006906    program     static F:\Microchip Solutions\ZigBee2006Res\microchip\ZigBeeStack\zZDO.C
                 __pa_165   0x00690e    program     static F:\Microchip Solutions\ZigBee2006Res\microchip\ZigBeeStack\zZDO.C
                 __pa_165   0x003b06    program     static F:\Microchip Solutions\ZigBee2006Res\microchip\ZigBeeStack\zNWK.c
                 __pa_165   0x008f8e    program     static F:\Microchip Solutions\ZigBee2006Res\microchip\ZigBeeStack\zAPS.c
                 __pa_166   0x003b12    program     static F:\Microchip Solutions\ZigBee2006Res\microchip\ZigBeeStack\zNWK.c
                 __pa_166   0x008f94    program     static F:\Microchip Solutions\ZigBee2006Res\microchip\ZigBeeStack\zAPS.c
                 __pa_166   0x006914    program     static F:\Microchip Solutions\ZigBee2006Res\microchip\ZigBeeStack\zZDO.C
                 __pa_167   0x003b18    program     static F:\Microchip Solutions\ZigBee2006Res\microchip\ZigBeeStack\zNWK.c
                 __pa_167   0x008f9e    program     static F:\Microchip Solutions\ZigBee2006Res\microchip\ZigBeeStack\zAPS.c
                 __pa_167   0x00691e    program     static F:\Microchip Solutions\ZigBee2006Res\microchip\ZigBeeStack\zZDO.C
                 __pa_168   0x003b24    program     static F:\Microchip Solutions\ZigBee2006Res\microchip\ZigBeeStack\zNWK.c
                 __pa_168   0x008faa    program     static F:\Microchip Solutions\ZigBee2006Res\microchip\ZigBeeStack\zAPS.c
                 __pa_168   0x006926    program     static F:\Microchip Solutions\ZigBee2006Res\microchip\ZigBeeStack\zZDO.C
                 __pa_169   0x006932    program     static F:\Microchip Solutions\ZigBee2006Res\microchip\ZigBeeStack\zZDO.C
                 __pa_169   0x008fb6    program     static F:\Microchip Solutions\ZigBee2006Res\microchip\ZigBeeStack\zAPS.c
                 __pa_169   0x003b2c    program     static F:\Microchip Solutions\ZigBee2006Res\microchip\ZigBeeStack\zNWK.c
                  __pa_17   0x006168    program     static F:\Microchip Solutions\ZigBee2006Res\microchip\ZigBeeStack\zZDO.C
                  __pa_17   0x003434    program     static F:\Microchip Solutions\ZigBee2006Res\microchip\ZigBeeStack\zNWK.c
                  __pa_17   0x00b852    program     static F:\Microchip Solutions\ZigBee2006Res\DemoPIC18Coordinator\Coordinator.c
                  __pa_17   0x00a6b4    program     static F:\Microchip Solutions\ZigBee2006Res\microchip\ZigBeeStack\zMAC_MRF24J40.c
                  __pa_17   0x008924    program     static F:\Microchip Solutions\ZigBee2006Res\microchip\ZigBeeStack\zAPS.c
                 __pa_170   0x003b32    program     static F:\Microchip Solutions\ZigBee2006Res\microchip\ZigBeeStack\zNWK.c
                 __pa_170   0x008fc0    program     static F:\Microchip Solutions\ZigBee2006Res\microchip\ZigBeeStack\zAPS.c
                 __pa_170   0x00693e    program     static F:\Microchip Solutions\ZigBee2006Res\microchip\ZigBeeStack\zZDO.C
                 __pa_171   0x006944    program     static F:\Microchip Solutions\ZigBee2006Res\microchip\ZigBeeStack\zZDO.C
                 __pa_171   0x008fc6    program     static F:\Microchip Solutions\ZigBee2006Res\microchip\ZigBeeStack\zAPS.c
                 __pa_171   0x003b3a    program     static F:\Microchip Solutions\ZigBee2006Res\microchip\ZigBeeStack\zNWK.c
[...]
                    dAddr   0x000eb3       data     extern F:\Microchip Solutions\ZigBee2006Res\microchip\ZigBeeStack\zZDO.C
         simpleDescriptor   0x000eb5       data     extern F:\Microchip Solutions\ZigBee2006Res\microchip\ZigBeeStack\zZDO.C
            matchCluster1   0x000ee5       data     extern F:\Microchip Solutions\ZigBee2006Res\microchip\ZigBeeStack\zZDO.C
            matchCluster2   0x000ee7       data     extern F:\Microchip Solutions\ZigBee2006Res\microchip\ZigBeeStack\zZDO.C
                     prom   0x000ee9       data     static C:\MCC18\src\traditional\startup\c018i.c
                curr_byte   0x000eec       data     static C:\MCC18\src\traditional\startup\c018i.c
               curr_entry   0x000eee       data     static C:\MCC18\src\traditional\startup\c018i.c
                 data_ptr   0x000ef0       data     static C:\MCC18\src\traditional\startup\c018i.c
                PORTAbits   0x000f80       data     extern C:\MCC18\src\traditional\proc\p18F4620.asm
                    PORTA   0x000f80       data     extern C:\MCC18\src\traditional\proc\p18F4620.asm
                PORTBbits   0x000f81       data     extern C:\MCC18\src\traditional\proc\p18F4620.asm
                    PORTB   0x000f81       data     extern C:\MCC18\src\traditional\proc\p18F4620.asm
                    PORTC   0x000f82       data     extern C:\MCC18\src\traditional\proc\p18F4620.asm
                PORTCbits   0x000f82       data     extern C:\MCC18\src\traditional\proc\p18F4620.asm
                    PORTD   0x000f83       data     extern C:\MCC18\src\traditional\proc\p18F4620.asm
                PORTDbits   0x000f83       data     extern C:\MCC18\src\traditional\proc\p18F4620.asm
                PORTEbits   0x000f84       data     extern C:\MCC18\src\traditional\proc\p18F4620.asm
                    PORTE   0x000f84       data     extern C:\MCC18\src\traditional\proc\p18F4620.asm
                     LATA   0x000f89       data     extern C:\MCC18\src\traditional\proc\p18F4620.asm
                 LATAbits   0x000f89       data     extern C:\MCC18\src\traditional\proc\p18F4620.asm
                 LATBbits   0x000f8a       data     extern C:\MCC18\src\traditional\proc\p18F4620.asm
                     LATB   0x000f8a       data     extern C:\MCC18\src\traditional\proc\p18F4620.asm
                 LATCbits   0x000f8b       data     extern C:\MCC18\src\traditional\proc\p18F4620.asm
                     LATC   0x000f8b       data     extern C:\MCC18\src\traditional\proc\p18F4620.asm
                     LATD   0x000f8c       data     extern C:\MCC18\src\traditional\proc\p18F4620.asm
                 LATDbits   0x000f8c       data     extern C:\MCC18\src\traditional\proc\p18F4620.asm
                 LATEbits   0x000f8d       data     extern C:\MCC18\src\traditional\proc\p18F4620.asm
                     LATE   0x000f8d       data     extern C:\MCC18\src\traditional\proc\p18F4620.asm
                    TRISA   0x000f92       data     extern C:\MCC18\src\traditional\proc\p18F4620.asm
                TRISAbits   0x000f92       data     extern C:\MCC18\src\traditional\proc\p18F4620.asm
                     DDRA   0x000f92       data     extern C:\MCC18\src\traditional\proc\p18F4620.asm
                 DDRAbits   0x000f92       data     extern C:\MCC18\src\traditional\proc\p18F4620.asm
                    TRISB   0x000f93       data     extern C:\MCC18\src\traditional\proc\p18F4620.asm
                     DDRB   0x000f93       data     extern C:\MCC18\src\traditional\proc\p18F4620.asm
                 DDRBbits   0x000f93       data     extern C:\MCC18\src\traditional\proc\p18F4620.asm
                TRISBbits   0x000f93       data     extern C:\MCC18\src\traditional\proc\p18F4620.asm
                    TRISC   0x000f94       data     extern C:\MCC18\src\traditional\proc\p18F4620.asm
                TRISCbits   0x000f94       data     extern C:\MCC18\src\traditional\proc\p18F4620.asm
                 DDRCbits   0x000f94       data     extern C:\MCC18\src\traditional\proc\p18F4620.asm
                     DDRC   0x000f94       data     extern C:\MCC18\src\traditional\proc\p18F4620.asm
                TRISDbits   0x000f95       data     extern C:\MCC18\src\traditional\proc\p18F4620.asm
                    TRISD   0x000f95       data     extern C:\MCC18\src\traditional\proc\p18F4620.asm
                 DDRDbits   0x000f95       data     extern C:\MCC18\src\traditional\proc\p18F4620.asm
                     DDRD   0x000f95       data     extern C:\MCC18\src\traditional\proc\p18F4620.asm
                TRISEbits   0x000f96       data     extern C:\MCC18\src\traditional\proc\p18F4620.asm
                    TRISE   0x000f96       data     extern C:\MCC18\src\traditional\proc\p18F4620.asm
                 DDREbits   0x000f96       data     extern C:\MCC18\src\traditional\proc\p18F4620.asm
                     DDRE   0x000f96       data     extern C:\MCC18\src\traditional\proc\p18F4620.asm
              OSCTUNEbits   0x000f9b       data     extern C:\MCC18\src\traditional\proc\p18F4620.asm
                  OSCTUNE   0x000f9b       data     extern C:\MCC18\src\traditional\proc\p18F4620.asm
                 PIE1bits   0x000f9d       data     extern C:\MCC18\src\traditional\proc\p18F4620.asm
                     PIE1   0x000f9d       data     extern C:\MCC18\src\traditional\proc\p18F4620.asm
                 PIR1bits   0x000f9e       data     extern C:\MCC18\src\traditional\proc\p18F4620.asm
                     PIR1   0x000f9e       data     extern C:\MCC18\src\traditional\proc\p18F4620.asm
                     IPR1   0x000f9f       data     extern C:\MCC18\src\traditional\proc\p18F4620.asm
                 IPR1bits   0x000f9f       data     extern C:\MCC18\src\traditional\proc\p18F4620.asm
                     PIE2   0x000fa0       data     extern C:\MCC18\src\traditional\proc\p18F4620.asm
                 PIE2bits   0x000fa0       data     extern C:\MCC18\src\traditional\proc\p18F4620.asm
                 PIR2bits   0x000fa1       data     extern C:\MCC18\src\traditional\proc\p18F4620.asm
                     PIR2   0x000fa1       data     extern C:\MCC18\src\traditional\proc\p18F4620.asm
                     IPR2   0x000fa2       data     extern C:\MCC18\src\traditional\proc\p18F4620.asm
                 IPR2bits   0x000fa2       data     extern C:\MCC18\src\traditional\proc\p18F4620.asm
               EECON1bits   0x000fa6       data     extern C:\MCC18\src\traditional\proc\p18F4620.asm
                   EECON1   0x000fa6       data     extern C:\MCC18\src\traditional\proc\p18F4620.asm
                   EECON2   0x000fa7       data     extern C:\MCC18\src\traditional\proc\p18F4620.asm
                   EEDATA   0x000fa8       data     extern C:\MCC18\src\traditional\proc\p18F4620.asm
                    EEADR   0x000fa9       data     extern C:\MCC18\src\traditional\proc\p18F4620.asm
                   EEADRH   0x000faa       data     extern C:\MCC18\src\traditional\proc\p18F4620.asm
                    RCSTA   0x000fab       data     extern C:\MCC18\src\traditional\proc\p18F4620.asm
                RCSTAbits   0x000fab       data     extern C:\MCC18\src\traditional\proc\p18F4620.asm
                TXSTAbits   0x000fac       data     extern C:\MCC18\src\traditional\proc\p18F4620.asm
                    TXSTA   0x000fac       data     extern C:\MCC18\src\traditional\proc\p18F4620.asm
                    TXREG   0x000fad       data     extern C:\MCC18\src\traditional\proc\p18F4620.asm
                    RCREG   0x000fae       data     extern C:\MCC18\src\traditional\proc\p18F4620.asm
                    SPBRG   0x000faf       data     extern C:\MCC18\src\traditional\proc\p18F4620.asm
                   SPBRGH   0x000fb0       data     extern C:\MCC18\src\traditional\proc\p18F4620.asm
                    T3CON   0x000fb1       data     extern C:\MCC18\src\traditional\proc\p18F4620.asm
                T3CONbits   0x000fb1       data     extern C:\MCC18\src\traditional\proc\p18F4620.asm
                    TMR3L   0x000fb2       data     extern C:\MCC18\src\traditional\proc\p18F4620.asm
                    TMR3H   0x000fb3       data     extern C:\MCC18\src\traditional\proc\p18F4620.asm
                CMCONbits   0x000fb4       data     extern C:\MCC18\src\traditional\proc\p18F4620.asm
                    CMCON   0x000fb4       data     extern C:\MCC18\src\traditional\proc\p18F4620.asm
               CVRCONbits   0x000fb5       data     extern C:\MCC18\src\traditional\proc\p18F4620.asm
                   CVRCON   0x000fb5       data     extern C:\MCC18\src\traditional\proc\p18F4620.asm
              ECCP1ASbits   0x000fb6       data     extern C:\MCC18\src\traditional\proc\p18F4620.asm
                  ECCP1AS   0x000fb6       data     extern C:\MCC18\src\traditional\proc\p18F4620.asm
                  PWM1CON   0x000fb7       data     extern C:\MCC18\src\traditional\proc\p18F4620.asm
              PWM1CONbits   0x000fb7       data     extern C:\MCC18\src\traditional\proc\p18F4620.asm
                  BAUDCON   0x000fb8       data     extern C:\MCC18\src\traditional\proc\p18F4620.asm
              BAUDCONbits   0x000fb8       data     extern C:\MCC18\src\traditional\proc\p18F4620.asm
                  BAUDCTL   0x000fb8       data     extern C:\MCC18\src\traditional\proc\p18F4620.asm
              BAUDCTLbits   0x000fb8       data     extern C:\MCC18\src\traditional\proc\p18F4620.asm
                  CCP2CON   0x000fba       data     extern C:\MCC18\src\traditional\proc\p18F4620.asm
              CCP2CONbits   0x000fba       data     extern C:\MCC18\src\traditional\proc\p18F4620.asm
                   CCPR2L   0x000fbb       data     extern C:\MCC18\src\traditional\proc\p18F4620.asm
                    CCPR2   0x000fbb       data     extern C:\MCC18\src\traditional\proc\p18F4620.asm
                   CCPR2H   0x000fbc       data     extern C:\MCC18\src\traditional\proc\p18F4620.asm
              CCP1CONbits   0x000fbd       data     extern C:\MCC18\src\traditional\proc\p18F4620.asm
                  CCP1CON   0x000fbd       data     extern C:\MCC18\src\traditional\proc\p18F4620.asm
                    CCPR1   0x000fbe       data     extern C:\MCC18\src\traditional\proc\p18F4620.asm
                   CCPR1L   0x000fbe       data     extern C:\MCC18\src\traditional\proc\p18F4620.asm
                   CCPR1H   0x000fbf       data     extern C:\MCC18\src\traditional\proc\p18F4620.asm
               ADCON2bits   0x000fc0       data     extern C:\MCC18\src\traditional\proc\p18F4620.asm
                   ADCON2   0x000fc0       data     extern C:\MCC18\src\traditional\proc\p18F4620.asm
               ADCON1bits   0x000fc1       data     extern C:\MCC18\src\traditional\proc\p18F4620.asm
                   ADCON1   0x000fc1       data     extern C:\MCC18\src\traditional\proc\p18F4620.asm
                   ADCON0   0x000fc2       data     extern C:\MCC18\src\traditional\proc\p18F4620.asm
               ADCON0bits   0x000fc2       data     extern C:\MCC18\src\traditional\proc\p18F4620.asm
                    ADRES   0x000fc3       data     extern C:\MCC18\src\traditional\proc\p18F4620.asm
                   ADRESL   0x000fc3       data     extern C:\MCC18\src\traditional\proc\p18F4620.asm
                   ADRESH   0x000fc4       data     extern C:\MCC18\src\traditional\proc\p18F4620.asm
                  SSPCON2   0x000fc5       data     extern C:\MCC18\src\traditional\proc\p18F4620.asm
              SSPCON2bits   0x000fc5       data     extern C:\MCC18\src\traditional\proc\p18F4620.asm
                  SSPCON1   0x000fc6       data     extern C:\MCC18\src\traditional\proc\p18F4620.asm
              SSPCON1bits   0x000fc6       data     extern C:\MCC18\src\traditional\proc\p18F4620.asm
                  SSPSTAT   0x000fc7       data     extern C:\MCC18\src\traditional\proc\p18F4620.asm
              SSPSTATbits   0x000fc7       data     extern C:\MCC18\src\traditional\proc\p18F4620.asm
                   SSPADD   0x000fc8       data     extern C:\MCC18\src\traditional\proc\p18F4620.asm
                   SSPBUF   0x000fc9       data     extern C:\MCC18\src\traditional\proc\p18F4620.asm
                    T2CON   0x000fca       data     extern C:\MCC18\src\traditional\proc\p18F4620.asm
                T2CONbits   0x000fca       data     extern C:\MCC18\src\traditional\proc\p18F4620.asm
                      PR2   0x000fcb       data     extern C:\MCC18\src\traditional\proc\p18F4620.asm
                     TMR2   0x000fcc       data     extern C:\MCC18\src\traditional\proc\p18F4620.asm
                T1CONbits   0x000fcd       data     extern C:\MCC18\src\traditional\proc\p18F4620.asm
                    T1CON   0x000fcd       data     extern C:\MCC18\src\traditional\proc\p18F4620.asm
                    TMR1L   0x000fce       data     extern C:\MCC18\src\traditional\proc\p18F4620.asm
                    TMR1H   0x000fcf       data     extern C:\MCC18\src\traditional\proc\p18F4620.asm
                     RCON   0x000fd0       data     extern C:\MCC18\src\traditional\proc\p18F4620.asm
                 RCONbits   0x000fd0       data     extern C:\MCC18\src\traditional\proc\p18F4620.asm
               WDTCONbits   0x000fd1       data     extern C:\MCC18\src\traditional\proc\p18F4620.asm
                   WDTCON   0x000fd1       data     extern C:\MCC18\src\traditional\proc\p18F4620.asm
               LVDCONbits   0x000fd2       data     extern C:\MCC18\src\traditional\proc\p18F4620.asm
                   LVDCON   0x000fd2       data     extern C:\MCC18\src\traditional\proc\p18F4620.asm
              HLVDCONbits   0x000fd2       data     extern C:\MCC18\src\traditional\proc\p18F4620.asm
                  HLVDCON   0x000fd2       data     extern C:\MCC18\src\traditional\proc\p18F4620.asm
               OSCCONbits   0x000fd3       data     extern C:\MCC18\src\traditional\proc\p18F4620.asm
                   OSCCON   0x000fd3       data     extern C:\MCC18\src\traditional\proc\p18F4620.asm
                    DEBUG   0x000fd4       data     extern C:\MCC18\src\traditional\proc\p18F4620.asm
                T0CONbits   0x000fd5       data     extern C:\MCC18\src\traditional\proc\p18F4620.asm
                    T0CON   0x000fd5       data     extern C:\MCC18\src\traditional\proc\p18F4620.asm
                    TMR0L   0x000fd6       data     extern C:\MCC18\src\traditional\proc\p18F4620.asm
                    TMR0H   0x000fd7       data     extern C:\MCC18\src\traditional\proc\p18F4620.asm
                   STATUS   0x000fd8       data     extern C:\MCC18\src\traditional\proc\p18F4620.asm
               STATUSbits   0x000fd8       data     extern C:\MCC18\src\traditional\proc\p18F4620.asm
                     FSR2   0x000fd9       data     extern C:\MCC18\src\traditional\proc\p18F4620.asm
                    FSR2L   0x000fd9       data     extern C:\MCC18\src\traditional\proc\p18F4620.asm
                    FSR2H   0x000fda       data     extern C:\MCC18\src\traditional\proc\p18F4620.asm
                   PLUSW2   0x000fdb       data     extern C:\MCC18\src\traditional\proc\p18F4620.asm
                  PREINC2   0x000fdc       data     extern C:\MCC18\src\traditional\proc\p18F4620.asm
                 POSTDEC2   0x000fdd       data     extern C:\MCC18\src\traditional\proc\p18F4620.asm
                 POSTINC2   0x000fde       data     extern C:\MCC18\src\traditional\proc\p18F4620.asm
                    INDF2   0x000fdf       data     extern C:\MCC18\src\traditional\proc\p18F4620.asm
                      BSR   0x000fe0       data     extern C:\MCC18\src\traditional\proc\p18F4620.asm
                    FSR1L   0x000fe1       data     extern C:\MCC18\src\traditional\proc\p18F4620.asm
                     FSR1   0x000fe1       data     extern C:\MCC18\src\traditional\proc\p18F4620.asm
                    FSR1H   0x000fe2       data     extern C:\MCC18\src\traditional\proc\p18F4620.asm
                   PLUSW1   0x000fe3       data     extern C:\MCC18\src\traditional\proc\p18F4620.asm
                  PREINC1   0x000fe4       data     extern C:\MCC18\src\traditional\proc\p18F4620.asm
                 POSTDEC1   0x000fe5       data     extern C:\MCC18\src\traditional\proc\p18F4620.asm
                 POSTINC1   0x000fe6       data     extern C:\MCC18\src\traditional\proc\p18F4620.asm
                    INDF1   0x000fe7       data     extern C:\MCC18\src\traditional\proc\p18F4620.asm
                        W   0x000fe8       data     extern C:\MCC18\src\traditional\proc\p18F4620.asm
                     WREG   0x000fe8       data     extern C:\MCC18\src\traditional\proc\p18F4620.asm
                    FSR0L   0x000fe9       data     extern C:\MCC18\src\traditional\proc\p18F4620.asm
                     FSR0   0x000fe9       data     extern C:\MCC18\src\traditional\proc\p18F4620.asm
                    FSR0H   0x000fea       data     extern C:\MCC18\src\traditional\proc\p18F4620.asm
                   PLUSW0   0x000feb       data     extern C:\MCC18\src\traditional\proc\p18F4620.asm
                  PREINC0   0x000fec       data     extern C:\MCC18\src\traditional\proc\p18F4620.asm
                 POSTDEC0   0x000fed       data     extern C:\MCC18\src\traditional\proc\p18F4620.asm
                 POSTINC0   0x000fee       data     extern C:\MCC18\src\traditional\proc\p18F4620.asm
                    INDF0   0x000fef       data     extern C:\MCC18\src\traditional\proc\p18F4620.asm
              INTCON3bits   0x000ff0       data     extern C:\MCC18\src\traditional\proc\p18F4620.asm
                  INTCON3   0x000ff0       data     extern C:\MCC18\src\traditional\proc\p18F4620.asm
              INTCON2bits   0x000ff1       data     extern C:\MCC18\src\traditional\proc\p18F4620.asm
                  INTCON2   0x000ff1       data     extern C:\MCC18\src\traditional\proc\p18F4620.asm
                   INTCON   0x000ff2       data     extern C:\MCC18\src\traditional\proc\p18F4620.asm
               INTCONbits   0x000ff2       data     extern C:\MCC18\src\traditional\proc\p18F4620.asm
                     PROD   0x000ff3       data     extern C:\MCC18\src\traditional\proc\p18F4620.asm
                    PRODL   0x000ff3       data     extern C:\MCC18\src\traditional\proc\p18F4620.asm
                    PRODH   0x000ff4       data     extern C:\MCC18\src\traditional\proc\p18F4620.asm
                   TABLAT   0x000ff5       data     extern C:\MCC18\src\traditional\proc\p18F4620.asm
                  TBLPTRL   0x000ff6       data     extern C:\MCC18\src\traditional\proc\p18F4620.asm
                   TBLPTR   0x000ff6       data     extern C:\MCC18\src\traditional\proc\p18F4620.asm
                  TBLPTRH   0x000ff7       data     extern C:\MCC18\src\traditional\proc\p18F4620.asm
                  TBLPTRU   0x000ff8       data     extern C:\MCC18\src\traditional\proc\p18F4620.asm
                      PCL   0x000ff9       data     extern C:\MCC18\src\traditional\proc\p18F4620.asm
                       PC   0x000ff9       data     extern C:\MCC18\src\traditional\proc\p18F4620.asm
                   PCLATH   0x000ffa       data     extern C:\MCC18\src\traditional\proc\p18F4620.asm
                   PCLATU   0x000ffb       data     extern C:\MCC18\src\traditional\proc\p18F4620.asm
                   STKPTR   0x000ffc       data     extern C:\MCC18\src\traditional\proc\p18F4620.asm
               STKPTRbits   0x000ffc       data     extern C:\MCC18\src\traditional\proc\p18F4620.asm
                      TOS   0x000ffd       data     extern C:\MCC18\src\traditional\proc\p18F4620.asm
                     TOSL   0x000ffd       data     extern C:\MCC18\src\traditional\proc\p18F4620.asm
                     TOSH   0x000ffe       data     extern C:\MCC18\src\traditional\proc\p18F4620.asm
                     TOSU   0x000fff       data     extern C:\MCC18\src\traditional\proc\p18F4620.asm


